Component: Arm Compiler for Embedded 6.22 Tool: armlink [5ee90200]

==============================================================================

Section Cross References

    mode_utils.o(.text.reportState) refers to mode_utils_asm.o(mode_utils) for getPSR
    mode_utils.o(.text.reportState) refers to mode_utils.o(.rodata.str1.1) for .L.str
    mode_utils.o(.text.reportState) refers to strcpy.o(.text) for strcpy
    mode_utils.o(.text.reportState) refers to printf.o(.text) for printf
    mode_utils.o(.ARM.exidx.text.reportState) refers to mode_utils.o(.text.reportState) for [Anonymous Symbol]
    main.o(.text.main) refers to utils.o(.text.configClock) for configClock
    main.o(.text.main) refers to utils.o(.text.configUSART2) for configUSART2
    main.o(.text.main) refers to tasks.o(.text.initialiseOSResources) for initialiseOSResources
    main.o(.text.main) refers to main.o(.bss.main.stack1) for main.stack1
    main.o(.text.main) refers to main.o(.bss.main.TCB1) for main.TCB1
    main.o(.text.main) refers to tasks.o(.text.veryHighPriorityTask) for veryHighPriorityTask
    main.o(.text.main) refers to scheduler.o(.text.OS_initialiseTCB) for OS_initialiseTCB
    main.o(.text.main) refers to main.o(.bss.main.stack3) for main.stack3
    main.o(.text.main) refers to main.o(.data.main.TCB3) for main.TCB3
    main.o(.text.main) refers to tasks.o(.text.greedyTask) for greedyTask
    main.o(.text.main) refers to main.o(.bss.main.stack4) for main.stack4
    main.o(.text.main) refers to main.o(.data.main.TCB4) for main.TCB4
    main.o(.text.main) refers to tasks.o(.text.chattyTask) for chattyTask
    main.o(.text.main) refers to main.o(.bss.main.stack5) for main.stack5
    main.o(.text.main) refers to main.o(.data.main.TCB5) for main.TCB5
    main.o(.text.main) refers to tasks.o(.text.listeningTask) for listeningTask
    main.o(.text.main) refers to main.o(.bss.main.stack6) for main.stack6
    main.o(.text.main) refers to main.o(.data.main.TCB6) for main.TCB6
    main.o(.text.main) refers to tasks.o(.text.lowPriorityTask) for lowPriorityTask
    main.o(.text.main) refers to main.o(.bss.main.stack2) for main.stack2
    main.o(.text.main) refers to main.o(.bss.main.TCB2) for main.TCB2
    main.o(.text.main) refers to tasks.o(.text.sleepTest1) for sleepTest1
    main.o(.text.main) refers to scheduler.o(.text.OS_addTask) for OS_addTask
    main.o(.text.main) refers to os.o(.text.OS_start) for OS_start
    main.o(.ARM.exidx.text.main) refers to main.o(.text.main) for [Anonymous Symbol]
    tasks.o(.text.initialiseOSResources) refers to tasks.o(.bss.pool) for pool
    tasks.o(.text.initialiseOSResources) refers to mempool.o(.text.pool_init) for pool_init
    tasks.o(.text.initialiseOSResources) refers to queue.o(.text.OS_initCommsQueue) for OS_initCommsQueue
    tasks.o(.text.initialiseOSResources) refers to tasks.o(.rodata.str1.1) for .L.str
    tasks.o(.text.initialiseOSResources) refers to printf.o(.text) for printf
    tasks.o(.ARM.exidx.text.initialiseOSResources) refers to tasks.o(.text.initialiseOSResources) for [Anonymous Symbol]
    tasks.o(.text.sleepTest1) refers to tasks.o(.bss.sleepID) for sleepID
    tasks.o(.text.sleepTest1) refers to tasks.o(.bss.mutex_p0) for mutex_p0
    tasks.o(.text.sleepTest1) refers to mutex.o(.text.OS_mutex_acquire) for OS_mutex_acquire
    tasks.o(.text.sleepTest1) refers to tasks.o(.rodata.str1.1) for .L.str.1
    tasks.o(.text.sleepTest1) refers to printf.o(.text) for printf
    tasks.o(.text.sleepTest1) refers to os.o(.text.OS_elapsedTicks) for OS_elapsedTicks
    tasks.o(.text.sleepTest1) refers to mutex.o(.text.OS_mutex_release) for OS_mutex_release
    tasks.o(.text.sleepTest1) refers to sleep.o(.text.OS_sleep) for OS_sleep
    tasks.o(.ARM.exidx.text.sleepTest1) refers to tasks.o(.text.sleepTest1) for [Anonymous Symbol]
    tasks.o(.text.sleepTest2) refers to tasks.o(.bss.sleepID) for sleepID
    tasks.o(.text.sleepTest2) refers to tasks.o(.bss.mutex_p1) for mutex_p1
    tasks.o(.text.sleepTest2) refers to mutex.o(.text.OS_mutex_acquire) for OS_mutex_acquire
    tasks.o(.text.sleepTest2) refers to tasks.o(.rodata.str1.1) for .L.str.4
    tasks.o(.text.sleepTest2) refers to printf.o(.text) for printf
    tasks.o(.text.sleepTest2) refers to os.o(.text.OS_elapsedTicks) for OS_elapsedTicks
    tasks.o(.text.sleepTest2) refers to mutex.o(.text.OS_mutex_release) for OS_mutex_release
    tasks.o(.text.sleepTest2) refers to sleep.o(.text.OS_sleep) for OS_sleep
    tasks.o(.ARM.exidx.text.sleepTest2) refers to tasks.o(.text.sleepTest2) for [Anonymous Symbol]
    tasks.o(.text.chattyTask) refers to sleep.o(.text.OS_sleep) for OS_sleep
    tasks.o(.text.chattyTask) refers to rand.o(.emb_text) for rand
    tasks.o(.text.chattyTask) refers to tasks.o(.bss.pool) for pool
    tasks.o(.text.chattyTask) refers to mempool.o(.text.pool_allocate) for pool_allocate
    tasks.o(.text.chattyTask) refers to tasks.o(.rodata.str1.1) for .L.str.5
[...]
    pending_list                             0x2000104c   Data           8  scheduler.o(.bss.pending_list)
    [Anonymous Symbol]                       0x2000104c   Section        0  scheduler.o(.bss.pending_list)
    pool                                     0x20001054   Data           8  tasks.o(.bss.pool)
    [Anonymous Symbol]                       0x20001054   Section        0  tasks.o(.bss.pool)
    pool_init.blocksFree                     0x2000105c   Data           4  mempool.o(.bss.pool_init.blocksFree)
    [Anonymous Symbol]                       0x2000105c   Section        0  mempool.o(.bss.pool_init.blocksFree)
    schedule                                 0x20001060   Data          20  scheduler.o(.bss.schedule)
    [Anonymous Symbol]                       0x20001060   Section        0  scheduler.o(.bss.schedule)
    sleepID                                  0x20001074   Data           4  tasks.o(.bss.sleepID)
    [Anonymous Symbol]                       0x20001074   Section        0  tasks.o(.bss.sleepID)
    sleep_counter                            0x20001078   Data           4  scheduler.o(.bss.sleep_counter)
    [Anonymous Symbol]                       0x20001078   Section        0  scheduler.o(.bss.sleep_counter)
    spaces_left                              0x2000107c   Data           4  queue.o(.bss.spaces_left)
    [Anonymous Symbol]                       0x2000107c   Section        0  queue.o(.bss.spaces_left)
    static_pool                              0x20001080   Data       16348  mempool.o(.bss.static_pool)
    [Anonymous Symbol]                       0x20001080   Section        0  mempool.o(.bss.static_pool)
    static_pool                              0x20005060   Data       16384  static_alloc.o(.bss.static_pool)
    [Anonymous Symbol]                       0x20005060   Section        0  static_alloc.o(.bss.static_pool)
    store                                    0x20009060   Data          80  scheduler.o(.bss.store)
    [Anonymous Symbol]                       0x20009060   Section        0  scheduler.o(.bss.store)
    wait_list                                0x200090b0   Data           8  scheduler.o(.bss.wait_list)
    [Anonymous Symbol]                       0x200090b0   Section        0  scheduler.o(.bss.wait_list)
    Heap_Mem                                 0x200090b8   Data         512  startup_stm32f407xx.o(HEAP)
    HEAP                                     0x200090b8   Section      512  startup_stm32f407xx.o(HEAP)
    Stack_Mem                                0x200092b8   Data        1024  startup_stm32f407xx.o(STACK)
    STACK                                    0x200092b8   Section     1024  startup_stm32f407xx.o(STACK)
    __initial_sp                             0x200096b8   Data           0  startup_stm32f407xx.o(STACK)

    Global Symbols

    Symbol Name                              Value     Ov Type        Size  Object(Section)

    BuildAttributes$$THM_ISAv4$E$P$D$K$B$S$7EM$PE$A:L22UL41UL21$X:L11$S22US41US21$IEEE1$IW$~IW$USESV6$~STKCKD$USESV7$~SHL$OTIME$ROPI$IEEEJ$EBA8$UX$STANDARDLIB$REQ8$PRES8$EABIv2 0x00000000   Number         0  anon$$obj.o ABSOLUTE
    __fp_init_empty                          0x00000000   Number         0  fpinit_empty.o ABSOLUTE
    _printf_flags                            0x00000000   Number         0  printf_stubs.o ABSOLUTE
    _printf_return_value                     0x00000000   Number         0  printf_stubs.o ABSOLUTE
    _printf_sizespec                         0x00000000   Number         0  printf_stubs.o ABSOLUTE
    _printf_widthprec                        0x00000000   Number         0  printf_stubs.o ABSOLUTE
    __ARM_exceptions_init                     - Undefined Weak Reference
    __alloca_initialize                       - Undefined Weak Reference
    __arm_preinit_                            - Undefined Weak Reference
    __arm_relocate_pie_                       - Undefined Weak Reference
    __cpp_initialize__aeabi_                  - Undefined Weak Reference
    __cxa_finalize                            - Undefined Weak Reference
    __sigvec_lookup                           - Undefined Weak Reference
    __user_heap_extent                        - Undefined Weak Reference
    _atexit_init                              - Undefined Weak Reference
    _call_atexit_fns                          - Undefined Weak Reference
    _clock_init                               - Undefined Weak Reference
    _fp_trap_init                             - Undefined Weak Reference
    _fp_trap_shutdown                         - Undefined Weak Reference
    _get_lc_collate                           - Undefined Weak Reference
    _get_lc_monetary                          - Undefined Weak Reference
    _get_lc_time                              - Undefined Weak Reference
    _getenv_init                              - Undefined Weak Reference
    _handle_redirection                       - Undefined Weak Reference
    _mutex_acquire                            - Undefined Weak Reference
    _mutex_free                               - Undefined Weak Reference
    _mutex_release                            - Undefined Weak Reference
    _printf_mbtowc                            - Undefined Weak Reference
    _printf_wc                                - Undefined Weak Reference
    _signal_finish                            - Undefined Weak Reference
    _signal_init                              - Undefined Weak Reference
    __Vectors_Size                           0x00000188   Number         0  startup_stm32f407xx.o ABSOLUTE
    __Vectors                                0x08000000   Data           4  startup_stm32f407xx.o(RESET)
    __Vectors_End                            0x08000188   Data           0  startup_stm32f407xx.o(RESET)
    __main                                   0x08000189   Thumb Code     8  __main.o(!!!main)
    __scatterload                            0x08000191   Thumb Code     0  __scatter.o(!!!scatter)
    __scatterload_rt2                        0x08000191   Thumb Code    84  __scatter.o(!!!scatter)
    __scatterload_rt2_thumb_only             0x08000191   Thumb Code     0  __scatter.o(!!!scatter)
    __scatterload_loop                       0x0800019b   Thumb Code     0  __scatter.o(!!!scatter)
    __scatterload_copy                       0x080001ed   Thumb Code    26  __scatter_copy.o(!!handler_copy)
    __scatterload_null                       0x08000209   Thumb Code     2  __scatter.o(!!handler_null)
    __scatterload_zeroinit                   0x0800020d   Thumb Code    28  __scatter_zi.o(!!handler_zi)
    _printf_n                                0x08000229   Thumb Code     0  _printf_n.o(.ARM.Collect$$_printf_percent$$00000001)
    _printf_percent                          0x08000229   Thumb Code     0  _printf_percent.o(.ARM.Collect$$_printf_percent$$00000000)
    _printf_p                                0x0800022f   Thumb Code     0  _printf_p.o(.ARM.Collect$$_printf_percent$$00000002)
    _printf_f                                0x08000235   Thumb Code     0  _printf_f.o(.ARM.Collect$$_printf_percent$$00000003)
    _printf_e                                0x0800023b   Thumb Code     0  _printf_e.o(.ARM.Collect$$_printf_percent$$00000004)
    _printf_g                                0x08000241   Thumb Code     0  _printf_g.o(.ARM.Collect$$_printf_percent$$00000005)
    _printf_a                                0x08000247   Thumb Code     0  _printf_a.o(.ARM.Collect$$_printf_percent$$00000006)
    _printf_ll                               0x0800024d   Thumb Code     0  _printf_ll.o(.ARM.Collect$$_printf_percent$$00000007)
    _printf_i                                0x08000257   Thumb Code     0  _printf_i.o(.ARM.Collect$$_printf_percent$$00000008)
    _printf_d                                0x0800025d   Thumb Code     0  _printf_d.o(.ARM.Collect$$_printf_percent$$00000009)
    _printf_u                                0x08000263   Thumb Code     0  _printf_u.o(.ARM.Collect$$_printf_percent$$0000000A)
    _printf_o                                0x08000269   Thumb Code     0  _printf_o.o(.ARM.Collect$$_printf_percent$$0000000B)
    _printf_x                                0x0800026f   Thumb Code     0  _printf_x.o(.ARM.Collect$$_printf_percent$$0000000C)
    _printf_lli                              0x08000275   Thumb Code     0  _printf_lli.o(.ARM.Collect$$_printf_percent$$0000000D)
    _printf_lld                              0x0800027b   Thumb Code     0  _printf_lld.o(.ARM.Collect$$_printf_percent$$0000000E)
    _printf_llu                              0x08000281   Thumb Code     0  _printf_llu.o(.ARM.Collect$$_printf_percent$$0000000F)
    _printf_llo                              0x08000287   Thumb Code     0  _printf_llo.o(.ARM.Collect$$_printf_percent$$00000010)
    _printf_llx                              0x0800028d   Thumb Code     0  _printf_llx.o(.ARM.Collect$$_printf_percent$$00000011)
    _printf_l                                0x08000293   Thumb Code     0  _printf_l.o(.ARM.Collect$$_printf_percent$$00000012)
    _printf_c                                0x0800029d   Thumb Code     0  _printf_c.o(.ARM.Collect$$_printf_percent$$00000013)
    _printf_s                                0x080002a3   Thumb Code     0  _printf_s.o(.ARM.Collect$$_printf_percent$$00000014)
    _printf_lc                               0x080002a9   Thumb Code     0  _printf_lc.o(.ARM.Collect$$_printf_percent$$00000015)
    _printf_ls                               0x080002af   Thumb Code     0  _printf_ls.o(.ARM.Collect$$_printf_percent$$00000016)
    _printf_percent_end                      0x080002b5   Thumb Code     0  _printf_percent_end.o(.ARM.Collect$$_printf_percent$$00000017)
    __rt_lib_init                            0x080002b9   Thumb Code     0  libinit.o(.ARM.Collect$$libinit$$00000000)
    __rt_lib_init_fp_1                       0x080002bb   Thumb Code     0  libinit2.o(.ARM.Collect$$libinit$$00000002)
    __rt_lib_init_heap_2                     0x080002bb   Thumb Code     0  libinit2.o(.ARM.Collect$$libinit$$00000007)
    __rt_lib_init_preinit_1                  0x080002bb   Thumb Code     0  libinit2.o(.ARM.Collect$$libinit$$00000006)
    __rt_lib_init_relocate_pie_1             0x080002bb   Thumb Code     0  libinit2.o(.ARM.Collect$$libinit$$00000004)
    __rt_lib_init_heap_1                     0x080002c3   Thumb Code     0  libinit2.o(.ARM.Collect$$libinit$$0000000C)
    __rt_lib_init_rand_2                     0x080002c3   Thumb Code     0  libinit2.o(.ARM.Collect$$libinit$$0000000F)
    __rt_lib_init_user_alloc_1               0x080002c3   Thumb Code     0  libinit2.o(.ARM.Collect$$libinit$$0000000E)
    __rt_lib_init_lc_common                  0x080002c7   Thumb Code     0  libinit2.o(.ARM.Collect$$libinit$$00000011)
    __rt_lib_init_rand_1                     0x080002c7   Thumb Code     0  libinit2.o(.ARM.Collect$$libinit$$00000010)
    __rt_lib_init_lc_collate_1               0x080002cd   Thumb Code     0  libinit2.o(.ARM.Collect$$libinit$$00000013)
    __rt_lib_init_lc_ctype_2                 0x080002cd   Thumb Code     0  libinit2.o(.ARM.Collect$$libinit$$00000014)
    __rt_lib_init_lc_ctype_1                 0x080002d9   Thumb Code     0  libinit2.o(.ARM.Collect$$libinit$$00000015)
    __rt_lib_init_lc_monetary_1              0x080002d9   Thumb Code     0  libinit2.o(.ARM.Collect$$libinit$$00000017)
    __rt_lib_init_lc_numeric_2               0x080002d9   Thumb Code     0  libinit2.o(.ARM.Collect$$libinit$$00000018)
    __rt_lib_init_atexit_1                   0x080002e3   Thumb Code     0  libinit2.o(.ARM.Collect$$libinit$$0000001D)
    __rt_lib_init_clock_1                    0x080002e3   Thumb Code     0  libinit2.o(.ARM.Collect$$libinit$$00000023)
    __rt_lib_init_fp_trap_1                  0x080002e3   Thumb Code     0  libinit2.o(.ARM.Collect$$libinit$$00000021)
    __rt_lib_init_getenv_1                   0x080002e3   Thumb Code     0  libinit2.o(.ARM.Collect$$libinit$$00000025)
    __rt_lib_init_lc_numeric_1               0x080002e3   Thumb Code     0  libinit2.o(.ARM.Collect$$libinit$$00000019)
    __rt_lib_init_lc_time_1                  0x080002e3   Thumb Code     0  libinit2.o(.ARM.Collect$$libinit$$0000001B)
    __rt_lib_init_signal_1                   0x080002e3   Thumb Code     0  libinit2.o(.ARM.Collect$$libinit$$0000001F)
    __rt_lib_init_stdio_2                    0x080002e3   Thumb Code     0  libinit2.o(.ARM.Collect$$libinit$$00000026)
    __rt_lib_init_alloca_1                   0x080002e7   Thumb Code     0  libinit2.o(.ARM.Collect$$libinit$$00000030)
    __rt_lib_init_argv_1                     0x080002e7   Thumb Code     0  libinit2.o(.ARM.Collect$$libinit$$0000002E)
    __rt_lib_init_cpp_1                      0x080002e7   Thumb Code     0  libinit2.o(.ARM.Collect$$libinit$$00000034)
    __rt_lib_init_exceptions_1               0x080002e7   Thumb Code     0  libinit2.o(.ARM.Collect$$libinit$$00000032)
    __rt_lib_init_return                     0x080002e7   Thumb Code     0  libinit2.o(.ARM.Collect$$libinit$$00000035)
    __rt_lib_init_stdio_1                    0x080002e7   Thumb Code     0  libinit2.o(.ARM.Collect$$libinit$$00000027)
    __rt_lib_shutdown                        0x080002e9   Thumb Code     0  libshutdown.o(.ARM.Collect$$libshutdown$$00000000)
    __rt_lib_shutdown_cpp_1                  0x080002eb   Thumb Code     0  libshutdown2.o(.ARM.Collect$$libshutdown$$00000002)
    __rt_lib_shutdown_stdio_2                0x080002eb   Thumb Code     0  libshutdown2.o(.ARM.Collect$$libshutdown$$00000003)
    __rt_lib_shutdown_fp_trap_1              0x080002ef   Thumb Code     0  libshutdown2.o(.ARM.Collect$$libshutdown$$00000007)
    __rt_lib_shutdown_heap_1                 0x080002ef   Thumb Code     0  libshutdown2.o(.ARM.Collect$$libshutdown$$0000000F)
    __rt_lib_shutdown_return                 0x080002ef   Thumb Code     0  libshutdown2.o(.ARM.Collect$$libshutdown$$00000010)
    __rt_lib_shutdown_signal_1               0x080002ef   Thumb Code     0  libshutdown2.o(.ARM.Collect$$libshutdown$$0000000A)
    __rt_lib_shutdown_stdio_1                0x080002ef   Thumb Code     0  libshutdown2.o(.ARM.Collect$$libshutdown$$00000004)
    __rt_lib_shutdown_user_alloc_1           0x080002ef   Thumb Code     0  libshutdown2.o(.ARM.Collect$$libshutdown$$0000000C)
    __rt_entry                               0x080002f1   Thumb Code     0  __rtentry.o(.ARM.Collect$$rtentry$$00000000)
    __rt_entry_presh_1                       0x080002f1   Thumb Code     0  __rtentry2.o(.ARM.Collect$$rtentry$$00000002)
    __rt_entry_sh                            0x080002f1   Thumb Code     0  __rtentry4.o(.ARM.Collect$$rtentry$$00000004)
    __rt_entry_li                            0x080002f7   Thumb Code     0  __rtentry2.o(.ARM.Collect$$rtentry$$0000000A)
    __rt_entry_postsh_1                      0x080002f7   Thumb Code     0  __rtentry2.o(.ARM.Collect$$rtentry$$00000009)
    __rt_entry_main                          0x080002fb   Thumb Code     0  __rtentry2.o(.ARM.Collect$$rtentry$$0000000D)
    __rt_entry_postli_1                      0x080002fb   Thumb Code     0  __rtentry2.o(.ARM.Collect$$rtentry$$0000000C)
    __rt_exit                                0x08000303   Thumb Code     0  rtexit.o(.ARM.Collect$$rtexit$$00000000)
    __rt_exit_ls                             0x08000305   Thumb Code     0  rtexit2.o(.ARM.Collect$$rtexit$$00000003)
    __rt_exit_prels_1                        0x08000305   Thumb Code     0  rtexit2.o(.ARM.Collect$$rtexit$$00000002)
    __rt_exit_exit                           0x08000309   Thumb Code     0  rtexit2.o(.ARM.Collect$$rtexit$$00000004)
    rand                                     0x08000311   Thumb Code    48  rand.o(.emb_text)
    Reset_Handler                            0x08000345   Thumb Code     8  startup_stm32f407xx.o(.text)
    NMI_Handler                              0x0800034d   Thumb Code     2  startup_stm32f407xx.o(.text)
    MemManage_Handler                        0x08000351   Thumb Code     2  startup_stm32f407xx.o(.text)
    BusFault_Handler                         0x08000353   Thumb Code     2  startup_stm32f407xx.o(.text)
    UsageFault_Handler                       0x08000355   Thumb Code     2  startup_stm32f407xx.o(.text)
    DebugMon_Handler                         0x08000359   Thumb Code     2  startup_stm32f407xx.o(.text)
    ADC_IRQHandler                           0x0800035f   Thumb Code     0  startup_stm32f407xx.o(.text)
    CAN1_RX0_IRQHandler                      0x0800035f   Thumb Code     0  startup_stm32f407xx.o(.text)
    CAN1_RX1_IRQHandler                      0x0800035f   Thumb Code     0  startup_stm32f407xx.o(.text)
    CAN1_SCE_IRQHandler                      0x0800035f   Thumb Code     0  startup_stm32f407xx.o(.text)
    CAN1_TX_IRQHandler                       0x0800035f   Thumb Code     0  startup_stm32f407xx.o(.text)
    CAN2_RX0_IRQHandler                      0x0800035f   Thumb Code     0  startup_stm32f407xx.o(.text)
    CAN2_RX1_IRQHandler                      0x0800035f   Thumb Code     0  startup_stm32f407xx.o(.text)
    CAN2_SCE_IRQHandler                      0x0800035f   Thumb Code     0  startup_stm32f407xx.o(.text)
    CAN2_TX_IRQHandler                       0x0800035f   Thumb Code     0  startup_stm32f407xx.o(.text)
    DCMI_IRQHandler                          0x0800035f   Thumb Code     0  startup_stm32f407xx.o(.text)
    DMA1_Stream0_IRQHandler                  0x0800035f   Thumb Code     0  startup_stm32f407xx.o(.text)
    DMA1_Stream1_IRQHandler                  0x0800035f   Thumb Code     0  startup_stm32f407xx.o(.text)
    DMA1_Stream2_IRQHandler                  0x0800035f   Thumb Code     0  startup_stm32f407xx.o(.text)
    DMA1_Stream3_IRQHandler                  0x0800035f   Thumb Code     0  startup_stm32f407xx.o(.text)
    DMA1_Stream4_IRQHandler                  0x0800035f   Thumb Code     0  startup_stm32f407xx.o(.text)
    DMA1_Stream5_IRQHandler                  0x0800035f   Thumb Code     0  startup_stm32f407xx.o(.text)
    DMA1_Stream6_IRQHandler                  0x0800035f   Thumb Code     0  startup_stm32f407xx.o(.text)
    DMA1_Stream7_IRQHandler                  0x0800035f   Thumb Code     0  startup_stm32f407xx.o(.text)
    DMA2_Stream0_IRQHandler                  0x0800035f   Thumb Code     0  startup_stm32f407xx.o(.text)
    DMA2_Stream1_IRQHandler                  0x0800035f   Thumb Code     0  startup_stm32f407xx.o(.text)
    DMA2_Stream2_IRQHandler                  0x0800035f   Thumb Code     0  startup_stm32f407xx.o(.text)
    DMA2_Stream3_IRQHandler                  0x0800035f   Thumb Code     0  startup_stm32f407xx.o(.text)
    DMA2_Stream4_IRQHandler                  0x0800035f   Thumb Code     0  startup_stm32f407xx.o(.text)
    DMA2_Stream5_IRQHandler                  0x0800035f   Thumb Code     0  startup_stm32f407xx.o(.text)
    DMA2_Stream6_IRQHandler                  0x0800035f   Thumb Code     0  startup_stm32f407xx.o(.text)
    DMA2_Stream7_IRQHandler                  0x0800035f   Thumb Code     0  startup_stm32f407xx.o(.text)
    ETH_IRQHandler                           0x0800035f   Thumb Code     0  startup_stm32f407xx.o(.text)
    ETH_WKUP_IRQHandler                      0x0800035f   Thumb Code     0  startup_stm32f407xx.o(.text)
    EXTI0_IRQHandler                         0x0800035f   Thumb Code     0  startup_stm32f407xx.o(.text)
    EXTI15_10_IRQHandler                     0x0800035f   Thumb Code     0  startup_stm32f407xx.o(.text)
    EXTI1_IRQHandler                         0x0800035f   Thumb Code     0  startup_stm32f407xx.o(.text)
    EXTI2_IRQHandler                         0x0800035f   Thumb Code     0  startup_stm32f407xx.o(.text)
    EXTI3_IRQHandler                         0x0800035f   Thumb Code     0  startup_stm32f407xx.o(.text)
    EXTI4_IRQHandler                         0x0800035f   Thumb Code     0  startup_stm32f407xx.o(.text)
    EXTI9_5_IRQHandler                       0x0800035f   Thumb Code     0  startup_stm32f407xx.o(.text)
    FLASH_IRQHandler                         0x0800035f   Thumb Code     0  startup_stm32f407xx.o(.text)
    FMC_IRQHandler                           0x0800035f   Thumb Code     0  startup_stm32f407xx.o(.text)
    FPU_IRQHandler                           0x0800035f   Thumb Code     0  startup_stm32f407xx.o(.text)
    HASH_RNG_IRQHandler                      0x0800035f   Thumb Code     0  startup_stm32f407xx.o(.text)
    I2C1_ER_IRQHandler                       0x0800035f   Thumb Code     0  startup_stm32f407xx.o(.text)
    I2C1_EV_IRQHandler                       0x0800035f   Thumb Code     0  startup_stm32f407xx.o(.text)
    I2C2_ER_IRQHandler                       0x0800035f   Thumb Code     0  startup_stm32f407xx.o(.text)
    I2C2_EV_IRQHandler                       0x0800035f   Thumb Code     0  startup_stm32f407xx.o(.text)
    I2C3_ER_IRQHandler                       0x0800035f   Thumb Code     0  startup_stm32f407xx.o(.text)
    I2C3_EV_IRQHandler                       0x0800035f   Thumb Code     0  startup_stm32f407xx.o(.text)
    OTG_FS_IRQHandler                        0x0800035f   Thumb Code     0  startup_stm32f407xx.o(.text)
    OTG_FS_WKUP_IRQHandler                   0x0800035f   Thumb Code     0  startup_stm32f407xx.o(.text)
    OTG_HS_EP1_IN_IRQHandler                 0x0800035f   Thumb Code     0  startup_stm32f407xx.o(.text)
    OTG_HS_EP1_OUT_IRQHandler                0x0800035f   Thumb Code     0  startup_stm32f407xx.o(.text)
    OTG_HS_IRQHandler                        0x0800035f   Thumb Code     0  startup_stm32f407xx.o(.text)
    OTG_HS_WKUP_IRQHandler                   0x0800035f   Thumb Code     0  startup_stm32f407xx.o(.text)
    PVD_IRQHandler                           0x0800035f   Thumb Code     0  startup_stm32f407xx.o(.text)
    RCC_IRQHandler                           0x0800035f   Thumb Code     0  startup_stm32f407xx.o(.text)
    RTC_Alarm_IRQHandler                     0x0800035f   Thumb Code     0  startup_stm32f407xx.o(.text)
    RTC_WKUP_IRQHandler                      0x0800035f   Thumb Code     0  startup_stm32f407xx.o(.text)
    SDIO_IRQHandler                          0x0800035f   Thumb Code     0  startup_stm32f407xx.o(.text)
    SPI1_IRQHandler                          0x0800035f   Thumb Code     0  startup_stm32f407xx.o(.text)
    SPI2_IRQHandler                          0x0800035f   Thumb Code     0  startup_stm32f407xx.o(.text)
    SPI3_IRQHandler                          0x0800035f   Thumb Code     0  startup_stm32f407xx.o(.text)
    TAMP_STAMP_IRQHandler                    0x0800035f   Thumb Code     0  startup_stm32f407xx.o(.text)
    TIM1_BRK_TIM9_IRQHandler                 0x0800035f   Thumb Code     0  startup_stm32f407xx.o(.text)
    TIM1_CC_IRQHandler                       0x0800035f   Thumb Code     0  startup_stm32f407xx.o(.text)
    TIM1_TRG_COM_TIM11_IRQHandler            0x0800035f   Thumb Code     0  startup_stm32f407xx.o(.text)
    TIM1_UP_TIM10_IRQHandler                 0x0800035f   Thumb Code     0  startup_stm32f407xx.o(.text)
    TIM2_IRQHandler                          0x0800035f   Thumb Code     0  startup_stm32f407xx.o(.text)
    TIM3_IRQHandler                          0x0800035f   Thumb Code     0  startup_stm32f407xx.o(.text)
    TIM4_IRQHandler                          0x0800035f   Thumb Code     0  startup_stm32f407xx.o(.text)
    TIM5_IRQHandler                          0x0800035f   Thumb Code     0  startup_stm32f407xx.o(.text)
    TIM6_DAC_IRQHandler                      0x0800035f   Thumb Code     0  startup_stm32f407xx.o(.text)
    TIM7_IRQHandler                          0x0800035f   Thumb Code     0  startup_stm32f407xx.o(.text)
    TIM8_BRK_TIM12_IRQHandler                0x0800035f   Thumb Code     0  startup_stm32f407xx.o(.text)
    TIM8_CC_IRQHandler                       0x0800035f   Thumb Code     0  startup_stm32f407xx.o(.text)
    TIM8_TRG_COM_TIM14_IRQHandler            0x0800035f   Thumb Code     0  startup_stm32f407xx.o(.text)
    TIM8_UP_TIM13_IRQHandler                 0x0800035f   Thumb Code     0  startup_stm32f407xx.o(.text)
    UART4_IRQHandler                         0x0800035f   Thumb Code     0  startup_stm32f407xx.o(.text)
    UART5_IRQHandler                         0x0800035f   Thumb Code     0  startup_stm32f407xx.o(.text)
    USART1_IRQHandler                        0x0800035f   Thumb Code     0  startup_stm32f407xx.o(.text)
    USART2_IRQHandler                        0x0800035f   Thumb Code     0  startup_stm32f407xx.o(.text)
    USART3_IRQHandler                        0x0800035f   Thumb Code     0  startup_stm32f407xx.o(.text)
    USART6_IRQHandler                        0x0800035f   Thumb Code     0  startup_stm32f407xx.o(.text)
    WWDG_IRQHandler                          0x0800035f   Thumb Code     0  startup_stm32f407xx.o(.text)
    __user_initial_stackheap                 0x08000361   Thumb Code     0  startup_stm32f407xx.o(.text)
    __use_no_semihosting                     0x08000385   Thumb Code     2  use_no_semi_2.o(.text)
    printf                                   0x08000389   Thumb Code    20  printf.o(.text)
    srand                                    0x080003a1   Thumb Code    42  rand.o(.text)
    _rand_init                               0x080003cb   Thumb Code     4  rand.o(.text)
    __aeabi_memclr4                          0x080003dd   Thumb Code     0  rt_memclr_w.o(.text)
    __aeabi_memclr8                          0x080003dd   Thumb Code     0  rt_memclr_w.o(.text)
    __rt_memclr_w                            0x080003dd   Thumb Code     0  rt_memclr_w.o(.text)
    _memset_w                                0x080003e1   Thumb Code    74  rt_memclr_w.o(.text)
    strncpy                                  0x0800042b   Thumb Code    86  strncpy.o(.text)
    strcmp                                   0x08000481   Thumb Code   124  strcmpv7em.o(.text)
    __use_two_region_memory                  0x080004fd   Thumb Code     2  heapauxi.o(.text)
    __rt_heap_escrow                         0x080004ff   Thumb Code     2  heapauxi.o(.text)
    __rt_heap_expand                         0x08000501   Thumb Code     2  heapauxi.o(.text)
    __semihosting$guard                      0x08000503   Thumb Code     0  use_no_semi.o(.text)
    __use_no_semihosting_swi                 0x08000503   Thumb Code     2  use_no_semi.o(.text)
    _printf_pre_padding                      0x08000505   Thumb Code    44  _printf_pad.o(.text)
    _printf_post_padding                     0x08000531   Thumb Code    34  _printf_pad.o(.text)
    _printf_truncate_signed                  0x08000553   Thumb Code    18  _printf_truncate.o(.text)
    _printf_truncate_unsigned                0x08000565   Thumb Code    18  _printf_truncate.o(.text)
    _printf_str                              0x08000577   Thumb Code    82  _printf_str.o(.text)
    _printf_int_dec                          0x080005c9   Thumb Code   104  _printf_dec.o(.text)
    _printf_charcount                        0x08000641   Thumb Code    40  _printf_charcount.o(.text)
    _printf_char_file                        0x08000669   Thumb Code    32  _printf_char_file.o(.text)
    _printf_wctomb                           0x0800068d   Thumb Code   182  _printf_wctomb.o(.text)
    _printf_longlong_dec                     0x08000749   Thumb Code   108  _printf_longlong_dec.o(.text)
    _printf_longlong_oct                     0x080007c5   Thumb Code    68  _printf_oct_int_ll.o(.text)
    _printf_int_oct                          0x08000809   Thumb Code    24  _printf_oct_int_ll.o(.text)
    _printf_ll_oct                           0x08000821   Thumb Code    12  _printf_oct_int_ll.o(.text)
    _printf_longlong_hex                     0x08000835   Thumb Code    86  _printf_hex_int_ll_ptr.o(.text)
    _printf_int_hex                          0x0800088b   Thumb Code    28  _printf_hex_int_ll_ptr.o(.text)
    _printf_ll_hex                           0x080008a7   Thumb Code    12  _printf_hex_int_ll_ptr.o(.text)
    _printf_hex_ptr                          0x080008b3   Thumb Code    18  _printf_hex_int_ll_ptr.o(.text)
    __printf                                 0x080008c9   Thumb Code   388  __printf_flags_ss_wp.o(.text)
    __aeabi_memclr                           0x08000a51   Thumb Code     0  rt_memclr.o(.text)
    __rt_memclr                              0x08000a51   Thumb Code     0  rt_memclr.o(.text)
    _memset                                  0x08000a55   Thumb Code    64  rt_memclr.o(.text)
    _ll_udiv10                               0x08000a95   Thumb Code   138  lludiv10.o(.text)
    _printf_int_common                       0x08000b1f   Thumb Code   178  _printf_intcommon.o(.text)
    _printf_fp_dec_real                      0x08000d81   Thumb Code   620  _printf_fp_dec.o(.text)
    _printf_fp_hex_real                      0x08000fed   Thumb Code   756  _printf_fp_hex.o(.text)
    _printf_char_common                      0x080012f3   Thumb Code    32  _printf_char_common.o(.text)
    _printf_cs_common                        0x08001319   Thumb Code    20  _printf_char.o(.text)
    _printf_char                             0x0800132d   Thumb Code    16  _printf_char.o(.text)
    _printf_string                           0x0800133d   Thumb Code     8  _printf_char.o(.text)
    _printf_lcs_common                       0x08001345   Thumb Code    20  _printf_wchar.o(.text)
    _printf_wchar                            0x08001359   Thumb Code    16  _printf_wchar.o(.text)
    _printf_wstring                          0x08001369   Thumb Code     8  _printf_wchar.o(.text)
    ferror                                   0x08001371   Thumb Code     8  ferror.o(.text)
    _initio                                  0x08001379   Thumb Code   210  initio.o(.text)
    _terminateio                             0x0800144b   Thumb Code    56  initio.o(.text)
    _c16rtomb                                0x080014b1   Thumb Code    72  _c16rtomb.o(.text)
    _wcrtomb                                 0x080014b1   Thumb Code     0  _c16rtomb.o(.text)
    __user_setup_stackheap                   0x080014f9   Thumb Code    74  sys_stackheap_outer.o(.text)
    __rt_ctype_table                         0x08001545   Thumb Code    16  rt_ctype_table.o(.text)
    __rt_locale                              0x08001555   Thumb Code     8  rt_locale_intlibspace.o(.text)
    free                                     0x0800155d   Thumb Code    78  h1_free.o(.text)
    _printf_fp_infnan                        0x080015ad   Thumb Code   112  _printf_fp_infnan.o(.text)
    _btod_etento                             0x0800162d   Thumb Code   224  bigflt0.o(.text)
    __flsbuf                                 0x08001711   Thumb Code   482  flsbuf.o(.text)
    __flsbuf_byte                            0x08001711   Thumb Code     0  flsbuf.o(.text)
    __flsbuf_wide                            0x08001711   Thumb Code     0  flsbuf.o(.text)
    setvbuf                                  0x080018f3   Thumb Code    70  setvbuf.o(.text)
    freopen                                  0x08001939   Thumb Code   160  fopen.o(.text)
    fopen                                    0x080019d9   Thumb Code    74  fopen.o(.text)
    _fclose_internal                         0x08001a29   Thumb Code    76  fclose.o(.text)
    fclose                                   0x08001a29   Thumb Code     0  fclose.o(.text)
    exit                                     0x08001a75   Thumb Code    18  exit.o(.text)
    __rt_SIGRTRED                            0x08001a87   Thumb Code    14  defsig_rtred_outer.o(.text)
    __user_libspace                          0x08001a95   Thumb Code     8  libspace.o(.text)
    __user_perproc_libspace                  0x08001a95   Thumb Code     0  libspace.o(.text)
    __user_perthread_libspace                0x08001a95   Thumb Code     0  libspace.o(.text)
    __rt_heap_descriptor                     0x08001a9d   Thumb Code     8  rt_heap_descriptor_intlibspace.o(.text)
    __use_no_heap                            0x08001aa5   Thumb Code     2  hguard.o(.text)
    __heap$guard                             0x08001aa7   Thumb Code     2  hguard.o(.text)
    _terminate_user_alloc                    0x08001aa9   Thumb Code     2  init_alloc.o(.text)
    _init_user_alloc                         0x08001aab   Thumb Code     2  init_alloc.o(.text)
    __Heap_Full                              0x08001aad   Thumb Code    34  init_alloc.o(.text)
    __Heap_Broken                            0x08001acf   Thumb Code     6  init_alloc.o(.text)
    _init_alloc                              0x08001ad5   Thumb Code    94  init_alloc.o(.text)
    malloc                                   0x08001b33   Thumb Code    94  h1_alloc.o(.text)
    _fseek                                   0x08001b91   Thumb Code   242  fseek.o(.text)
    fseek                                    0x08001b91   Thumb Code     0  fseek.o(.text)
    _seterr                                  0x08001c89   Thumb Code    20  stdio.o(.text)
    _writebuf                                0x08001c9d   Thumb Code   108  stdio.o(.text)
    _fflush                                  0x08001d09   Thumb Code    70  stdio.o(.text)
    _deferredlazyseek                        0x08001d4f   Thumb Code    60  stdio.o(.text)
    __sig_exit                               0x08001d91   Thumb Code    10  defsig_exit.o(.text)
    __rt_SIGRTRED_inner                      0x08001d9d   Thumb Code    14  defsig_rtred_inner.o(.text)
    __rt_SIGRTMEM                            0x08001dd1   Thumb Code    14  defsig_rtmem_outer.o(.text)
    __Heap_Initialize                        0x08001ddf   Thumb Code     8  h1_init.o(.text)
    _maybe_terminate_alloc                   0x08001ddf   Thumb Code     0  maybetermalloc1.o(.text)
    __Heap_DescSize                          0x08001de7   Thumb Code     4  h1_init.o(.text)
    __Heap_ProvideMemory                     0x08001deb   Thumb Code    52  h1_extend.o(.text)
    _ftell_internal                          0x08001e1f   Thumb Code    66  ftell.o(.text)
    ftell                                    0x08001e1f   Thumb Code     0  ftell.o(.text)
    __default_signal_display                 0x08001e61   Thumb Code    50  defsig_general.o(.text)
    __rt_SIGRTMEM_inner                      0x08001e95   Thumb Code    22  defsig_rtmem_inner.o(.text)
    __aeabi_errno_addr                       0x08001ee5   Thumb Code     8  rt_errno_addr_intlibspace.o(.text)
    __errno$intlibspace                      0x08001ee5   Thumb Code     0  rt_errno_addr_intlibspace.o(.text)
    __rt_errno_addr$intlibspace              0x08001ee5   Thumb Code     0  rt_errno_addr_intlibspace.o(.text)
    HardFault_Handler                        0x08001eed   Thumb Code    18  hardfault.o(.text.HardFault_Handler)
    HardFault_HandlerC                       0x08001f01   Thumb Code   158  hardfault.o(.text.HardFault_HandlerC)
    OS_addTask                               0x08001fa1   Thumb Code    60  scheduler.o(.text.OS_addTask)
    OS_constructSchedule                     0x08001fdd   Thumb Code    68  scheduler.o(.text.OS_constructSchedule)
    OS_currentTCB                            0x08002021   Thumb Code    12  os.o(.text.OS_currentTCB)
    OS_elapsedTicks                          0x0800202d   Thumb Code    12  os.o(.text.OS_elapsedTicks)
    OS_initCommsQueue                        0x08002039   Thumb Code    14  queue.o(.text.OS_initCommsQueue)
    OS_initialiseTCB                         0x08002049   Thumb Code   166  scheduler.o(.text.OS_initialiseTCB)
    OS_mutex_acquire                         0x080020f1   Thumb Code    98  mutex.o(.text.OS_mutex_acquire)
    OS_mutex_release                         0x08002155   Thumb Code    58  mutex.o(.text.OS_mutex_release)
    OS_notifyAll                             0x08002191   Thumb Code    68  scheduler.o(.text.OS_notifyAll)
    OS_receivePacket                         0x080021d5   Thumb Code    76  queue.o(.text.OS_receivePacket)
    OS_semBinary_acquire                     0x08002221   Thumb Code    72  semaphore.o(.text.OS_semBinary_acquire)
    OS_semBinary_release                     0x08002269   Thumb Code    48  semaphore.o(.text.OS_semBinary_release)
    OS_semaphore_acquire                     0x08002299   Thumb Code    76  semaphore.o(.text.OS_semaphore_acquire)
    OS_semaphore_release                     0x080022e5   Thumb Code    48  semaphore.o(.text.OS_semaphore_release)
    OS_sendPacket                            0x08002315   Thumb Code    58  queue.o(.text.OS_sendPacket)
    OS_sleep                                 0x08002351   Thumb Code    86  sleep.o(.text.OS_sleep)
    OS_start                                 0x080023a9   Thumb Code    16  os.o(.text.OS_start)
    SysTick_Handler                          0x0800249d   Thumb Code    30  os.o(.text.SysTick_Handler)
    SystemCoreClockUpdate                    0x080024bd   Thumb Code   302  system_stm32f4xx.o(.text.SystemCoreClockUpdate)
    SystemInit                               0x080025ed   Thumb Code     2  system_stm32f4xx.o(.text.SystemInit)
    _OS_enable_systick_delegate              0x080025f1   Thumb Code    46  os.o(.text._OS_enable_systick_delegate)
    _OS_schedule                             0x08002621   Thumb Code    90  scheduler.o(.text._OS_schedule)
    _OS_schedule_delegate                    0x0800267d   Thumb Code    16  os.o(.text._OS_schedule_delegate)
    _OS_sleepHeap_delegate                   0x0800268d   Thumb Code   110  scheduler.o(.text._OS_sleepHeap_delegate)
    _OS_taskExit_delegate                    0x080026fd   Thumb Code    58  scheduler.o(.text._OS_taskExit_delegate)
    _OS_task_end                             0x08002739   Thumb Code    10  os.o(.text._OS_task_end)
    _OS_wait_delegate                        0x08002745   Thumb Code   110  scheduler.o(.text._OS_wait_delegate)
    _OS_yield_delegate                       0x080027b5   Thumb Code    34  os.o(.text._OS_yield_delegate)
    _sys_close                               0x080028b5   Thumb Code    74  retarget_io.o(.text._sys_close)
    _sys_exit                                0x08002901   Thumb Code     8  utils.o(.text._sys_exit)
    _sys_flen                                0x08002909   Thumb Code    72  retarget_io.o(.text._sys_flen)
    _sys_istty                               0x08002951   Thumb Code    72  retarget_io.o(.text._sys_istty)
    _sys_open                                0x08002999   Thumb Code   132  retarget_io.o(.text._sys_open)
    _sys_seek                                0x08002a1d   Thumb Code    82  retarget_io.o(.text._sys_seek)
    _sys_write                               0x08002a71   Thumb Code   118  retarget_io.o(.text._sys_write)
    _ttywrch                                 0x08002ae9   Thumb Code    16  retarget_io.o(.text._ttywrch)
    chattyTask                               0x08002af9   Thumb Code   246  tasks.o(.text.chattyTask)
    configClock                              0x08002c39   Thumb Code   188  utils.o(.text.configClock)
    configUSART2                             0x08002cf5   Thumb Code   192  utils.o(.text.configUSART2)
    getNotificationCounter                   0x08002ded   Thumb Code    12  scheduler.o(.text.getNotificationCounter)
    getSleepCounter                          0x08002df9   Thumb Code    12  scheduler.o(.text.getSleepCounter)
    greedyTask                               0x08002e05   Thumb Code   222  tasks.o(.text.greedyTask)
    heap_extract                             0x08002fdd   Thumb Code    46  heap.o(.text.heap_extract)
    heap_insert                              0x0800300d   Thumb Code    42  heap.o(.text.heap_insert)
    heap_isEmpty                             0x08003039   Thumb Code    18  heap.o(.text.heap_isEmpty)
    initialiseOSResources                    0x080030b9   Thumb Code    36  tasks.o(.text.initialiseOSResources)
    listeningTask                            0x080031d5   Thumb Code   226  tasks.o(.text.listeningTask)
    lowPriorityTask                          0x080032b9   Thumb Code    58  tasks.o(.text.lowPriorityTask)
    main                                     0x080032f5   Thumb Code   276  main.o(.text.main)
    pool_allocate                            0x08003459   Thumb Code    80  mempool.o(.text.pool_allocate)
    pool_deallocate                          0x080034a9   Thumb Code    52  mempool.o(.text.pool_deallocate)
    pool_init                                0x080034dd   Thumb Code   200  mempool.o(.text.pool_init)
    queue_get                                0x080035a5   Thumb Code   160  queue.o(.text.queue_get)
    queue_put                                0x08003645   Thumb Code   126  queue.o(.text.queue_put)
    sleepTest1                               0x080036f9   Thumb Code   136  tasks.o(.text.sleepTest1)
    spaces                                   0x080037b5   Thumb Code    30  queue.o(.text.spaces)
    static_alloc                             0x080037d5   Thumb Code    78  static_alloc.o(.text.static_alloc)
    stdout_putchar                           0x08003825   Thumb Code    42  utils.o(.text.stdout_putchar)
    ttywrch                                  0x0800387d   Thumb Code    16  utils.o(.text.ttywrch)
    veryHighPriorityTask                     0x0800388d   Thumb Code    66  tasks.o(.text.veryHighPriorityTask)
    _btod_d2e                                0x080038cf   Thumb Code    62  btod.o(CL$$btod_d2e)
    _d2e_denorm_low                          0x0800390d   Thumb Code    70  btod.o(CL$$btod_d2e_denorm_low)
    _d2e_norm_op1                            0x08003953   Thumb Code    96  btod.o(CL$$btod_d2e_norm_op1)
    __btod_div_common                        0x080039b5   Thumb Code   696  btod.o(CL$$btod_div_common)
    _e2e                                     0x08003ced   Thumb Code   220  btod.o(CL$$btod_e2e)
    _btod_ediv                               0x08003dc9   Thumb Code    42  btod.o(CL$$btod_ediv)
    _btod_emul                               0x08003df3   Thumb Code    42  btod.o(CL$$btod_emul)
    __btod_mult_common                       0x08003e1d   Thumb Code   580  btod.o(CL$$btod_mult_common)
    SVC_Handler                              0x08004061   Thumb Code     0  os_asm.o(OS_func)
    PendSV_Handler                           0x08004095   Thumb Code     0  os_asm.o(OS_func)
    _task_switch                             0x0800409f   Thumb Code     0  os_asm.o(OS_func)
    _task_init_switch                        0x080040c5   Thumb Code     0  os_asm.o(OS_func)
    __ARM_fpclassify                         0x080040f1   Thumb Code    40  fpclassify.o(i.__ARM_fpclassify)
    _is_digit                                0x08004119   Thumb Code    14  __printf_wp.o(i._is_digit)
    fputc                                    0x08004127   Thumb Code    28  fputc.o(i.fputc)
    _get_lc_numeric                          0x08004145   Thumb Code    44  lc_numeric_c.o(locale$$code)
    _get_lc_ctype                            0x08004171   Thumb Code    44  lc_ctype_c.o(locale$$code)
    _printf_fp_dec                           0x0800419d   Thumb Code     4  printf1.o(x$fpl$printf1)
    _printf_fp_hex                           0x080041a1   Thumb Code     4  printf2.o(x$fpl$printf2)
    __I$use$fp                               0x080041a4   Number         0  usenofp.o(x$fpl$usenofp)
    AHBPrescTable                            0x080042a0   Data          16  system_stm32f4xx.o(.rodata.AHBPrescTable)
    _OS_idleTCB_p                            0x080042b0   Data           4  os.o(.rodata._OS_idleTCB_p)
    __stderr_name                            0x080042b4   Data           8  retarget_io.o(.rodata.__stderr_name)
    __stdin_name                             0x080042bc   Data           7  retarget_io.o(.rodata.__stdin_name)
    __stdout_name                            0x080042c3   Data           8  retarget_io.o(.rodata.__stdout_name)
    Region$$Table$$Base                      0x080044c0   Number         0  anon$$obj.o(Region$$Table)
    Region$$Table$$Limit                     0x080044e0   Number         0  anon$$obj.o(Region$$Table)
    __ctype                                  0x08004509   Data           0  lc_ctype_c.o(locale$$data)
    __aeabi_stdin                            0x20000000   Data           4  stdio_streams.o(.data)
    __aeabi_stdout                           0x20000004   Data           4  stdio_streams.o(.data)
    __aeabi_stderr                           0x20000008   Data           4  stdio_streams.o(.data)
    SystemCoreClock                          0x2000000c   Data           4  system_stm32f4xx.o(.data.SystemCoreClock)
    _random_number_data                      0x20000110   Data         228  rand.o(.bss)
    __stdin                                  0x200001f4   Data          84  stdio_streams.o(.bss)
    __stdout                                 0x20000248   Data          84  stdio_streams.o(.bss)
    __stderr                                 0x2000029c   Data          84  stdio_streams.o(.bss)
    __libspace_start                         0x200002f0   Data          96  libspace.o(.bss)
    __temporary_stack_top$libspace           0x20000350   Data           0  libspace.o(.bss)
    _currentTCB                              0x20000350   Data           4  os.o(.bss._currentTCB)



==============================================================================

Memory Map of the image

  Image Entry point : 0x08000189

  Load Region LR_IROM1 (Base: 0x08000000, Size: 0x00004720, Max: 0x00100000, ABSOLUTE)

    Execution Region ER_IROM1 (Exec base: 0x08000000, Load base: 0x08000000, Size: 0x0000460c, Max: 0x00100000, ABSOLUTE)

    Exec Addr    Load Addr    Size         Type   Attr      Idx    E Section Name        Object

    0x08000000   0x08000000   0x00000188   Data   RO          332    RESET               startup_stm32f407xx.o
    0x08000188   0x08000188   0x00000008   Code   RO          372  * !!!main             c_w.l(__main.o)
    0x08000190   0x08000190   0x0000005c   Code   RO          870    !!!scatter          c_w.l(__scatter.o)
    0x080001ec   0x080001ec   0x0000001a   Code   RO          874    !!handler_copy      c_w.l(__scatter_copy.o)
    0x08000206   0x08000206   0x00000002   PAD
    0x08000208   0x08000208   0x00000002   Code   RO          871    !!handler_null      c_w.l(__scatter.o)
    0x0800020a   0x0800020a   0x00000002   PAD
    0x0800020c   0x0800020c   0x0000001c   Code   RO          876    !!handler_zi        c_w.l(__scatter_zi.o)
    0x08000228   0x08000228   0x00000000   Code   RO          456    .ARM.Collect$$_printf_percent$$00000000  c_w.l(_printf_percent.o)
    0x08000228   0x08000228   0x00000006   Code   RO          445    .ARM.Collect$$_printf_percent$$00000001  c_w.l(_printf_n.o)
    0x0800022e   0x0800022e   0x00000006   Code   RO          447    .ARM.Collect$$_printf_percent$$00000002  c_w.l(_printf_p.o)
    0x08000234   0x08000234   0x00000006   Code   RO          452    .ARM.Collect$$_printf_percent$$00000003  c_w.l(_printf_f.o)
    0x0800023a   0x0800023a   0x00000006   Code   RO          453    .ARM.Collect$$_printf_percent$$00000004  c_w.l(_printf_e.o)
    0x08000240   0x08000240   0x00000006   Code   RO          454    .ARM.Collect$$_printf_percent$$00000005  c_w.l(_printf_g.o)
    0x08000246   0x08000246   0x00000006   Code   RO          455    .ARM.Collect$$_printf_percent$$00000006  c_w.l(_printf_a.o)
    0x0800024c   0x0800024c   0x0000000a   Code   RO          460    .ARM.Collect$$_printf_percent$$00000007  c_w.l(_printf_ll.o)
    0x08000256   0x08000256   0x00000006   Code   RO          449    .ARM.Collect$$_printf_percent$$00000008  c_w.l(_printf_i.o)
    0x0800025c   0x0800025c   0x00000006   Code   RO          450    .ARM.Collect$$_printf_percent$$00000009  c_w.l(_printf_d.o)
    0x08000262   0x08000262   0x00000006   Code   RO          451    .ARM.Collect$$_printf_percent$$0000000A  c_w.l(_printf_u.o)
    0x08000268   0x08000268   0x00000006   Code   RO          448    .ARM.Collect$$_printf_percent$$0000000B  c_w.l(_printf_o.o)
    0x0800026e   0x0800026e   0x00000006   Code   RO          446    .ARM.Collect$$_printf_percent$$0000000C  c_w.l(_printf_x.o)
    0x08000274   0x08000274   0x00000006   Code   RO          457    .ARM.Collect$$_printf_percent$$0000000D  c_w.l(_printf_lli.o)
    0x0800027a   0x0800027a   0x00000006   Code   RO          458    .ARM.Collect$$_printf_percent$$0000000E  c_w.l(_printf_lld.o)
    0x08000280   0x08000280   0x00000006   Code   RO          459    .ARM.Collect$$_printf_percent$$0000000F  c_w.l(_printf_llu.o)
    0x08000286   0x08000286   0x00000006   Code   RO          464    .ARM.Collect$$_printf_percent$$00000010  c_w.l(_printf_llo.o)
    0x0800028c   0x0800028c   0x00000006   Code   RO          465    .ARM.Collect$$_printf_percent$$00000011  c_w.l(_printf_llx.o)
    0x08000292   0x08000292   0x0000000a   Code   RO          461    .ARM.Collect$$_printf_percent$$00000012  c_w.l(_printf_l.o)
    0x0800029c   0x0800029c   0x00000006   Code   RO          443    .ARM.Collect$$_printf_percent$$00000013  c_w.l(_printf_c.o)
    0x080002a2   0x080002a2   0x00000006   Code   RO          444    .ARM.Collect$$_printf_percent$$00000014  c_w.l(_printf_s.o)
    0x080002a8   0x080002a8   0x00000006   Code   RO          462    .ARM.Collect$$_printf_percent$$00000015  c_w.l(_printf_lc.o)
    0x080002ae   0x080002ae   0x00000006   Code   RO          463    .ARM.Collect$$_printf_percent$$00000016  c_w.l(_printf_ls.o)
    0x080002b4   0x080002b4   0x00000004   Code   RO          561    .ARM.Collect$$_printf_percent$$00000017  c_w.l(_printf_percent_end.o)
    0x080002b8   0x080002b8   0x00000002   Code   RO          711    .ARM.Collect$$libinit$$00000000  c_w.l(libinit.o)
    0x080002ba   0x080002ba   0x00000000   Code   RO          475    .ARM.Collect$$libinit$$00000002  c_w.l(libinit2.o)
    0x080002ba   0x080002ba   0x00000000   Code   RO          477    .ARM.Collect$$libinit$$00000004  c_w.l(libinit2.o)
    0x080002ba   0x080002ba   0x00000000   Code   RO          479    .ARM.Collect$$libinit$$00000006  c_w.l(libinit2.o)
    0x080002ba   0x080002ba   0x00000008   Code   RO          480    .ARM.Collect$$libinit$$00000007  c_w.l(libinit2.o)
    0x080002c2   0x080002c2   0x00000000   Code   RO          482    .ARM.Collect$$libinit$$0000000C  c_w.l(libinit2.o)
    0x080002c2   0x080002c2   0x00000000   Code   RO          484    .ARM.Collect$$libinit$$0000000E  c_w.l(libinit2.o)
    0x080002c2   0x080002c2   0x00000004   Code   RO          485    .ARM.Collect$$libinit$$0000000F  c_w.l(libinit2.o)
    0x080002c6   0x080002c6   0x00000000   Code   RO          486    .ARM.Collect$$libinit$$00000010  c_w.l(libinit2.o)
    0x080002c6   0x080002c6   0x00000006   Code   RO          487    .ARM.Collect$$libinit$$00000011  c_w.l(libinit2.o)
    0x080002cc   0x080002cc   0x00000000   Code   RO          489    .ARM.Collect$$libinit$$00000013  c_w.l(libinit2.o)
    0x080002cc   0x080002cc   0x0000000c   Code   RO          490    .ARM.Collect$$libinit$$00000014  c_w.l(libinit2.o)
    0x080002d8   0x080002d8   0x00000000   Code   RO          491    .ARM.Collect$$libinit$$00000015  c_w.l(libinit2.o)
    0x080002d8   0x080002d8   0x00000000   Code   RO          493    .ARM.Collect$$libinit$$00000017  c_w.l(libinit2.o)
    0x080002d8   0x080002d8   0x0000000a   Code   RO          494    .ARM.Collect$$libinit$$00000018  c_w.l(libinit2.o)
    0x080002e2   0x080002e2   0x00000000   Code   RO          495    .ARM.Collect$$libinit$$00000019  c_w.l(libinit2.o)
    0x080002e2   0x080002e2   0x00000000   Code   RO          497    .ARM.Collect$$libinit$$0000001B  c_w.l(libinit2.o)
    0x080002e2   0x080002e2   0x00000000   Code   RO          499    .ARM.Collect$$libinit$$0000001D  c_w.l(libinit2.o)
    0x080002e2   0x080002e2   0x00000000   Code   RO          501    .ARM.Collect$$libinit$$0000001F  c_w.l(libinit2.o)
    0x080002e2   0x080002e2   0x00000000   Code   RO          503    .ARM.Collect$$libinit$$00000021  c_w.l(libinit2.o)
    0x080002e2   0x080002e2   0x00000000   Code   RO          505    .ARM.Collect$$libinit$$00000023  c_w.l(libinit2.o)
    0x080002e2   0x080002e2   0x00000000   Code   RO          507    .ARM.Collect$$libinit$$00000025  c_w.l(libinit2.o)
    0x080002e2   0x080002e2   0x00000004   Code   RO          508    .ARM.Collect$$libinit$$00000026  c_w.l(libinit2.o)
    0x080002e6   0x080002e6   0x00000000   Code   RO          509    .ARM.Collect$$libinit$$00000027  c_w.l(libinit2.o)
    0x080002e6   0x080002e6   0x00000000   Code   RO          513    .ARM.Collect$$libinit$$0000002E  c_w.l(libinit2.o)
    0x080002e6   0x080002e6   0x00000000   Code   RO          515    .ARM.Collect$$libinit$$00000030  c_w.l(libinit2.o)
    0x080002e6   0x080002e6   0x00000000   Code   RO          517    .ARM.Collect$$libinit$$00000032  c_w.l(libinit2.o)
    0x080002e6   0x080002e6   0x00000000   Code   RO          519    .ARM.Collect$$libinit$$00000034  c_w.l(libinit2.o)
    0x080002e6   0x080002e6   0x00000002   Code   RO          520    .ARM.Collect$$libinit$$00000035  c_w.l(libinit2.o)
    0x080002e8   0x080002e8   0x00000002   Code   RO          849    .ARM.Collect$$libshutdown$$00000000  c_w.l(libshutdown.o)
    0x080002ea   0x080002ea   0x00000000   Code   RO          713    .ARM.Collect$$libshutdown$$00000002  c_w.l(libshutdown2.o)
    0x080002ea   0x080002ea   0x00000004   Code   RO          714    .ARM.Collect$$libshutdown$$00000003  c_w.l(libshutdown2.o)
    0x080002ee   0x080002ee   0x00000000   Code   RO          715    .ARM.Collect$$libshutdown$$00000004  c_w.l(libshutdown2.o)
    0x080002ee   0x080002ee   0x00000000   Code   RO          718    .ARM.Collect$$libshutdown$$00000007  c_w.l(libshutdown2.o)
    0x080002ee   0x080002ee   0x00000000   Code   RO          721    .ARM.Collect$$libshutdown$$0000000A  c_w.l(libshutdown2.o)
    0x080002ee   0x080002ee   0x00000000   Code   RO          723    .ARM.Collect$$libshutdown$$0000000C  c_w.l(libshutdown2.o)
    0x080002ee   0x080002ee   0x00000000   Code   RO          726    .ARM.Collect$$libshutdown$$0000000F  c_w.l(libshutdown2.o)
    0x080002ee   0x080002ee   0x00000002   Code   RO          727    .ARM.Collect$$libshutdown$$00000010  c_w.l(libshutdown2.o)
    0x080002f0   0x080002f0   0x00000000   Code   RO          376    .ARM.Collect$$rtentry$$00000000  c_w.l(__rtentry.o)
    0x080002f0   0x080002f0   0x00000000   Code   RO          530    .ARM.Collect$$rtentry$$00000002  c_w.l(__rtentry2.o)
    0x080002f0   0x080002f0   0x00000006   Code   RO          542    .ARM.Collect$$rtentry$$00000004  c_w.l(__rtentry4.o)
    0x080002f6   0x080002f6   0x00000000   Code   RO          532    .ARM.Collect$$rtentry$$00000009  c_w.l(__rtentry2.o)
    0x080002f6   0x080002f6   0x00000004   Code   RO          533    .ARM.Collect$$rtentry$$0000000A  c_w.l(__rtentry2.o)
    0x080002fa   0x080002fa   0x00000000   Code   RO          535    .ARM.Collect$$rtentry$$0000000C  c_w.l(__rtentry2.o)
    0x080002fa   0x080002fa   0x00000008   Code   RO          536    .ARM.Collect$$rtentry$$0000000D  c_w.l(__rtentry2.o)
    0x08000302   0x08000302   0x00000002   Code   RO          738    .ARM.Collect$$rtexit$$00000000  c_w.l(rtexit.o)
    0x08000304   0x08000304   0x00000000   Code   RO          797    .ARM.Collect$$rtexit$$00000002  c_w.l(rtexit2.o)
    0x08000304   0x08000304   0x00000004   Code   RO          798    .ARM.Collect$$rtexit$$00000003  c_w.l(rtexit2.o)
    0x08000308   0x08000308   0x00000006   Code   RO          799    .ARM.Collect$$rtexit$$00000004  c_w.l(rtexit2.o)
    0x0800030e   0x0800030e   0x00000002   PAD
    0x08000310   0x08000310   0x00000034   Code   RO          357    .emb_text           c_w.l(rand.o)
    0x08000344   0x08000344   0x00000040   Code   RO          333    .text               startup_stm32f407xx.o
    0x08000384   0x08000384   0x00000002   Code   RO          353    .text               c_w.l(use_no_semi_2.o)
    0x08000386   0x08000386   0x00000002   PAD
    0x08000388   0x08000388   0x00000018   Code   RO          355    .text               c_w.l(printf.o)
    0x080003a0   0x080003a0   0x0000003c   Code   RO          358    .text               c_w.l(rand.o)
    0x080003dc   0x080003dc   0x0000004e   Code   RO          364    .text               c_w.l(rt_memclr_w.o)
    0x0800042a   0x0800042a   0x00000056   Code   RO          366    .text               c_w.l(strncpy.o)
    0x08000480   0x08000480   0x0000007c   Code   RO          368    .text               c_w.l(strcmpv7em.o)
    0x080004fc   0x080004fc   0x00000006   Code   RO          370    .text               c_w.l(heapauxi.o)
    0x08000502   0x08000502   0x00000002   Code   RO          374    .text               c_w.l(use_no_semi.o)
    0x08000504   0x08000504   0x0000004e   Code   RO          379    .text               c_w.l(_printf_pad.o)
    0x08000552   0x08000552   0x00000024   Code   RO          381    .text               c_w.l(_printf_truncate.o)
    0x08000576   0x08000576   0x00000052   Code   RO          383    .text               c_w.l(_printf_str.o)
    0x080005c8   0x080005c8   0x00000078   Code   RO          385    .text               c_w.l(_printf_dec.o)
    0x08000640   0x08000640   0x00000028   Code   RO          387    .text               c_w.l(_printf_charcount.o)
    0x08000668   0x08000668   0x00000024   Code   RO          389    .text               c_w.l(_printf_char_file.o)
    0x0800068c   0x0800068c   0x000000bc   Code   RO          391    .text               c_w.l(_printf_wctomb.o)
    0x08000748   0x08000748   0x0000007c   Code   RO          394    .text               c_w.l(_printf_longlong_dec.o)
    0x080007c4   0x080007c4   0x00000070   Code   RO          400    .text               c_w.l(_printf_oct_int_ll.o)
    0x08000834   0x08000834   0x00000094   Code   RO          420    .text               c_w.l(_printf_hex_int_ll_ptr.o)
    0x080008c8   0x080008c8   0x00000188   Code   RO          440    .text               c_w.l(__printf_flags_ss_wp.o)
    0x08000a50   0x08000a50   0x00000044   Code   RO          472    .text               c_w.l(rt_memclr.o)
    0x08000a94   0x08000a94   0x0000008a   Code   RO          544    .text               c_w.l(lludiv10.o)
    0x08000b1e   0x08000b1e   0x000000b2   Code   RO          546    .text               c_w.l(_printf_intcommon.o)
    0x08000bd0   0x08000bd0   0x0000041c   Code   RO          548    .text               c_w.l(_printf_fp_dec.o)
    0x08000fec   0x08000fec   0x000002fc   Code   RO          552    .text               c_w.l(_printf_fp_hex.o)
    0x080012e8   0x080012e8   0x00000030   Code   RO          555    .text               c_w.l(_printf_char_common.o)
    0x08001318   0x08001318   0x0000002c   Code   RO          557    .text               c_w.l(_printf_char.o)
    0x08001344   0x08001344   0x0000002c   Code   RO          559    .text               c_w.l(_printf_wchar.o)
    0x08001370   0x08001370   0x00000008   Code   RO          562    .text               c_w.l(ferror.o)
    0x08001378   0x08001378   0x00000138   Code   RO          568    .text               c_w.l(initio.o)
    0x080014b0   0x080014b0   0x00000048   Code   RO          576    .text               c_w.l(_c16rtomb.o)
    0x080014f8   0x080014f8   0x0000004a   Code   RO          584    .text               c_w.l(sys_stackheap_outer.o)
    0x08001542   0x08001542   0x00000002   PAD
    0x08001544   0x08001544   0x00000010   Code   RO          586    .text               c_w.l(rt_ctype_table.o)
    0x08001554   0x08001554   0x00000008   Code   RO          591    .text               c_w.l(rt_locale_intlibspace.o)
    0x0800155c   0x0800155c   0x0000004e   Code   RO          595    .text               c_w.l(h1_free.o)
    0x080015aa   0x080015aa   0x00000002   PAD
    0x080015ac   0x080015ac   0x00000080   Code   RO          649    .text               c_w.l(_printf_fp_infnan.o)
    0x0800162c   0x0800162c   0x000000e4   Code   RO          653    .text               c_w.l(bigflt0.o)
    0x08001710   0x08001710   0x000001e2   Code   RO          680    .text               c_w.l(flsbuf.o)
    0x080018f2   0x080018f2   0x00000046   Code   RO          682    .text               c_w.l(setvbuf.o)
    0x08001938   0x08001938   0x000000f0   Code   RO          685    .text               c_w.l(fopen.o)
    0x08001a28   0x08001a28   0x0000004c   Code   RO          687    .text               c_w.l(fclose.o)
    0x08001a74   0x08001a74   0x00000012   Code   RO          696    .text               c_w.l(exit.o)
    0x08001a86   0x08001a86   0x0000000e   Code   RO          698    .text               c_w.l(defsig_rtred_outer.o)
    0x08001a94   0x08001a94   0x00000008   Code   RO          735    .text               c_w.l(libspace.o)
    0x08001a9c   0x08001a9c   0x00000008   Code   RO          745    .text               c_w.l(rt_heap_descriptor_intlibspace.o)
    0x08001aa4   0x08001aa4   0x00000004   Code   RO          747    .text               c_w.l(hguard.o)
    0x08001aa8   0x08001aa8   0x0000008a   Code   RO          751    .text               c_w.l(init_alloc.o)
    0x08001b32   0x08001b32   0x0000005e   Code   RO          757    .text               c_w.l(h1_alloc.o)
    0x08001b90   0x08001b90   0x000000f8   Code   RO          773    .text               c_w.l(fseek.o)
    0x08001c88   0x08001c88   0x00000108   Code   RO          775    .text               c_w.l(stdio.o)
    0x08001d90   0x08001d90   0x0000000a   Code   RO          784    .text               c_w.l(defsig_exit.o)
    0x08001d9a   0x08001d9a   0x00000002   PAD
    0x08001d9c   0x08001d9c   0x00000034   Code   RO          786    .text               c_w.l(defsig_rtred_inner.o)
    0x08001dd0   0x08001dd0   0x0000000e   Code   RO          788    .text               c_w.l(defsig_rtmem_outer.o)
    0x08001dde   0x08001dde   0x00000000   Code   RO          803    .text               c_w.l(maybetermalloc1.o)
    0x08001dde   0x08001dde   0x0000000c   Code   RO          805    .text               c_w.l(h1_init.o)
    0x08001dea   0x08001dea   0x00000034   Code   RO          807    .text               c_w.l(h1_extend.o)
    0x08001e1e   0x08001e1e   0x00000042   Code   RO          819    .text               c_w.l(ftell.o)
    0x08001e60   0x08001e60   0x00000032   Code   RO          827    .text               c_w.l(defsig_general.o)
    0x08001e92   0x08001e92   0x00000002   PAD
    0x08001e94   0x08001e94   0x00000050   Code   RO          829    .text               c_w.l(defsig_rtmem_inner.o)
    0x08001ee4   0x08001ee4   0x00000008   Code   RO          841    .text               c_w.l(rt_errno_addr_intlibspace.o)
    0x08001eec   0x08001eec   0x00000012   Code   RO          274    .text.HardFault_Handler  hardfault.o
    0x08001efe   0x08001efe   0x00000002   PAD
    0x08001f00   0x08001f00   0x0000009e   Code   RO          272    .text.HardFault_HandlerC  hardfault.o
    0x08001f9e   0x08001f9e   0x00000002   PAD
    0x08001fa0   0x08001fa0   0x0000003c   Code   RO           93    .text.OS_addTask    scheduler.o
    0x08001fdc   0x08001fdc   0x00000044   Code   RO           89    .text.OS_constructSchedule  scheduler.o
    0x08002020   0x08002020   0x0000000c   Code   RO          131    .text.OS_currentTCB  os.o
    0x0800202c   0x0800202c   0x0000000c   Code   RO          133    .text.OS_elapsedTicks  os.o
    0x08002038   0x08002038   0x0000000e   Code   RO          237    .text.OS_initCommsQueue  queue.o
    0x08002046   0x08002046   0x00000002   PAD
    0x08002048   0x08002048   0x000000a6   Code   RO           91    .text.OS_initialiseTCB  scheduler.o
    0x080020ee   0x080020ee   0x00000002   PAD
    0x080020f0   0x080020f0   0x00000062   Code   RO           68    .text.OS_mutex_acquire  mutex.o
    0x08002152   0x08002152   0x00000002   PAD
    0x08002154   0x08002154   0x0000003a   Code   RO           72    .text.OS_mutex_release  mutex.o
    0x0800218e   0x0800218e   0x00000002   PAD
    0x08002190   0x08002190   0x00000044   Code   RO           97    .text.OS_notifyAll  scheduler.o
    0x080021d4   0x080021d4   0x0000004c   Code   RO          243    .text.OS_receivePacket  queue.o
    0x08002220   0x08002220   0x00000048   Code   RO          185    .text.OS_semBinary_acquire  semaphore.o
    0x08002268   0x08002268   0x00000030   Code   RO          187    .text.OS_semBinary_release  semaphore.o
    0x08002298   0x08002298   0x0000004c   Code   RO          179    .text.OS_semaphore_acquire  semaphore.o
    0x080022e4   0x080022e4   0x00000030   Code   RO          183    .text.OS_semaphore_release  semaphore.o
    0x08002314   0x08002314   0x0000003a   Code   RO          239    .text.OS_sendPacket  queue.o
    0x0800234e   0x0800234e   0x00000002   PAD
    0x08002350   0x08002350   0x00000056   Code   RO          168    .text.OS_sleep      sleep.o
    0x080023a6   0x080023a6   0x00000002   PAD
    0x080023a8   0x080023a8   0x00000010   Code   RO          141    .text.OS_start      os.o
    0x080023b8   0x080023b8   0x0000008e   Code   RO           83    .text.OS_wake       scheduler.o
    0x08002446   0x08002446   0x00000002   PAD
    0x08002448   0x08002448   0x00000052   Code   RO          149    .text.SysTick_Config  os.o
    0x0800249a   0x0800249a   0x00000002   PAD
    0x0800249c   0x0800249c   0x0000001e   Code   RO          135    .text.SysTick_Handler  os.o
    0x080024ba   0x080024ba   0x00000002   PAD
    0x080024bc   0x080024bc   0x0000012e   Code   RO          340    .text.SystemCoreClockUpdate  system_stm32f4xx.o
    0x080025ea   0x080025ea   0x00000002   PAD
    0x080025ec   0x080025ec   0x00000002   Code   RO          338    .text.SystemInit    system_stm32f4xx.o
    0x080025ee   0x080025ee   0x00000002   PAD
    0x080025f0   0x080025f0   0x0000002e   Code   RO          147    .text._OS_enable_systick_delegate  os.o
    0x0800261e   0x0800261e   0x00000002   PAD
    0x08002620   0x08002620   0x0000005a   Code   RO           81    .text._OS_schedule  scheduler.o
    0x0800267a   0x0800267a   0x00000002   PAD
    0x0800267c   0x0800267c   0x00000010   Code   RO          139    .text._OS_schedule_delegate  os.o
    0x0800268c   0x0800268c   0x0000006e   Code   RO          113    .text._OS_sleepHeap_delegate  scheduler.o
    0x080026fa   0x080026fa   0x00000002   PAD
    0x080026fc   0x080026fc   0x0000003a   Code   RO          107    .text._OS_taskExit_delegate  scheduler.o
    0x08002736   0x08002736   0x00000002   PAD
    0x08002738   0x08002738   0x0000000a   Code   RO          143    .text._OS_task_end  os.o
    0x08002742   0x08002742   0x00000002   PAD
    0x08002744   0x08002744   0x0000006e   Code   RO          111    .text._OS_wait_delegate  scheduler.o
    0x080027b2   0x080027b2   0x00000002   PAD
    0x080027b4   0x080027b4   0x00000022   Code   RO          137    .text._OS_yield_delegate  os.o
    0x080027d6   0x080027d6   0x00000002   PAD
    0x080027d8   0x080027d8   0x00000042   Code   RO          151    .text.__NVIC_SetPriority  os.o
    0x0800281a   0x0800281a   0x00000002   PAD
    0x0800281c   0x0800281c   0x00000016   Code   RO          145    .text._svc_0        os.o
    0x08002832   0x08002832   0x00000002   PAD
    0x08002834   0x08002834   0x0000001e   Code   RO           70    .text._svc_1        mutex.o
    0x08002852   0x08002852   0x00000002   PAD
    0x08002854   0x08002854   0x0000001e   Code   RO          170    .text._svc_1        sleep.o
    0x08002872   0x08002872   0x00000002   PAD
    0x08002874   0x08002874   0x0000001e   Code   RO          181    .text._svc_1        semaphore.o
    0x08002892   0x08002892   0x00000002   PAD
    0x08002894   0x08002894   0x0000001e   Code   RO          247    .text._svc_1        queue.o
    0x080028b2   0x080028b2   0x00000002   PAD
    0x080028b4   0x080028b4   0x0000004a   Code   RO          306    .text._sys_close    retarget_io.o
    0x080028fe   0x080028fe   0x00000002   PAD
    0x08002900   0x08002900   0x00000008   Code   RO          283    .text._sys_exit     utils.o
    0x08002908   0x08002908   0x00000048   Code   RO          318    .text._sys_flen     retarget_io.o
    0x08002950   0x08002950   0x00000048   Code   RO          314    .text._sys_istty    retarget_io.o
    0x08002998   0x08002998   0x00000084   Code   RO          304    .text._sys_open     retarget_io.o
    0x08002a1c   0x08002a1c   0x00000052   Code   RO          316    .text._sys_seek     retarget_io.o
    0x08002a6e   0x08002a6e   0x00000002   PAD
    0x08002a70   0x08002a70   0x00000076   Code   RO          308    .text._sys_write    retarget_io.o
    0x08002ae6   0x08002ae6   0x00000002   PAD
    0x08002ae8   0x08002ae8   0x00000010   Code   RO          312    .text._ttywrch      retarget_io.o
    0x08002af8   0x08002af8   0x000000f6   Code   RO           43    .text.chattyTask    tasks.o
    0x08002bee   0x08002bee   0x00000002   PAD
    0x08002bf0   0x08002bf0   0x00000048   Code   RO          115    .text.comparator    scheduler.o
    0x08002c38   0x08002c38   0x000000bc   Code   RO          291    .text.configClock   utils.o
    0x08002cf4   0x08002cf4   0x000000c0   Code   RO          293    .text.configUSART2  utils.o
    0x08002db4   0x08002db4   0x00000038   Code   RO          208    .text.find_children  heap.o
    0x08002dec   0x08002dec   0x0000000c   Code   RO          103    .text.getNotificationCounter  scheduler.o
    0x08002df8   0x08002df8   0x0000000c   Code   RO          105    .text.getSleepCounter  scheduler.o
    0x08002e04   0x08002e04   0x000000de   Code   RO           47    .text.greedyTask    tasks.o
    0x08002ee2   0x08002ee2   0x00000002   PAD
    0x08002ee4   0x08002ee4   0x000000f6   Code   RO          202    .text.heap_down     heap.o
    0x08002fda   0x08002fda   0x00000002   PAD
    0x08002fdc   0x08002fdc   0x0000002e   Code   RO          200    .text.heap_extract  heap.o
    0x0800300a   0x0800300a   0x00000002   PAD
    0x0800300c   0x0800300c   0x0000002a   Code   RO          196    .text.heap_insert   heap.o
    0x08003036   0x08003036   0x00000002   PAD
    0x08003038   0x08003038   0x00000012   Code   RO          204    .text.heap_isEmpty  heap.o
    0x0800304a   0x0800304a   0x00000002   PAD
    0x0800304c   0x0800304c   0x0000006a   Code   RO          198    .text.heap_up       heap.o
    0x080030b6   0x080030b6   0x00000002   PAD
    0x080030b8   0x080030b8   0x00000024   Code   RO           37    .text.initialiseOSResources  tasks.o
    0x080030dc   0x080030dc   0x00000044   Code   RO           95    .text.list_add      scheduler.o
    0x08003120   0x08003120   0x0000003c   Code   RO           99    .text.list_pop_sl   scheduler.o
    0x0800315c   0x0800315c   0x0000002a   Code   RO          101    .text.list_push_sl  scheduler.o
    0x08003186   0x08003186   0x00000002   PAD
    0x08003188   0x08003188   0x0000004a   Code   RO          109    .text.list_remove   scheduler.o
    0x080031d2   0x080031d2   0x00000002   PAD
    0x080031d4   0x080031d4   0x000000e2   Code   RO           45    .text.listeningTask  tasks.o
    0x080032b6   0x080032b6   0x00000002   PAD
    0x080032b8   0x080032b8   0x0000003a   Code   RO           51    .text.lowPriorityTask  tasks.o
    0x080032f2   0x080032f2   0x00000002   PAD
    0x080032f4   0x080032f4   0x00000114   Code   RO           11    .text.main          main.o
    0x08003408   0x08003408   0x0000004e   Code   RO          223    .text.poolStaticAlloc  mempool.o
    0x08003456   0x08003456   0x00000002   PAD
    0x08003458   0x08003458   0x00000050   Code   RO          217    .text.pool_allocate  mempool.o
    0x080034a8   0x080034a8   0x00000034   Code   RO          219    .text.pool_deallocate  mempool.o
    0x080034dc   0x080034dc   0x000000c8   Code   RO          221    .text.pool_init     mempool.o
    0x080035a4   0x080035a4   0x000000a0   Code   RO          245    .text.queue_get     queue.o
    0x08003644   0x08003644   0x0000007e   Code   RO          241    .text.queue_put     queue.o
    0x080036c2   0x080036c2   0x00000002   PAD
    0x080036c4   0x080036c4   0x00000034   Code   RO           87    .text.roundRobin    scheduler.o
    0x080036f8   0x080036f8   0x00000088   Code   RO           39    .text.sleepTest1    tasks.o
    0x08003780   0x08003780   0x00000032   Code   RO           85    .text.sortPending   scheduler.o
    0x080037b2   0x080037b2   0x00000002   PAD
    0x080037b4   0x080037b4   0x0000001e   Code   RO          249    .text.spaces        queue.o
    0x080037d2   0x080037d2   0x00000002   PAD
    0x080037d4   0x080037d4   0x0000004e   Code   RO          261    .text.static_alloc  static_alloc.o
    0x08003822   0x08003822   0x00000002   PAD
    0x08003824   0x08003824   0x0000002a   Code   RO          289    .text.stdout_putchar  utils.o
    0x0800384e   0x0800384e   0x00000002   PAD
    0x08003850   0x08003850   0x0000002a   Code   RO          206    .text.swap_elements  heap.o
    0x0800387a   0x0800387a   0x00000002   PAD
    0x0800387c   0x0800387c   0x00000010   Code   RO          287    .text.ttywrch       utils.o
    0x0800388c   0x0800388c   0x00000042   Code   RO           49    .text.veryHighPriorityTask  tasks.o
    0x080038ce   0x080038ce   0x0000003e   Code   RO          656    CL$$btod_d2e        c_w.l(btod.o)
    0x0800390c   0x0800390c   0x00000046   Code   RO          658    CL$$btod_d2e_denorm_low  c_w.l(btod.o)
    0x08003952   0x08003952   0x00000060   Code   RO          657    CL$$btod_d2e_norm_op1  c_w.l(btod.o)
    0x080039b2   0x080039b2   0x00000002   PAD
    0x080039b4   0x080039b4   0x00000338   Code   RO          666    CL$$btod_div_common  c_w.l(btod.o)
    0x08003cec   0x08003cec   0x000000dc   Code   RO          663    CL$$btod_e2e        c_w.l(btod.o)
    0x08003dc8   0x08003dc8   0x0000002a   Code   RO          660    CL$$btod_ediv       c_w.l(btod.o)
    0x08003df2   0x08003df2   0x0000002a   Code   RO          659    CL$$btod_emul       c_w.l(btod.o)
    0x08003e1c   0x08003e1c   0x00000244   Code   RO          665    CL$$btod_mult_common  c_w.l(btod.o)
    0x08004060   0x08004060   0x00000090   Code   RO          164    OS_func             os_asm.o
    0x080040f0   0x080040f0   0x00000028   Code   RO          733    i.__ARM_fpclassify  m_ws.l(fpclassify.o)
    0x08004118   0x08004118   0x0000000e   Code   RO          433    i._is_digit         c_w.l(__printf_wp.o)
    0x08004126   0x08004126   0x0000001c   Code   RO          565    i.fputc             c_w.l(fputc.o)
    0x08004142   0x08004142   0x00000002   PAD
    0x08004144   0x08004144   0x0000002c   Code   RO          694    locale$$code        c_w.l(lc_numeric_c.o)
    0x08004170   0x08004170   0x0000002c   Code   RO          782    locale$$code        c_w.l(lc_ctype_c.o)
    0x0800419c   0x0800419c   0x00000004   Code   RO          521    x$fpl$printf1       fz_ws.l(printf1.o)
    0x080041a0   0x080041a0   0x00000004   Code   RO          523    x$fpl$printf2       fz_ws.l(printf2.o)
    0x080041a4   0x080041a4   0x00000000   Code   RO          732    x$fpl$usenofp       fz_ws.l(usenofp.o)
    0x080041a4   0x080041a4   0x00000008   Data   RO          392    .constdata          c_w.l(_printf_wctomb.o)
    0x080041ac   0x080041ac   0x00000028   Data   RO          421    .constdata          c_w.l(_printf_hex_int_ll_ptr.o)
    0x080041d4   0x080041d4   0x00000011   Data   RO          441    .constdata          c_w.l(__printf_flags_ss_wp.o)
    0x080041e5   0x080041e5   0x00000026   Data   RO          553    .constdata          c_w.l(_printf_fp_hex.o)
    0x0800420b   0x0800420b   0x00000001   PAD
    0x0800420c   0x0800420c   0x00000094   Data   RO          654    .constdata          c_w.l(bigflt0.o)
    0x080042a0   0x080042a0   0x00000010   Data   RO          343    .rodata.AHBPrescTable  system_stm32f4xx.o
    0x080042b0   0x080042b0   0x00000004   Data   RO          154    .rodata._OS_idleTCB_p  os.o
    0x080042b4   0x080042b4   0x00000008   Data   RO          322    .rodata.__stderr_name  retarget_io.o
    0x080042bc   0x080042bc   0x00000007   Data   RO          320    .rodata.__stdin_name  retarget_io.o
    0x080042c3   0x080042c3   0x00000008   Data   RO          321    .rodata.__stdout_name  retarget_io.o
    0x080042cb   0x080042cb   0x000001db   Data   RO           54    .rodata.str1.1      tasks.o
    0x080044a6   0x080044a6   0x00000017   Data   RO          323    .rodata.str1.1      retarget_io.o
    0x080044bd   0x080044bd   0x00000003   PAD
    0x080044c0   0x080044c0   0x00000020   Data   RO          869    Region$$Table       anon$$obj.o
    0x080044e0   0x080044e0   0x0000001c   Data   RO          693    locale$$data        c_w.l(lc_numeric_c.o)
    0x080044fc   0x080044fc   0x00000110   Data   RO          781    locale$$data        c_w.l(lc_ctype_c.o)


    Execution Region RW_IRAM1 (Exec base: 0x20000000, Load base: 0x08004610, Size: 0x000096b8, Max: 0x00020000, ABSOLUTE)

    Exec Addr    Load Addr    Size         Type   Attr      Idx    E Section Name        Object

    0x20000000   0x08004610   0x00000004   Data   RW          469    .data               c_w.l(stdio_streams.o)
    0x20000004   0x08004614   0x00000004   Data   RW          470    .data               c_w.l(stdio_streams.o)
    0x20000008   0x08004618   0x00000004   Data   RW          471    .data               c_w.l(stdio_streams.o)
    0x2000000c   0x0800461c   0x00000004   Data   RW          342    .data.SystemCoreClock  system_stm32f4xx.o
    0x20000010   0x08004620   0x00000018   Data   RW          153    .data._OS_idleTCB   os.o
    0x20000028   0x08004638   0x00000004   Data   RW          227    .data.alignmentMask  mempool.o
    0x2000002c   0x0800463c   0x00000004   Data   RW          264    .data.bitmask       static_alloc.o
    0x20000030   0x08004640   0x00000040   Data   RW          296    .data.configUSART2.hpre  utils.o
    0x20000070   0x08004680   0x00000020   Data   RW          295    .data.configUSART2.ppre1  utils.o
    0x20000090   0x080046a0   0x00000018   Data   RW           20    .data.main.TCB3     main.o
    0x200000a8   0x080046b8   0x00000018   Data   RW           21    .data.main.TCB4     main.o
    0x200000c0   0x080046d0   0x00000018   Data   RW           22    .data.main.TCB5     main.o
    0x200000d8   0x080046e8   0x00000018   Data   RW           23    .data.main.TCB6     main.o
    0x200000f0   0x08004700   0x00000004   Data   RW          225    .data.memoryFree    mempool.o
    0x200000f4   0x08004704   0x00000004   Data   RW          228    .data.pool_index    mempool.o
    0x200000f8   0x08004708   0x00000004   Data   RW          263    .data.pool_index    static_alloc.o
    0x200000fc   0x0800470c   0x00000010   Data   RW          122    .data.sleepHeap     scheduler.o
    0x2000010c   0x0800471c   0x00000004   Data   RW          252    .data.spaces_left_ptr  queue.o
    0x20000110        -       0x000000e4   Zero   RW          359    .bss                c_w.l(rand.o)
    0x200001f4        -       0x00000054   Zero   RW          466    .bss                c_w.l(stdio_streams.o)
    0x20000248        -       0x00000054   Zero   RW          467    .bss                c_w.l(stdio_streams.o)
    0x2000029c        -       0x00000054   Zero   RW          468    .bss                c_w.l(stdio_streams.o)
    0x200002f0        -       0x00000060   Zero   RW          736    .bss                c_w.l(libspace.o)
    0x20000350        -       0x00000004   Zero   RW          155    .bss._currentTCB    os.o
    0x20000354   0x08004720   0x00000004   PAD
    0x20000358        -       0x00000040   Zero   RW          157    .bss._idleTaskSF    os.o
    0x20000398        -       0x00000004   Zero   RW          156    .bss._ticks         os.o
    0x2000039c        -       0x0000005c   Zero   RW          251    .bss.commsQueue     queue.o
    0x200003f8        -       0x00000018   Zero   RW           19    .bss.main.TCB1      main.o
    0x20000410        -       0x00000018   Zero   RW           24    .bss.main.TCB2      main.o
    0x20000428        -       0x00000200   Zero   RW           13    .bss.main.stack1    main.o
    0x20000628        -       0x00000200   Zero   RW           18    .bss.main.stack2    main.o
    0x20000828        -       0x00000200   Zero   RW           14    .bss.main.stack3    main.o
    0x20000a28        -       0x00000200   Zero   RW           15    .bss.main.stack4    main.o
    0x20000c28        -       0x00000200   Zero   RW           16    .bss.main.stack5    main.o
    0x20000e28        -       0x00000200   Zero   RW           17    .bss.main.stack6    main.o
    0x20001028        -       0x00000008   Zero   RW           56    .bss.mutex_p0       tasks.o
    0x20001030        -       0x00000008   Zero   RW           59    .bss.mutex_p2       tasks.o
    0x20001038        -       0x00000008   Zero   RW           58    .bss.mutex_p3       tasks.o
    0x20001040        -       0x00000008   Zero   RW           60    .bss.mutex_p4       tasks.o
    0x20001048        -       0x00000004   Zero   RW          118    .bss.notification_counter  scheduler.o
    0x2000104c        -       0x00000008   Zero   RW          120    .bss.pending_list   scheduler.o
    0x20001054        -       0x00000008   Zero   RW           53    .bss.pool           tasks.o
    0x2000105c        -       0x00000004   Zero   RW          226    .bss.pool_init.blocksFree  mempool.o
    0x20001060        -       0x00000014   Zero   RW          117    .bss.schedule       scheduler.o
    0x20001074        -       0x00000004   Zero   RW           55    .bss.sleepID        tasks.o
    0x20001078        -       0x00000004   Zero   RW          121    .bss.sleep_counter  scheduler.o
    0x2000107c        -       0x00000004   Zero   RW          253    .bss.spaces_left    queue.o
    0x20001080        -       0x00003fdc   Zero   RW          229    .bss.static_pool    mempool.o
    0x2000505c   0x08004720   0x00000004   PAD
    0x20005060        -       0x00004000   Zero   RW          265    .bss.static_pool    static_alloc.o
    0x20009060        -       0x00000050   Zero   RW          123    .bss.store          scheduler.o
    0x200090b0        -       0x00000008   Zero   RW          119    .bss.wait_list      scheduler.o
    0x200090b8        -       0x00000200   Zero   RW          331    HEAP                startup_stm32f407xx.o
    0x200092b8        -       0x00000400   Zero   RW          330    STACK               startup_stm32f407xx.o


==============================================================================

Image component sizes


      Code (inc. data)   RO Data    RW Data    ZI Data      Debug   Object Name

       176          0          0          0          0       1246   hardfault.o
       556          0          0          0          0       2897   heap.o
       276          0          0         96       3120       1237   main.o
       410          0          0         12      16352       2334   mempool.o
         0          0          0          0          0         32   mode_utils_asm.o
       186          0          0          0          0       1834   mutex.o
       346          0          4         24         72       6070   os.o
       144         34          0          0          0        348   os_asm.o
       494          0          0          4         96       2784   queue.o
       566          0         46          0          0       2702   retarget_io.o
      1314          0          0         16        124       6588   scheduler.o
       274          0          0          0          0       2085   semaphore.o
       116          0          0          0          0       1485   sleep.o
        64         26        392          0       1536        884   startup_stm32f407xx.o
        78          0          0          8      16384        982   static_alloc.o
       304          0         16          4          0       2186   system_stm32f4xx.o
       990          0        475          0         44       3875   tasks.o
       446          0          0         96          0       3052   utils.o

    ----------------------------------------------------------------------
      6834         60        968        260      37736      42621   Object Totals
         0          0         32          0          0          0   (incl. Generated)
        94          0          3          0          8          0   (incl. Padding)

    ----------------------------------------------------------------------

      Code (inc. data)   RO Data    RW Data    ZI Data      Debug   Library Member Name

         8          0          0          0          0         68   __main.o
       392          4         17          0          0         92   __printf_flags_ss_wp.o
        14          0          0          0          0         68   __printf_wp.o
         0          0          0          0          0          0   __rtentry.o
        12          0          0          0          0          0   __rtentry2.o
         6          0          0          0          0          0   __rtentry4.o
        94          8          0          0          0          0   __scatter.o
        26          0          0          0          0          0   __scatter_copy.o
        28          0          0          0          0          0   __scatter_zi.o
        72          0          0          0          0         96   _c16rtomb.o
         6          0          0          0          0          0   _printf_a.o
         6          0          0          0          0          0   _printf_c.o
        44          0          0          0          0        108   _printf_char.o
        48          6          0          0          0         96   _printf_char_common.o
        36          4          0          0          0         80   _printf_char_file.o
        40          0          0          0          0         68   _printf_charcount.o
         6          0          0          0          0          0   _printf_d.o
       120         16          0          0          0         92   _printf_dec.o
         6          0          0          0          0          0   _printf_e.o
         6          0          0          0          0          0   _printf_f.o
      1052          0          0          0          0        148   _printf_fp_dec.o
       764          8         38          0          0        100   _printf_fp_hex.o
       128         16          0          0          0         84   _printf_fp_infnan.o
         6          0          0          0          0          0   _printf_g.o
       148          4         40          0          0        160   _printf_hex_int_ll_ptr.o
         6          0          0          0          0          0   _printf_i.o
       178          0          0          0          0         88   _printf_intcommon.o
        10          0          0          0          0          0   _printf_l.o
         6          0          0          0          0          0   _printf_lc.o
        10          0          0          0          0          0   _printf_ll.o
         6          0          0          0          0          0   _printf_lld.o
         6          0          0          0          0          0   _printf_lli.o
         6          0          0          0          0          0   _printf_llo.o
         6          0          0          0          0          0   _printf_llu.o
         6          0          0          0          0          0   _printf_llx.o
       124         16          0          0          0         92   _printf_longlong_dec.o
         6          0          0          0          0          0   _printf_ls.o
         6          0          0          0          0          0   _printf_n.o
         6          0          0          0          0          0   _printf_o.o
       112          8          0          0          0        124   _printf_oct_int_ll.o
         6          0          0          0          0          0   _printf_p.o
        78          0          0          0          0        108   _printf_pad.o
         0          0          0          0          0          0   _printf_percent.o
         4          0          0          0          0          0   _printf_percent_end.o
         6          0          0          0          0          0   _printf_s.o
        82          0          0          0          0         80   _printf_str.o
        36          0          0          0          0         84   _printf_truncate.o
         6          0          0          0          0          0   _printf_u.o
        44          0          0          0          0        108   _printf_wchar.o
       188          6          8          0          0         92   _printf_wctomb.o
         6          0          0          0          0          0   _printf_x.o
       228          4        148          0          0         96   bigflt0.o
      1936        128          0          0          0        668   btod.o
        10          0          0          0          0         68   defsig_exit.o
        50          0          0          0          0         88   defsig_general.o
        80         58          0          0          0         76   defsig_rtmem_inner.o
        14          0          0          0          0         80   defsig_rtmem_outer.o
        52         38          0          0          0         76   defsig_rtred_inner.o
        14          0          0          0          0         80   defsig_rtred_outer.o
        18          0          0          0          0         80   exit.o
        76          0          0          0          0         88   fclose.o
         8          0          0          0          0         68   ferror.o
       482          0          0          0          0         92   flsbuf.o
       240          6          0          0          0        128   fopen.o
        28          0          0          0          0         68   fputc.o
       248          6          0          0          0         84   fseek.o
        66          0          0          0          0         76   ftell.o
        94          0          0          0          0         80   h1_alloc.o
        52          0          0          0          0         68   h1_extend.o
        78          0          0          0          0         80   h1_free.o
        12          0          0          0          0         84   h1_init.o
         6          0          0          0          0        152   heapauxi.o
         4          0          0          0          0        136   hguard.o
       138          0          0          0          0        168   init_alloc.o
       312         46          0          0          0        112   initio.o
        44         10        272          0          0         76   lc_ctype_c.o
        44         10         28          0          0         76   lc_numeric_c.o
         2          0          0          0          0          0   libinit.o
        46          0          0          0          0          0   libinit2.o
         2          0          0          0          0          0   libshutdown.o
         6          0          0          0          0          0   libshutdown2.o
         8          4          0          0         96         68   libspace.o
       138          0          0          0          0         80   lludiv10.o
         0          0          0          0          0          0   maybetermalloc1.o
        24          4          0          0          0         84   printf.o
       112         18          0          0        228        160   rand.o
        16          4          0          0          0         76   rt_ctype_table.o
         8          4          0          0          0         68   rt_errno_addr_intlibspace.o
         8          4          0          0          0         68   rt_heap_descriptor_intlibspace.o
         8          4          0          0          0         68   rt_locale_intlibspace.o
        68          0          0          0          0         68   rt_memclr.o
        78          0          0          0          0         80   rt_memclr_w.o
         2          0          0          0          0          0   rtexit.o
        10          0          0          0          0          0   rtexit2.o
        70          0          0          0          0         80   setvbuf.o
       264          6          0          0          0        160   stdio.o
         0          0          0         12        252          0   stdio_streams.o
       124          0          0          0          0         88   strcmpv7em.o
        86          0          0          0          0         76   strncpy.o
        74          0          0          0          0         80   sys_stackheap_outer.o
         2          0          0          0          0         68   use_no_semi.o
         2          0          0          0          0         68   use_no_semi_2.o
         4          0          0          0          0         68   printf1.o
         4          0          0          0          0         68   printf2.o
         0          0          0          0          0          0   usenofp.o
        40          0          0          0          0         68   fpclassify.o

    ----------------------------------------------------------------------
      9578        450        552         12        576       6628   Library Totals
        20          0          1          0          0          0   (incl. Padding)

    ----------------------------------------------------------------------

      Code (inc. data)   RO Data    RW Data    ZI Data      Debug   Library Name

      9510        450        551         12        576       6424   c_w.l
         8          0          0          0          0        136   fz_ws.l
        40          0          0          0          0         68   m_ws.l

    ----------------------------------------------------------------------
      9578        450        552         12        576       6628   Library Totals

    ----------------------------------------------------------------------

==============================================================================


      Code (inc. data)   RO Data    RW Data    ZI Data      Debug   

     16412        510       1520        272      38312      45341   Grand Totals
     16412        510       1520        272      38312      45341   ELF Image Totals
     16412        510       1520        272          0          0   ROM Totals

==============================================================================

    Total RO  Size (Code + RO Data)                17932 (  17.51kB)
    Total RW  Size (RW Data + ZI Data)             38584 (  37.68kB)
    Total ROM Size (Code + RO Data + RW Data)      18204 (  17.78kB)

==============================================================================

