


ARM Macro Assembler    Page 1 


    1 00000000                 AREA             mainarea,CODE
    2 00000000                 EXPORT           fib
    3 00000000         
    4 00000000         branch
    5 00000000 F1A2 0001       SUB              r0, r2, #1
    6 00000004         
    7 00000004 4623            MOV              r3, r4
    8 00000006 461A            MOV              r2, r3
    9 00000008         
   10 00000008 E7FE            B                fib         ; Call to find n-1
   11 0000000A         
   12 0000000A 462B            MOV              r3, r5
   13 0000000C         
   14 0000000C E7FE            B                fib         ; Call to find n-2
   15 0000000E         
   16 0000000E 462C            MOV              r4, r5
   17 00000010 EB03 0204       ADD              r2, r3, r4
   18 00000014         
   19 00000014 4770            BX               LR
   20 00000016         
   21 00000016         fib
   22 00000016 4671            MOV              r1, LR
   23 00000018 4602            MOV              r2, r0
   24 0000001A         
   25 0000001A 2802            CMP              r0, #2
   26 0000001C D8F0            BHI              branch
   27 0000001E         
   28 0000001E F04F 0501       MOV              r5, #1
   29 00000022 468E            MOV              LR, r1
   30 00000024         
   31 00000024 E7EC            B                branch
   32 00000026         
   33 00000026                 END
Command Line: --debug --xref --diag_suppress=9931,A1950W --cpu=Cortex-M4.fp.sp 
--depend=.\objects\fibonnaci.d -o.\objects\fibonnaci.o -I.\RTE\_STM32F407_Flash
 -I"C:\Users\Jon Cooke\AppData\Local\Arm\Packs\ARM\CMSIS\6.1.0\CMSIS\Core\Inclu
de" -I"C:\Users\Jon Cooke\AppData\Local\Arm\Packs\Keil\STM32F4xx_DFP\2.17.1\Dri
vers\CMSIS\Device\ST\STM32F4xx\Include" --predefine="__EVAL SETA 1" --predefine
="__UVISION_VERSION SETA 541" --predefine="STM32F407xx SETA 1" --predefine="_RT
E_ SETA 1" --list=.\listings\fibonnaci.lst asm\fibonnaci.s



ARM Macro Assembler    Page 1 Alphabetic symbol ordering
Relocatable symbols

branch 00000000

Symbol: branch
   Definitions
      At line 4 in file asm\fibonnaci.s
   Uses
      At line 26 in file asm\fibonnaci.s
      At line 31 in file asm\fibonnaci.s

fib 00000016

Symbol: fib
   Definitions
      At line 21 in file asm\fibonnaci.s
   Uses
      At line 2 in file asm\fibonnaci.s
      At line 10 in file asm\fibonnaci.s
      At line 14 in file asm\fibonnaci.s

mainarea 00000000

Symbol: mainarea
   Definitions
      At line 1 in file asm\fibonnaci.s
   Uses
      None
Comment: mainarea unused
3 symbols
338 symbols in table
