<html>
<body>
<pre>
<h1>µVision Build Log</h1>
<h2>Tool Versions:</h2>
IDE-Version: µVision V5.41.0.0
Copyright (C) 2024 ARM Ltd and ARM Germany GmbH. All rights reserved.
License Information: Jonathan Cooke, University of York, LIC=----
 
Tool Versions:
Toolchain:       MDK-Lite  Version: 5.41.0.0
Toolchain Path:  C:\Users\Jon Cooke\AppData\Local\Keil_v5\ARM\ARMCLANG\Bin
C Compiler:      ArmClang.exe V6.22
Assembler:       Armasm.exe V6.22
Linker/Locator:  ArmLink.exe V6.22
Library Manager: ArmAr.exe V6.22
Hex Converter:   FromElf.exe V6.22
CPU DLL:         SARMCM3.DLL V5.41.0.0
Dialog DLL:      DCM.DLL V1.17.5.0
Target DLL:      STLink\ST-LINKIII-KEIL_SWO.dll V3.3.0.0
Dialog DLL:      TCM.DLL V1.56.4.0
 
<h2>Project:</h2>
C:\Users\Jon Cooke\Documents\Education\York\Year4\SystemsProgrammingforARM\systems-programming\Programming\types\types.uvprojx
Project File Date:  09/23/2024

<h2>Output:</h2>
*** Using Compiler 'V6.22', folder: 'C:\Users\Jon Cooke\AppData\Local\Keil_v5\ARM\ARMCLANG\Bin'
Rebuild target 'STM32F407 Flash'
src/Utils/hardfault.c(16): warning: variable 'stacked_r0' set but not used [-Wunused-but-set-variable]
   16 |         volatile uint32_t stacked_r0 ;
      |                           ^
src/Utils/hardfault.c(17): warning: variable 'stacked_r1' set but not used [-Wunused-but-set-variable]
   17 |         volatile uint32_t stacked_r1 ;
      |                           ^
src/Utils/hardfault.c(18): warning: variable 'stacked_r2' set but not used [-Wunused-but-set-variable]
   18 |         volatile uint32_t stacked_r2 ;
      |                           ^
src/Utils/hardfault.c(19): warning: variable 'stacked_r3' set but not used [-Wunused-but-set-variable]
   19 |         volatile uint32_t stacked_r3 ;
      |                           ^
src/Utils/hardfault.c(20): warning: variable 'stacked_r12' set but not used [-Wunused-but-set-variable]
   20 |         volatile uint32_t stacked_r12 ;
      |                           ^
src/Utils/hardfault.c(21): warning: variable 'stacked_lr' set but not used [-Wunused-but-set-variable]
   21 |         volatile uint32_t stacked_lr ;
      |                           ^
src/Utils/hardfault.c(22): warning: variable 'stacked_pc' set but not used [-Wunused-but-set-variable]
   22 |         volatile uint32_t stacked_pc ;
      |                           ^
src/Utils/hardfault.c(23): warning: variable 'stacked_psr' set but not used [-Wunused-but-set-variable]
   23 |         volatile uint32_t stacked_psr ;
      |                           ^
src/Utils/hardfault.c(24): warning: variable '_CFSR' set but not used [-Wunused-but-set-variable]
   24 |         volatile uint32_t _CFSR ;
      |                           ^
src/Utils/hardfault.c(25): warning: variable '_HFSR' set but not used [-Wunused-but-set-variable]
   25 |         volatile uint32_t _HFSR ;
      |                           ^
src/Utils/hardfault.c(26): warning: variable '_DFSR' set but not used [-Wunused-but-set-variable]
   26 |         volatile uint32_t _DFSR ;
      |                           ^
src/Utils/hardfault.c(27): warning: variable '_AFSR' set but not used [-Wunused-but-set-variable]
   27 |         volatile uint32_t _AFSR ;
      |                           ^
src/Utils/hardfault.c(28): warning: variable '_BFAR' set but not used [-Wunused-but-set-variable]
   28 |         volatile uint32_t _BFAR ;
      |                           ^
src/Utils/hardfault.c(29): warning: variable '_MMAR' set but not used [-Wunused-but-set-variable]
   29 |         volatile uint32_t _MMAR ;
      |                           ^
14 warnings generated.
compiling hardfault.c...
assembling startup_stm32f407xx.s...
compiling system_stm32f4xx.c...
compiling main.c...
compiling retarget_io.c...
compiling utils.c...
linking...
Program Size: Code=10960 RO-data=1052 RW-data=112 ZI-data=1888  
".\Objects\types.axf" - 0 Error(s), 14 Warning(s).

<h2>Software Packages used:</h2>

Package Vendor: ARM
                https://www.keil.com/pack/ARM.CMSIS.6.1.0.pack
                ARM::CMSIS@6.1.0
                CMSIS (Common Microcontroller Software Interface Standard)
   * Component: CORE Version: 6.1.0

Package Vendor: Keil
                https://www.keil.com/pack/Keil.ARM_Compiler.1.7.2.pack
                Keil::ARM_Compiler@1.7.2
                Keil ARM Compiler extensions for ARM Compiler 5 and ARM Compiler 6
   * Component: STDOUT Variant: User Version: 1.2.0
   * Component: TTY Variant: User Version: 1.2.0

Package Vendor: Keil
                https://www.keil.com/pack/Keil.STM32F4xx_DFP.2.17.1.pack
                Keil::STM32F4xx_DFP@2.17.1
                STMicroelectronics STM32F4 Series Device Support, Drivers and Examples
   * Component: Startup Version: 2.6.3

<h2>Collection of Component include folders:</h2>
  ./RTE/_STM32F407_Flash
  C:/Users/Jon Cooke/AppData/Local/Arm/Packs/ARM/CMSIS/6.1.0/CMSIS/Core/Include
  C:/Users/Jon Cooke/AppData/Local/Arm/Packs/Keil/STM32F4xx_DFP/2.17.1/Drivers/CMSIS/Device/ST/STM32F4xx/Include

<h2>Collection of Component Files used:</h2>

   * Component: ARM::CMSIS:CORE@6.1.0

   * Component: Keil::Compiler&ARM Compiler:I/O:STDOUT&User@1.2.0
      Source file:   Template/stdout_USART.c
      Source file:   Template/stdout_user.c
      Source file:   Source/retarget_io.c
      Source file:   Template/stdout_display.c

   * Component: Keil::Compiler&ARM Compiler:I/O:TTY&User@1.2.0
      Source file:   Template/tty_user.c
      Source file:   Source/retarget_io.c

   * Component: Keil::Device:Startup@2.6.3
      Source file:   MDK/Device/Source/ARM/STM32F40xxx_41xxx_OPT.s
      Source file:   Drivers/CMSIS/Device/ST/STM32F4xx/Source/Templates/arm/startup_stm32f407xx.s
      Include file:  Drivers/CMSIS/Device/ST/STM32F4xx/Include/stm32f4xx.h
      Source file:   MDK/Device/Source/ARM/STM32F4xx_OTP.s
      Source file:   Drivers/CMSIS/Device/ST/STM32F4xx/Source/Templates/system_stm32f4xx.c
Build Time Elapsed:  00:00:01
</pre>
</body>
</html>
