Component: Arm Compiler for Embedded 6.22 Tool: armlink [5ee90200]

==============================================================================

Section Cross References

    mode_utils.o(.text.reportState) refers to mode_utils_asm.o(mode_utils) for getPSR
    mode_utils.o(.text.reportState) refers to mode_utils.o(.rodata.str1.1) for .L.str
    mode_utils.o(.text.reportState) refers to strcpy.o(.text) for strcpy
    mode_utils.o(.text.reportState) refers to printf.o(.text) for printf
    mode_utils.o(.ARM.exidx.text.reportState) refers to mode_utils.o(.text.reportState) for [Anonymous Symbol]
    main.o(.text.main) refers to utils.o(.text.configClock) for configClock
    main.o(.text.main) refers to utils.o(.text.configUSART2) for configUSART2
    main.o(.text.main) refers to tasks.o(.text.initialiseOSResources) for initialiseOSResources
    main.o(.text.main) refers to main.o(.bss.main.stack1) for main.stack1
    main.o(.text.main) refers to main.o(.bss.main.TCB1) for main.TCB1
    main.o(.text.main) refers to tasks.o(.text.veryHighPriorityTask) for veryHighPriorityTask
    main.o(.text.main) refers to scheduler.o(.text.OS_initialiseTCB) for OS_initialiseTCB
    main.o(.text.main) refers to main.o(.bss.main.stack2) for main.stack2
    main.o(.text.main) refers to main.o(.bss.main.TCB2) for main.TCB2
    main.o(.text.main) refers to tasks.o(.text.sleepTest2) for sleepTest2
    main.o(.text.main) refers to main.o(.bss.main.stack3) for main.stack3
    main.o(.text.main) refers to main.o(.data.main.TCB3) for main.TCB3
    main.o(.text.main) refers to tasks.o(.text.sleepTest1) for sleepTest1
    main.o(.text.main) refers to main.o(.bss.main.stack4) for main.stack4
    main.o(.text.main) refers to main.o(.bss.main.TCB4) for main.TCB4
    main.o(.text.main) refers to main.o(.bss.main.stack5) for main.stack5
    main.o(.text.main) refers to main.o(.data.main.TCB5) for main.TCB5
    main.o(.text.main) refers to main.o(.bss.main.stack6) for main.stack6
    main.o(.text.main) refers to main.o(.bss.main.TCB6) for main.TCB6
    main.o(.text.main) refers to main.o(.bss.main.stack7) for main.stack7
    main.o(.text.main) refers to main.o(.data.main.TCB7) for main.TCB7
    main.o(.text.main) refers to tasks.o(.text.greedyTask) for greedyTask
    main.o(.text.main) refers to main.o(.bss.main.stack8) for main.stack8
    main.o(.text.main) refers to main.o(.data.main.TCB8) for main.TCB8
    main.o(.text.main) refers to tasks.o(.text.chattyTask) for chattyTask
    main.o(.text.main) refers to main.o(.bss.main.stack9) for main.stack9
    main.o(.text.main) refers to main.o(.data.main.TCB9) for main.TCB9
    main.o(.text.main) refers to tasks.o(.text.listeningTask) for listeningTask
    main.o(.text.main) refers to main.o(.bss.main.stack10) for main.stack10
    main.o(.text.main) refers to main.o(.data.main.TCB10) for main.TCB10
    main.o(.text.main) refers to tasks.o(.text.lowPriorityTask) for lowPriorityTask
    main.o(.text.main) refers to scheduler.o(.text.OS_addTask) for OS_addTask
    main.o(.text.main) refers to os.o(.text.OS_start) for OS_start
    main.o(.ARM.exidx.text.main) refers to main.o(.text.main) for [Anonymous Symbol]
    mutex.o(.text.OS_mutex_aquire) refers to os.o(.text.OS_currentTCB) for OS_currentTCB
    mutex.o(.text.OS_mutex_aquire) refers to scheduler.o(.text.getNotificationCounter) for getNotificationCounter
    mutex.o(.text.OS_mutex_aquire) refers to mutex.o(.text._svc_1) for _svc_1
    mutex.o(.ARM.exidx.text.OS_mutex_aquire) refers to mutex.o(.text.OS_mutex_aquire) for [Anonymous Symbol]
    mutex.o(.ARM.exidx.text._svc_1) refers to mutex.o(.text._svc_1) for [Anonymous Symbol]
    mutex.o(.text.OS_mutex_acquire_refactor) refers to scheduler.o(.text.getNotificationCounter) for getNotificationCounter
    mutex.o(.text.OS_mutex_acquire_refactor) refers to mutex.o(.text._svc_1) for _svc_1
    mutex.o(.ARM.exidx.text.OS_mutex_acquire_refactor) refers to mutex.o(.text.OS_mutex_acquire_refactor) for [Anonymous Symbol]
    mutex.o(.text.OS_mutex_release) refers to os.o(.text.OS_currentTCB) for OS_currentTCB
    mutex.o(.text.OS_mutex_release) refers to scheduler.o(.text.OS_notifyAll) for OS_notifyAll
    mutex.o(.ARM.exidx.text.OS_mutex_release) refers to mutex.o(.text.OS_mutex_release) for [Anonymous Symbol]
    tasks.o(.text.initialiseOSResources) refers to tasks.o(.bss.pool) for pool
    tasks.o(.text.initialiseOSResources) refers to mempool.o(.text.pool_init) for pool_init
    tasks.o(.text.initialiseOSResources) refers to queue.o(.text.OS_initCommsQueue) for OS_initCommsQueue
    tasks.o(.text.initialiseOSResources) refers to mode_utils.o(.text.reportState) for reportState
    tasks.o(.text.initialiseOSResources) refers to tasks.o(.rodata.str1.1) for .L.str
    tasks.o(.text.initialiseOSResources) refers to printf.o(.text) for printf
    tasks.o(.text.initialiseOSResources) refers to mode_utils_asm.o(mode_utils) for getPSR
[...]
    HEAP                                     0x20009920   Section      512  startup_stm32f407xx.o(HEAP)
    Stack_Mem                                0x20009b20   Data        1024  startup_stm32f407xx.o(STACK)
    STACK                                    0x20009b20   Section     1024  startup_stm32f407xx.o(STACK)
    __initial_sp                             0x20009f20   Data           0  startup_stm32f407xx.o(STACK)

    Global Symbols

    Symbol Name                              Value     Ov Type        Size  Object(Section)

    BuildAttributes$$THM_ISAv4$E$P$D$K$B$S$7EM$PE$A:L22UL41UL21$X:L11$S22US41US21$IEEE1$IW$~IW$USESV6$~STKCKD$USESV7$~SHL$OTIME$ROPI$IEEEJ$EBA8$UX$STANDARDLIB$REQ8$PRES8$EABIv2 0x00000000   Number         0  anon$$obj.o ABSOLUTE
    __fp_init_empty                          0x00000000   Number         0  fpinit_empty.o ABSOLUTE
    _printf_flags                            0x00000000   Number         0  printf_stubs.o ABSOLUTE
    _printf_return_value                     0x00000000   Number         0  printf_stubs.o ABSOLUTE
    _printf_sizespec                         0x00000000   Number         0  printf_stubs.o ABSOLUTE
    _printf_widthprec                        0x00000000   Number         0  printf_stubs.o ABSOLUTE
    __ARM_exceptions_init                     - Undefined Weak Reference
    __alloca_initialize                       - Undefined Weak Reference
    __arm_preinit_                            - Undefined Weak Reference
    __arm_relocate_pie_                       - Undefined Weak Reference
    __cpp_initialize__aeabi_                  - Undefined Weak Reference
    __cxa_finalize                            - Undefined Weak Reference
    __sigvec_lookup                           - Undefined Weak Reference
    __user_heap_extent                        - Undefined Weak Reference
    _atexit_init                              - Undefined Weak Reference
    _call_atexit_fns                          - Undefined Weak Reference
    _clock_init                               - Undefined Weak Reference
    _fp_trap_init                             - Undefined Weak Reference
    _fp_trap_shutdown                         - Undefined Weak Reference
    _get_lc_collate                           - Undefined Weak Reference
    _get_lc_monetary                          - Undefined Weak Reference
    _get_lc_time                              - Undefined Weak Reference
    _getenv_init                              - Undefined Weak Reference
    _handle_redirection                       - Undefined Weak Reference
    _mutex_acquire                            - Undefined Weak Reference
    _mutex_free                               - Undefined Weak Reference
    _mutex_release                            - Undefined Weak Reference
    _printf_mbtowc                            - Undefined Weak Reference
    _printf_wc                                - Undefined Weak Reference
    _signal_finish                            - Undefined Weak Reference
    _signal_init                              - Undefined Weak Reference
    __Vectors_Size                           0x00000188   Number         0  startup_stm32f407xx.o ABSOLUTE
    __Vectors                                0x08000000   Data           4  startup_stm32f407xx.o(RESET)
    __Vectors_End                            0x08000188   Data           0  startup_stm32f407xx.o(RESET)
    __main                                   0x08000189   Thumb Code     8  __main.o(!!!main)
    __scatterload                            0x08000191   Thumb Code     0  __scatter.o(!!!scatter)
    __scatterload_rt2                        0x08000191   Thumb Code    84  __scatter.o(!!!scatter)
    __scatterload_rt2_thumb_only             0x08000191   Thumb Code     0  __scatter.o(!!!scatter)
    __scatterload_loop                       0x0800019b   Thumb Code     0  __scatter.o(!!!scatter)
    __decompress                             0x080001ed   Thumb Code    58  __dczerorl.o(!!dczerorl)
    __decompress0                            0x080001ed   Thumb Code     0  __dczerorl.o(!!dczerorl)
    __scatterload_null                       0x08000229   Thumb Code     2  __scatter.o(!!handler_null)
    __scatterload_zeroinit                   0x0800022d   Thumb Code    28  __scatter_zi.o(!!handler_zi)
    _printf_n                                0x08000249   Thumb Code     0  _printf_n.o(.ARM.Collect$$_printf_percent$$00000001)
    _printf_percent                          0x08000249   Thumb Code     0  _printf_percent.o(.ARM.Collect$$_printf_percent$$00000000)
    _printf_p                                0x0800024f   Thumb Code     0  _printf_p.o(.ARM.Collect$$_printf_percent$$00000002)
    _printf_f                                0x08000255   Thumb Code     0  _printf_f.o(.ARM.Collect$$_printf_percent$$00000003)
    _printf_e                                0x0800025b   Thumb Code     0  _printf_e.o(.ARM.Collect$$_printf_percent$$00000004)
    _printf_g                                0x08000261   Thumb Code     0  _printf_g.o(.ARM.Collect$$_printf_percent$$00000005)
    _printf_a                                0x08000267   Thumb Code     0  _printf_a.o(.ARM.Collect$$_printf_percent$$00000006)
    _printf_ll                               0x0800026d   Thumb Code     0  _printf_ll.o(.ARM.Collect$$_printf_percent$$00000007)
    _printf_i                                0x08000277   Thumb Code     0  _printf_i.o(.ARM.Collect$$_printf_percent$$00000008)
    _printf_d                                0x0800027d   Thumb Code     0  _printf_d.o(.ARM.Collect$$_printf_percent$$00000009)
    _printf_u                                0x08000283   Thumb Code     0  _printf_u.o(.ARM.Collect$$_printf_percent$$0000000A)
    _printf_o                                0x08000289   Thumb Code     0  _printf_o.o(.ARM.Collect$$_printf_percent$$0000000B)
    _printf_x                                0x0800028f   Thumb Code     0  _printf_x.o(.ARM.Collect$$_printf_percent$$0000000C)
    _printf_lli                              0x08000295   Thumb Code     0  _printf_lli.o(.ARM.Collect$$_printf_percent$$0000000D)
    _printf_lld                              0x0800029b   Thumb Code     0  _printf_lld.o(.ARM.Collect$$_printf_percent$$0000000E)
    _printf_llu                              0x080002a1   Thumb Code     0  _printf_llu.o(.ARM.Collect$$_printf_percent$$0000000F)
    _printf_llo                              0x080002a7   Thumb Code     0  _printf_llo.o(.ARM.Collect$$_printf_percent$$00000010)
    _printf_llx                              0x080002ad   Thumb Code     0  _printf_llx.o(.ARM.Collect$$_printf_percent$$00000011)
    _printf_l                                0x080002b3   Thumb Code     0  _printf_l.o(.ARM.Collect$$_printf_percent$$00000012)
    _printf_c                                0x080002bd   Thumb Code     0  _printf_c.o(.ARM.Collect$$_printf_percent$$00000013)
    _printf_s                                0x080002c3   Thumb Code     0  _printf_s.o(.ARM.Collect$$_printf_percent$$00000014)
    _printf_lc                               0x080002c9   Thumb Code     0  _printf_lc.o(.ARM.Collect$$_printf_percent$$00000015)
    _printf_ls                               0x080002cf   Thumb Code     0  _printf_ls.o(.ARM.Collect$$_printf_percent$$00000016)
    _printf_percent_end                      0x080002d5   Thumb Code     0  _printf_percent_end.o(.ARM.Collect$$_printf_percent$$00000017)
    __rt_lib_init                            0x080002d9   Thumb Code     0  libinit.o(.ARM.Collect$$libinit$$00000000)
    __rt_lib_init_fp_1                       0x080002db   Thumb Code     0  libinit2.o(.ARM.Collect$$libinit$$00000002)
    __rt_lib_init_heap_2                     0x080002db   Thumb Code     0  libinit2.o(.ARM.Collect$$libinit$$00000007)
    __rt_lib_init_preinit_1                  0x080002db   Thumb Code     0  libinit2.o(.ARM.Collect$$libinit$$00000006)
    __rt_lib_init_relocate_pie_1             0x080002db   Thumb Code     0  libinit2.o(.ARM.Collect$$libinit$$00000004)
    __rt_lib_init_heap_1                     0x080002e3   Thumb Code     0  libinit2.o(.ARM.Collect$$libinit$$0000000C)
    __rt_lib_init_rand_2                     0x080002e3   Thumb Code     0  libinit2.o(.ARM.Collect$$libinit$$0000000F)
    __rt_lib_init_user_alloc_1               0x080002e3   Thumb Code     0  libinit2.o(.ARM.Collect$$libinit$$0000000E)
    __rt_lib_init_lc_common                  0x080002e7   Thumb Code     0  libinit2.o(.ARM.Collect$$libinit$$00000011)
    __rt_lib_init_rand_1                     0x080002e7   Thumb Code     0  libinit2.o(.ARM.Collect$$libinit$$00000010)
    __rt_lib_init_lc_collate_1               0x080002ed   Thumb Code     0  libinit2.o(.ARM.Collect$$libinit$$00000013)
    __rt_lib_init_lc_ctype_2                 0x080002ed   Thumb Code     0  libinit2.o(.ARM.Collect$$libinit$$00000014)
    __rt_lib_init_lc_ctype_1                 0x080002f9   Thumb Code     0  libinit2.o(.ARM.Collect$$libinit$$00000015)
    __rt_lib_init_lc_monetary_1              0x080002f9   Thumb Code     0  libinit2.o(.ARM.Collect$$libinit$$00000017)
    __rt_lib_init_lc_numeric_2               0x080002f9   Thumb Code     0  libinit2.o(.ARM.Collect$$libinit$$00000018)
    __rt_lib_init_atexit_1                   0x08000303   Thumb Code     0  libinit2.o(.ARM.Collect$$libinit$$0000001D)
    __rt_lib_init_clock_1                    0x08000303   Thumb Code     0  libinit2.o(.ARM.Collect$$libinit$$00000023)
    __rt_lib_init_fp_trap_1                  0x08000303   Thumb Code     0  libinit2.o(.ARM.Collect$$libinit$$00000021)
    __rt_lib_init_getenv_1                   0x08000303   Thumb Code     0  libinit2.o(.ARM.Collect$$libinit$$00000025)
    __rt_lib_init_lc_numeric_1               0x08000303   Thumb Code     0  libinit2.o(.ARM.Collect$$libinit$$00000019)
    __rt_lib_init_lc_time_1                  0x08000303   Thumb Code     0  libinit2.o(.ARM.Collect$$libinit$$0000001B)
    __rt_lib_init_signal_1                   0x08000303   Thumb Code     0  libinit2.o(.ARM.Collect$$libinit$$0000001F)
    __rt_lib_init_stdio_2                    0x08000303   Thumb Code     0  libinit2.o(.ARM.Collect$$libinit$$00000026)
    __rt_lib_init_alloca_1                   0x08000307   Thumb Code     0  libinit2.o(.ARM.Collect$$libinit$$00000030)
    __rt_lib_init_argv_1                     0x08000307   Thumb Code     0  libinit2.o(.ARM.Collect$$libinit$$0000002E)
    __rt_lib_init_cpp_1                      0x08000307   Thumb Code     0  libinit2.o(.ARM.Collect$$libinit$$00000034)
    __rt_lib_init_exceptions_1               0x08000307   Thumb Code     0  libinit2.o(.ARM.Collect$$libinit$$00000032)
    __rt_lib_init_return                     0x08000307   Thumb Code     0  libinit2.o(.ARM.Collect$$libinit$$00000035)
    __rt_lib_init_stdio_1                    0x08000307   Thumb Code     0  libinit2.o(.ARM.Collect$$libinit$$00000027)
    __rt_lib_shutdown                        0x08000309   Thumb Code     0  libshutdown.o(.ARM.Collect$$libshutdown$$00000000)
    __rt_lib_shutdown_cpp_1                  0x0800030b   Thumb Code     0  libshutdown2.o(.ARM.Collect$$libshutdown$$00000002)
    __rt_lib_shutdown_stdio_2                0x0800030b   Thumb Code     0  libshutdown2.o(.ARM.Collect$$libshutdown$$00000003)
    __rt_lib_shutdown_fp_trap_1              0x0800030f   Thumb Code     0  libshutdown2.o(.ARM.Collect$$libshutdown$$00000007)
    __rt_lib_shutdown_heap_1                 0x0800030f   Thumb Code     0  libshutdown2.o(.ARM.Collect$$libshutdown$$0000000F)
    __rt_lib_shutdown_return                 0x0800030f   Thumb Code     0  libshutdown2.o(.ARM.Collect$$libshutdown$$00000010)
    __rt_lib_shutdown_signal_1               0x0800030f   Thumb Code     0  libshutdown2.o(.ARM.Collect$$libshutdown$$0000000A)
    __rt_lib_shutdown_stdio_1                0x0800030f   Thumb Code     0  libshutdown2.o(.ARM.Collect$$libshutdown$$00000004)
    __rt_lib_shutdown_user_alloc_1           0x0800030f   Thumb Code     0  libshutdown2.o(.ARM.Collect$$libshutdown$$0000000C)
    __rt_entry                               0x08000311   Thumb Code     0  __rtentry.o(.ARM.Collect$$rtentry$$00000000)
    __rt_entry_presh_1                       0x08000311   Thumb Code     0  __rtentry2.o(.ARM.Collect$$rtentry$$00000002)
    __rt_entry_sh                            0x08000311   Thumb Code     0  __rtentry4.o(.ARM.Collect$$rtentry$$00000004)
    __rt_entry_li                            0x08000317   Thumb Code     0  __rtentry2.o(.ARM.Collect$$rtentry$$0000000A)
    __rt_entry_postsh_1                      0x08000317   Thumb Code     0  __rtentry2.o(.ARM.Collect$$rtentry$$00000009)
    __rt_entry_main                          0x0800031b   Thumb Code     0  __rtentry2.o(.ARM.Collect$$rtentry$$0000000D)
    __rt_entry_postli_1                      0x0800031b   Thumb Code     0  __rtentry2.o(.ARM.Collect$$rtentry$$0000000C)
    __rt_exit                                0x08000323   Thumb Code     0  rtexit.o(.ARM.Collect$$rtexit$$00000000)
    __rt_exit_ls                             0x08000325   Thumb Code     0  rtexit2.o(.ARM.Collect$$rtexit$$00000003)
    __rt_exit_prels_1                        0x08000325   Thumb Code     0  rtexit2.o(.ARM.Collect$$rtexit$$00000002)
    __rt_exit_exit                           0x08000329   Thumb Code     0  rtexit2.o(.ARM.Collect$$rtexit$$00000004)
    rand                                     0x08000331   Thumb Code    48  rand.o(.emb_text)
    Reset_Handler                            0x08000365   Thumb Code     8  startup_stm32f407xx.o(.text)
    NMI_Handler                              0x0800036d   Thumb Code     2  startup_stm32f407xx.o(.text)
    MemManage_Handler                        0x08000371   Thumb Code     2  startup_stm32f407xx.o(.text)
    BusFault_Handler                         0x08000373   Thumb Code     2  startup_stm32f407xx.o(.text)
    UsageFault_Handler                       0x08000375   Thumb Code     2  startup_stm32f407xx.o(.text)
    DebugMon_Handler                         0x08000379   Thumb Code     2  startup_stm32f407xx.o(.text)
    ADC_IRQHandler                           0x0800037f   Thumb Code     0  startup_stm32f407xx.o(.text)
    CAN1_RX0_IRQHandler                      0x0800037f   Thumb Code     0  startup_stm32f407xx.o(.text)
    CAN1_RX1_IRQHandler                      0x0800037f   Thumb Code     0  startup_stm32f407xx.o(.text)
    CAN1_SCE_IRQHandler                      0x0800037f   Thumb Code     0  startup_stm32f407xx.o(.text)
    CAN1_TX_IRQHandler                       0x0800037f   Thumb Code     0  startup_stm32f407xx.o(.text)
    CAN2_RX0_IRQHandler                      0x0800037f   Thumb Code     0  startup_stm32f407xx.o(.text)
    CAN2_RX1_IRQHandler                      0x0800037f   Thumb Code     0  startup_stm32f407xx.o(.text)
    CAN2_SCE_IRQHandler                      0x0800037f   Thumb Code     0  startup_stm32f407xx.o(.text)
    CAN2_TX_IRQHandler                       0x0800037f   Thumb Code     0  startup_stm32f407xx.o(.text)
    DCMI_IRQHandler                          0x0800037f   Thumb Code     0  startup_stm32f407xx.o(.text)
    DMA1_Stream0_IRQHandler                  0x0800037f   Thumb Code     0  startup_stm32f407xx.o(.text)
    DMA1_Stream1_IRQHandler                  0x0800037f   Thumb Code     0  startup_stm32f407xx.o(.text)
    DMA1_Stream2_IRQHandler                  0x0800037f   Thumb Code     0  startup_stm32f407xx.o(.text)
    DMA1_Stream3_IRQHandler                  0x0800037f   Thumb Code     0  startup_stm32f407xx.o(.text)
    DMA1_Stream4_IRQHandler                  0x0800037f   Thumb Code     0  startup_stm32f407xx.o(.text)
    DMA1_Stream5_IRQHandler                  0x0800037f   Thumb Code     0  startup_stm32f407xx.o(.text)
    DMA1_Stream6_IRQHandler                  0x0800037f   Thumb Code     0  startup_stm32f407xx.o(.text)
    DMA1_Stream7_IRQHandler                  0x0800037f   Thumb Code     0  startup_stm32f407xx.o(.text)
    DMA2_Stream0_IRQHandler                  0x0800037f   Thumb Code     0  startup_stm32f407xx.o(.text)
    DMA2_Stream1_IRQHandler                  0x0800037f   Thumb Code     0  startup_stm32f407xx.o(.text)
    DMA2_Stream2_IRQHandler                  0x0800037f   Thumb Code     0  startup_stm32f407xx.o(.text)
    DMA2_Stream3_IRQHandler                  0x0800037f   Thumb Code     0  startup_stm32f407xx.o(.text)
    DMA2_Stream4_IRQHandler                  0x0800037f   Thumb Code     0  startup_stm32f407xx.o(.text)
    DMA2_Stream5_IRQHandler                  0x0800037f   Thumb Code     0  startup_stm32f407xx.o(.text)
    DMA2_Stream6_IRQHandler                  0x0800037f   Thumb Code     0  startup_stm32f407xx.o(.text)
    DMA2_Stream7_IRQHandler                  0x0800037f   Thumb Code     0  startup_stm32f407xx.o(.text)
    ETH_IRQHandler                           0x0800037f   Thumb Code     0  startup_stm32f407xx.o(.text)
    ETH_WKUP_IRQHandler                      0x0800037f   Thumb Code     0  startup_stm32f407xx.o(.text)
    EXTI0_IRQHandler                         0x0800037f   Thumb Code     0  startup_stm32f407xx.o(.text)
    EXTI15_10_IRQHandler                     0x0800037f   Thumb Code     0  startup_stm32f407xx.o(.text)
    EXTI1_IRQHandler                         0x0800037f   Thumb Code     0  startup_stm32f407xx.o(.text)
    EXTI2_IRQHandler                         0x0800037f   Thumb Code     0  startup_stm32f407xx.o(.text)
    EXTI3_IRQHandler                         0x0800037f   Thumb Code     0  startup_stm32f407xx.o(.text)
    EXTI4_IRQHandler                         0x0800037f   Thumb Code     0  startup_stm32f407xx.o(.text)
    EXTI9_5_IRQHandler                       0x0800037f   Thumb Code     0  startup_stm32f407xx.o(.text)
    FLASH_IRQHandler                         0x0800037f   Thumb Code     0  startup_stm32f407xx.o(.text)
    FMC_IRQHandler                           0x0800037f   Thumb Code     0  startup_stm32f407xx.o(.text)
    FPU_IRQHandler                           0x0800037f   Thumb Code     0  startup_stm32f407xx.o(.text)
    HASH_RNG_IRQHandler                      0x0800037f   Thumb Code     0  startup_stm32f407xx.o(.text)
    I2C1_ER_IRQHandler                       0x0800037f   Thumb Code     0  startup_stm32f407xx.o(.text)
    I2C1_EV_IRQHandler                       0x0800037f   Thumb Code     0  startup_stm32f407xx.o(.text)
    I2C2_ER_IRQHandler                       0x0800037f   Thumb Code     0  startup_stm32f407xx.o(.text)
    I2C2_EV_IRQHandler                       0x0800037f   Thumb Code     0  startup_stm32f407xx.o(.text)
    I2C3_ER_IRQHandler                       0x0800037f   Thumb Code     0  startup_stm32f407xx.o(.text)
    I2C3_EV_IRQHandler                       0x0800037f   Thumb Code     0  startup_stm32f407xx.o(.text)
    OTG_FS_IRQHandler                        0x0800037f   Thumb Code     0  startup_stm32f407xx.o(.text)
    OTG_FS_WKUP_IRQHandler                   0x0800037f   Thumb Code     0  startup_stm32f407xx.o(.text)
    OTG_HS_EP1_IN_IRQHandler                 0x0800037f   Thumb Code     0  startup_stm32f407xx.o(.text)
    OTG_HS_EP1_OUT_IRQHandler                0x0800037f   Thumb Code     0  startup_stm32f407xx.o(.text)
    OTG_HS_IRQHandler                        0x0800037f   Thumb Code     0  startup_stm32f407xx.o(.text)
    OTG_HS_WKUP_IRQHandler                   0x0800037f   Thumb Code     0  startup_stm32f407xx.o(.text)
    PVD_IRQHandler                           0x0800037f   Thumb Code     0  startup_stm32f407xx.o(.text)
    RCC_IRQHandler                           0x0800037f   Thumb Code     0  startup_stm32f407xx.o(.text)
    RTC_Alarm_IRQHandler                     0x0800037f   Thumb Code     0  startup_stm32f407xx.o(.text)
    RTC_WKUP_IRQHandler                      0x0800037f   Thumb Code     0  startup_stm32f407xx.o(.text)
    SDIO_IRQHandler                          0x0800037f   Thumb Code     0  startup_stm32f407xx.o(.text)
    SPI1_IRQHandler                          0x0800037f   Thumb Code     0  startup_stm32f407xx.o(.text)
    SPI2_IRQHandler                          0x0800037f   Thumb Code     0  startup_stm32f407xx.o(.text)
    SPI3_IRQHandler                          0x0800037f   Thumb Code     0  startup_stm32f407xx.o(.text)
    TAMP_STAMP_IRQHandler                    0x0800037f   Thumb Code     0  startup_stm32f407xx.o(.text)
    TIM1_BRK_TIM9_IRQHandler                 0x0800037f   Thumb Code     0  startup_stm32f407xx.o(.text)
    TIM1_CC_IRQHandler                       0x0800037f   Thumb Code     0  startup_stm32f407xx.o(.text)
    TIM1_TRG_COM_TIM11_IRQHandler            0x0800037f   Thumb Code     0  startup_stm32f407xx.o(.text)
    TIM1_UP_TIM10_IRQHandler                 0x0800037f   Thumb Code     0  startup_stm32f407xx.o(.text)
    TIM2_IRQHandler                          0x0800037f   Thumb Code     0  startup_stm32f407xx.o(.text)
    TIM3_IRQHandler                          0x0800037f   Thumb Code     0  startup_stm32f407xx.o(.text)
    TIM4_IRQHandler                          0x0800037f   Thumb Code     0  startup_stm32f407xx.o(.text)
    TIM5_IRQHandler                          0x0800037f   Thumb Code     0  startup_stm32f407xx.o(.text)
    TIM6_DAC_IRQHandler                      0x0800037f   Thumb Code     0  startup_stm32f407xx.o(.text)
    TIM7_IRQHandler                          0x0800037f   Thumb Code     0  startup_stm32f407xx.o(.text)
    TIM8_BRK_TIM12_IRQHandler                0x0800037f   Thumb Code     0  startup_stm32f407xx.o(.text)
    TIM8_CC_IRQHandler                       0x0800037f   Thumb Code     0  startup_stm32f407xx.o(.text)
    TIM8_TRG_COM_TIM14_IRQHandler            0x0800037f   Thumb Code     0  startup_stm32f407xx.o(.text)
    TIM8_UP_TIM13_IRQHandler                 0x0800037f   Thumb Code     0  startup_stm32f407xx.o(.text)
    UART4_IRQHandler                         0x0800037f   Thumb Code     0  startup_stm32f407xx.o(.text)
    UART5_IRQHandler                         0x0800037f   Thumb Code     0  startup_stm32f407xx.o(.text)
    USART1_IRQHandler                        0x0800037f   Thumb Code     0  startup_stm32f407xx.o(.text)
    USART2_IRQHandler                        0x0800037f   Thumb Code     0  startup_stm32f407xx.o(.text)
    USART3_IRQHandler                        0x0800037f   Thumb Code     0  startup_stm32f407xx.o(.text)
    USART6_IRQHandler                        0x0800037f   Thumb Code     0  startup_stm32f407xx.o(.text)
    WWDG_IRQHandler                          0x0800037f   Thumb Code     0  startup_stm32f407xx.o(.text)
    __user_initial_stackheap                 0x08000381   Thumb Code     0  startup_stm32f407xx.o(.text)
    __use_no_semihosting                     0x080003a5   Thumb Code     2  use_no_semi_2.o(.text)
    printf                                   0x080003a9   Thumb Code    20  printf.o(.text)
    srand                                    0x080003c1   Thumb Code    42  rand.o(.text)
    _rand_init                               0x080003eb   Thumb Code     4  rand.o(.text)
    strcpy                                   0x080003fd   Thumb Code    72  strcpy.o(.text)
    __aeabi_memclr4                          0x08000445   Thumb Code     0  rt_memclr_w.o(.text)
    __aeabi_memclr8                          0x08000445   Thumb Code     0  rt_memclr_w.o(.text)
    __rt_memclr_w                            0x08000445   Thumb Code     0  rt_memclr_w.o(.text)
    _memset_w                                0x08000449   Thumb Code    74  rt_memclr_w.o(.text)
    strncpy                                  0x08000493   Thumb Code    86  strncpy.o(.text)
    strcmp                                   0x080004e9   Thumb Code   124  strcmpv7em.o(.text)
    __use_two_region_memory                  0x08000565   Thumb Code     2  heapauxi.o(.text)
    __rt_heap_escrow                         0x08000567   Thumb Code     2  heapauxi.o(.text)
    __rt_heap_expand                         0x08000569   Thumb Code     2  heapauxi.o(.text)
    __semihosting$guard                      0x0800056b   Thumb Code     0  use_no_semi.o(.text)
    __use_no_semihosting_swi                 0x0800056b   Thumb Code     2  use_no_semi.o(.text)
    _printf_pre_padding                      0x0800056d   Thumb Code    44  _printf_pad.o(.text)
    _printf_post_padding                     0x08000599   Thumb Code    34  _printf_pad.o(.text)
    _printf_truncate_signed                  0x080005bb   Thumb Code    18  _printf_truncate.o(.text)
    _printf_truncate_unsigned                0x080005cd   Thumb Code    18  _printf_truncate.o(.text)
    _printf_str                              0x080005df   Thumb Code    82  _printf_str.o(.text)
    _printf_int_dec                          0x08000631   Thumb Code   104  _printf_dec.o(.text)
    _printf_charcount                        0x080006a9   Thumb Code    40  _printf_charcount.o(.text)
    _printf_char_file                        0x080006d1   Thumb Code    32  _printf_char_file.o(.text)
    _printf_wctomb                           0x080006f5   Thumb Code   182  _printf_wctomb.o(.text)
    _printf_longlong_dec                     0x080007b1   Thumb Code   108  _printf_longlong_dec.o(.text)
    _printf_longlong_oct                     0x0800082d   Thumb Code    68  _printf_oct_int_ll.o(.text)
    _printf_int_oct                          0x08000871   Thumb Code    24  _printf_oct_int_ll.o(.text)
    _printf_ll_oct                           0x08000889   Thumb Code    12  _printf_oct_int_ll.o(.text)
    _printf_longlong_hex                     0x0800089d   Thumb Code    86  _printf_hex_int_ll_ptr.o(.text)
    _printf_int_hex                          0x080008f3   Thumb Code    28  _printf_hex_int_ll_ptr.o(.text)
    _printf_ll_hex                           0x0800090f   Thumb Code    12  _printf_hex_int_ll_ptr.o(.text)
    _printf_hex_ptr                          0x0800091b   Thumb Code    18  _printf_hex_int_ll_ptr.o(.text)
    __printf                                 0x08000931   Thumb Code   388  __printf_flags_ss_wp.o(.text)
    __aeabi_memclr                           0x08000ab9   Thumb Code     0  rt_memclr.o(.text)
    __rt_memclr                              0x08000ab9   Thumb Code     0  rt_memclr.o(.text)
    _memset                                  0x08000abd   Thumb Code    64  rt_memclr.o(.text)
    _ll_udiv10                               0x08000afd   Thumb Code   138  lludiv10.o(.text)
    _printf_int_common                       0x08000b87   Thumb Code   178  _printf_intcommon.o(.text)
    _printf_fp_dec_real                      0x08000de9   Thumb Code   620  _printf_fp_dec.o(.text)
    _printf_fp_hex_real                      0x08001055   Thumb Code   756  _printf_fp_hex.o(.text)
    _printf_char_common                      0x0800135b   Thumb Code    32  _printf_char_common.o(.text)
    _printf_cs_common                        0x08001381   Thumb Code    20  _printf_char.o(.text)
    _printf_char                             0x08001395   Thumb Code    16  _printf_char.o(.text)
    _printf_string                           0x080013a5   Thumb Code     8  _printf_char.o(.text)
    _printf_lcs_common                       0x080013ad   Thumb Code    20  _printf_wchar.o(.text)
    _printf_wchar                            0x080013c1   Thumb Code    16  _printf_wchar.o(.text)
    _printf_wstring                          0x080013d1   Thumb Code     8  _printf_wchar.o(.text)
    ferror                                   0x080013d9   Thumb Code     8  ferror.o(.text)
    _initio                                  0x080013e1   Thumb Code   210  initio.o(.text)
    _terminateio                             0x080014b3   Thumb Code    56  initio.o(.text)
    _c16rtomb                                0x08001519   Thumb Code    72  _c16rtomb.o(.text)
    _wcrtomb                                 0x08001519   Thumb Code     0  _c16rtomb.o(.text)
    __user_setup_stackheap                   0x08001561   Thumb Code    74  sys_stackheap_outer.o(.text)
    __rt_ctype_table                         0x080015ad   Thumb Code    16  rt_ctype_table.o(.text)
    __rt_locale                              0x080015bd   Thumb Code     8  rt_locale_intlibspace.o(.text)
    free                                     0x080015c5   Thumb Code    78  h1_free.o(.text)
    _printf_fp_infnan                        0x08001615   Thumb Code   112  _printf_fp_infnan.o(.text)
    _btod_etento                             0x08001695   Thumb Code   224  bigflt0.o(.text)
    __flsbuf                                 0x08001779   Thumb Code   482  flsbuf.o(.text)
    __flsbuf_byte                            0x08001779   Thumb Code     0  flsbuf.o(.text)
    __flsbuf_wide                            0x08001779   Thumb Code     0  flsbuf.o(.text)
    setvbuf                                  0x0800195b   Thumb Code    70  setvbuf.o(.text)
    freopen                                  0x080019a1   Thumb Code   160  fopen.o(.text)
    fopen                                    0x08001a41   Thumb Code    74  fopen.o(.text)
    _fclose_internal                         0x08001a91   Thumb Code    76  fclose.o(.text)
    fclose                                   0x08001a91   Thumb Code     0  fclose.o(.text)
    exit                                     0x08001add   Thumb Code    18  exit.o(.text)
    __rt_SIGRTRED                            0x08001aef   Thumb Code    14  defsig_rtred_outer.o(.text)
    __user_libspace                          0x08001afd   Thumb Code     8  libspace.o(.text)
    __user_perproc_libspace                  0x08001afd   Thumb Code     0  libspace.o(.text)
    __user_perthread_libspace                0x08001afd   Thumb Code     0  libspace.o(.text)
    __rt_heap_descriptor                     0x08001b05   Thumb Code     8  rt_heap_descriptor_intlibspace.o(.text)
    __use_no_heap                            0x08001b0d   Thumb Code     2  hguard.o(.text)
    __heap$guard                             0x08001b0f   Thumb Code     2  hguard.o(.text)
    _terminate_user_alloc                    0x08001b11   Thumb Code     2  init_alloc.o(.text)
    _init_user_alloc                         0x08001b13   Thumb Code     2  init_alloc.o(.text)
    __Heap_Full                              0x08001b15   Thumb Code    34  init_alloc.o(.text)
    __Heap_Broken                            0x08001b37   Thumb Code     6  init_alloc.o(.text)
    _init_alloc                              0x08001b3d   Thumb Code    94  init_alloc.o(.text)
    malloc                                   0x08001b9b   Thumb Code    94  h1_alloc.o(.text)
    _fseek                                   0x08001bf9   Thumb Code   242  fseek.o(.text)
    fseek                                    0x08001bf9   Thumb Code     0  fseek.o(.text)
    _seterr                                  0x08001cf1   Thumb Code    20  stdio.o(.text)
    _writebuf                                0x08001d05   Thumb Code   108  stdio.o(.text)
    _fflush                                  0x08001d71   Thumb Code    70  stdio.o(.text)
    _deferredlazyseek                        0x08001db7   Thumb Code    60  stdio.o(.text)
    __sig_exit                               0x08001df9   Thumb Code    10  defsig_exit.o(.text)
    __rt_SIGRTRED_inner                      0x08001e05   Thumb Code    14  defsig_rtred_inner.o(.text)
    __rt_SIGRTMEM                            0x08001e39   Thumb Code    14  defsig_rtmem_outer.o(.text)
    __Heap_Initialize                        0x08001e47   Thumb Code     8  h1_init.o(.text)
    _maybe_terminate_alloc                   0x08001e47   Thumb Code     0  maybetermalloc1.o(.text)
    __Heap_DescSize                          0x08001e4f   Thumb Code     4  h1_init.o(.text)
    __Heap_ProvideMemory                     0x08001e53   Thumb Code    52  h1_extend.o(.text)
    _ftell_internal                          0x08001e87   Thumb Code    66  ftell.o(.text)
    ftell                                    0x08001e87   Thumb Code     0  ftell.o(.text)
    __default_signal_display                 0x08001ec9   Thumb Code    50  defsig_general.o(.text)
    __rt_SIGRTMEM_inner                      0x08001efd   Thumb Code    22  defsig_rtmem_inner.o(.text)
    __aeabi_errno_addr                       0x08001f4d   Thumb Code     8  rt_errno_addr_intlibspace.o(.text)
    __errno$intlibspace                      0x08001f4d   Thumb Code     0  rt_errno_addr_intlibspace.o(.text)
    __rt_errno_addr$intlibspace              0x08001f4d   Thumb Code     0  rt_errno_addr_intlibspace.o(.text)
    HardFault_Handler                        0x08001f55   Thumb Code    18  hardfault.o(.text.HardFault_Handler)
    HardFault_HandlerC                       0x08001f69   Thumb Code   158  hardfault.o(.text.HardFault_HandlerC)
    OS_addTask                               0x08002009   Thumb Code    60  scheduler.o(.text.OS_addTask)
    OS_constructSchedule                     0x08002045   Thumb Code    68  scheduler.o(.text.OS_constructSchedule)
    OS_currentTCB                            0x08002089   Thumb Code    12  os.o(.text.OS_currentTCB)
    OS_elapsedTicks                          0x08002095   Thumb Code    12  os.o(.text.OS_elapsedTicks)
    OS_initCommsQueue                        0x080020a1   Thumb Code    14  queue.o(.text.OS_initCommsQueue)
    OS_initialiseTCB                         0x080020b1   Thumb Code   166  scheduler.o(.text.OS_initialiseTCB)
    OS_mutex_aquire                          0x08002159   Thumb Code    98  mutex.o(.text.OS_mutex_aquire)
    OS_mutex_release                         0x080021bd   Thumb Code    58  mutex.o(.text.OS_mutex_release)
    OS_notifyAll                             0x080021f9   Thumb Code    68  scheduler.o(.text.OS_notifyAll)
    OS_receivePacket                         0x0800223d   Thumb Code    76  queue.o(.text.OS_receivePacket)
    OS_semBinary_acquire                     0x08002289   Thumb Code    72  semaphore.o(.text.OS_semBinary_acquire)
    OS_semBinary_release                     0x080022d1   Thumb Code    48  semaphore.o(.text.OS_semBinary_release)
    OS_semaphore_acquire                     0x08002301   Thumb Code    84  semaphore.o(.text.OS_semaphore_acquire)
    OS_semaphore_release                     0x08002355   Thumb Code    48  semaphore.o(.text.OS_semaphore_release)
    OS_sendPacket                            0x08002385   Thumb Code    58  queue.o(.text.OS_sendPacket)
    OS_sleep                                 0x080023c1   Thumb Code    86  sleep.o(.text.OS_sleep)
    OS_start                                 0x08002419   Thumb Code    16  os.o(.text.OS_start)
    SysTick_Handler                          0x0800250d   Thumb Code    30  os.o(.text.SysTick_Handler)
    SystemCoreClockUpdate                    0x0800252d   Thumb Code   302  system_stm32f4xx.o(.text.SystemCoreClockUpdate)
    SystemInit                               0x0800265d   Thumb Code     2  system_stm32f4xx.o(.text.SystemInit)
    _OS_enable_systick_delegate              0x08002661   Thumb Code    46  os.o(.text._OS_enable_systick_delegate)
    _OS_schedule                             0x08002691   Thumb Code    90  scheduler.o(.text._OS_schedule)
    _OS_schedule_delegate                    0x080026ed   Thumb Code    16  os.o(.text._OS_schedule_delegate)
    _OS_sleepHeap_delegate                   0x080026fd   Thumb Code   128  scheduler.o(.text._OS_sleepHeap_delegate)
    _OS_taskExit_delegate                    0x0800277d   Thumb Code    58  scheduler.o(.text._OS_taskExit_delegate)
    _OS_task_end                             0x080027b9   Thumb Code    10  os.o(.text._OS_task_end)
    _OS_wait_delegate                        0x080027c5   Thumb Code   110  scheduler.o(.text._OS_wait_delegate)
    _OS_yield_delegate                       0x08002835   Thumb Code    34  os.o(.text._OS_yield_delegate)
    _sys_close                               0x08002935   Thumb Code    74  retarget_io.o(.text._sys_close)
    _sys_exit                                0x08002981   Thumb Code     8  utils.o(.text._sys_exit)
    _sys_flen                                0x08002989   Thumb Code    72  retarget_io.o(.text._sys_flen)
    _sys_istty                               0x080029d1   Thumb Code    72  retarget_io.o(.text._sys_istty)
    _sys_open                                0x08002a19   Thumb Code   132  retarget_io.o(.text._sys_open)
    _sys_seek                                0x08002a9d   Thumb Code    82  retarget_io.o(.text._sys_seek)
    _sys_write                               0x08002af1   Thumb Code   118  retarget_io.o(.text._sys_write)
    _ttywrch                                 0x08002b69   Thumb Code    16  retarget_io.o(.text._ttywrch)
    chattyTask                               0x08002b79   Thumb Code   246  tasks.o(.text.chattyTask)
    configClock                              0x08002cb9   Thumb Code   188  utils.o(.text.configClock)
    configUSART2                             0x08002d75   Thumb Code   192  utils.o(.text.configUSART2)
    getNotificationCounter                   0x08002e6d   Thumb Code    12  scheduler.o(.text.getNotificationCounter)
    getSleepCounter                          0x08002e79   Thumb Code    12  scheduler.o(.text.getSleepCounter)
    greedyTask                               0x08002e85   Thumb Code   214  tasks.o(.text.greedyTask)
    heap_extract                             0x08003055   Thumb Code    46  heap.o(.text.heap_extract)
    heap_insert                              0x08003085   Thumb Code    42  heap.o(.text.heap_insert)
    heap_isEmpty                             0x080030b1   Thumb Code    18  heap.o(.text.heap_isEmpty)
    initialiseOSResources                    0x08003131   Thumb Code    80  tasks.o(.text.initialiseOSResources)
    listeningTask                            0x08003279   Thumb Code   226  tasks.o(.text.listeningTask)
    lowPriorityTask                          0x0800335d   Thumb Code    58  tasks.o(.text.lowPriorityTask)
    main                                     0x08003399   Thumb Code   398  main.o(.text.main)
    poolStaticAlloc                          0x08003529   Thumb Code    78  mempool.o(.text.poolStaticAlloc)
    pool_allocate                            0x08003579   Thumb Code    80  mempool.o(.text.pool_allocate)
    pool_deallocate                          0x080035c9   Thumb Code    52  mempool.o(.text.pool_deallocate)
    pool_init                                0x080035fd   Thumb Code   154  mempool.o(.text.pool_init)
    queue_get                                0x08003699   Thumb Code   160  queue.o(.text.queue_get)
    queue_put                                0x08003739   Thumb Code   126  queue.o(.text.queue_put)
    reportState                              0x080037b9   Thumb Code   202  mode_utils.o(.text.reportState)
    sleepTest1                               0x080038b9   Thumb Code   136  tasks.o(.text.sleepTest1)
    sleepTest2                               0x08003941   Thumb Code   138  tasks.o(.text.sleepTest2)
    spaces                                   0x08003a01   Thumb Code    30  queue.o(.text.spaces)
    static_alloc                             0x08003a21   Thumb Code    78  static_alloc.o(.text.static_alloc)
    stdout_putchar                           0x08003a71   Thumb Code    42  utils.o(.text.stdout_putchar)
    ttywrch                                  0x08003ac9   Thumb Code    16  utils.o(.text.ttywrch)
    veryHighPriorityTask                     0x08003ad9   Thumb Code    66  tasks.o(.text.veryHighPriorityTask)
    _btod_d2e                                0x08003b1b   Thumb Code    62  btod.o(CL$$btod_d2e)
    _d2e_denorm_low                          0x08003b59   Thumb Code    70  btod.o(CL$$btod_d2e_denorm_low)
    _d2e_norm_op1                            0x08003b9f   Thumb Code    96  btod.o(CL$$btod_d2e_norm_op1)
    __btod_div_common                        0x08003c01   Thumb Code   696  btod.o(CL$$btod_div_common)
    _e2e                                     0x08003f39   Thumb Code   220  btod.o(CL$$btod_e2e)
    _btod_ediv                               0x08004015   Thumb Code    42  btod.o(CL$$btod_ediv)
    _btod_emul                               0x0800403f   Thumb Code    42  btod.o(CL$$btod_emul)
    __btod_mult_common                       0x08004069   Thumb Code   580  btod.o(CL$$btod_mult_common)
    SVC_Handler                              0x080042ad   Thumb Code     0  os_asm.o(OS_func)
    PendSV_Handler                           0x080042e1   Thumb Code     0  os_asm.o(OS_func)
    _task_switch                             0x080042eb   Thumb Code     0  os_asm.o(OS_func)
    _task_init_switch                        0x08004311   Thumb Code     0  os_asm.o(OS_func)
    __ARM_fpclassify                         0x0800433d   Thumb Code    40  fpclassify.o(i.__ARM_fpclassify)
    _is_digit                                0x08004365   Thumb Code    14  __printf_wp.o(i._is_digit)
    fputc                                    0x08004373   Thumb Code    28  fputc.o(i.fputc)
    _get_lc_numeric                          0x08004391   Thumb Code    44  lc_numeric_c.o(locale$$code)
    _get_lc_ctype                            0x080043bd   Thumb Code    44  lc_ctype_c.o(locale$$code)
    getPSR                                   0x080043e9   Thumb Code     0  mode_utils_asm.o(mode_utils)
    getCONTROL                               0x080043ef   Thumb Code     0  mode_utils_asm.o(mode_utils)
    _printf_fp_dec                           0x080043f5   Thumb Code     4  printf1.o(x$fpl$printf1)
    _printf_fp_hex                           0x080043f9   Thumb Code     4  printf2.o(x$fpl$printf2)
    __I$use$fp                               0x080043fc   Number         0  usenofp.o(x$fpl$usenofp)
    AHBPrescTable                            0x080044f8   Data          16  system_stm32f4xx.o(.rodata.AHBPrescTable)
    _OS_idleTCB_p                            0x08004508   Data           4  os.o(.rodata._OS_idleTCB_p)
    __stderr_name                            0x0800450c   Data           8  retarget_io.o(.rodata.__stderr_name)
    __stdin_name                             0x08004514   Data           7  retarget_io.o(.rodata.__stdin_name)
    __stdout_name                            0x0800451b   Data           8  retarget_io.o(.rodata.__stdout_name)
    Region$$Table$$Base                      0x0800481c   Number         0  anon$$obj.o(Region$$Table)
    Region$$Table$$Limit                     0x0800483c   Number         0  anon$$obj.o(Region$$Table)
    __ctype                                  0x08004865   Data           0  lc_ctype_c.o(locale$$data)
    __aeabi_stdin                            0x20000000   Data           4  stdio_streams.o(.data)
    __aeabi_stdout                           0x20000004   Data           4  stdio_streams.o(.data)
    __aeabi_stderr                           0x20000008   Data           4  stdio_streams.o(.data)
    SystemCoreClock                          0x2000000c   Data           4  system_stm32f4xx.o(.data.SystemCoreClock)
    _random_number_data                      0x20000140   Data         228  rand.o(.bss)
    __stdin                                  0x20000224   Data          84  stdio_streams.o(.bss)
    __stdout                                 0x20000278   Data          84  stdio_streams.o(.bss)
    __stderr                                 0x200002cc   Data          84  stdio_streams.o(.bss)
    __libspace_start                         0x20000320   Data          96  libspace.o(.bss)
    __temporary_stack_top$libspace           0x20000380   Data           0  libspace.o(.bss)
    _currentTCB                              0x20000380   Data           4  os.o(.bss._currentTCB)



==============================================================================

Memory Map of the image

  Image Entry point : 0x08000189

  Load Region LR_IROM1 (Base: 0x08000000, Size: 0x00004aa8, Max: 0x00100000, ABSOLUTE, COMPRESSED[0x000049d8])

    Execution Region ER_IROM1 (Exec base: 0x08000000, Load base: 0x08000000, Size: 0x00004968, Max: 0x00100000, ABSOLUTE)

    Exec Addr    Load Addr    Size         Type   Attr      Idx    E Section Name        Object

    0x08000000   0x08000000   0x00000188   Data   RO          347    RESET               startup_stm32f407xx.o
    0x08000188   0x08000188   0x00000008   Code   RO          387  * !!!main             c_w.l(__main.o)
    0x08000190   0x08000190   0x0000005c   Code   RO          887    !!!scatter          c_w.l(__scatter.o)
    0x080001ec   0x080001ec   0x0000003a   Code   RO          885    !!dczerorl          c_w.l(__dczerorl.o)
    0x08000226   0x08000226   0x00000002   PAD
    0x08000228   0x08000228   0x00000002   Code   RO          888    !!handler_null      c_w.l(__scatter.o)
    0x0800022a   0x0800022a   0x00000002   PAD
    0x0800022c   0x0800022c   0x0000001c   Code   RO          891    !!handler_zi        c_w.l(__scatter_zi.o)
    0x08000248   0x08000248   0x00000000   Code   RO          471    .ARM.Collect$$_printf_percent$$00000000  c_w.l(_printf_percent.o)
    0x08000248   0x08000248   0x00000006   Code   RO          460    .ARM.Collect$$_printf_percent$$00000001  c_w.l(_printf_n.o)
    0x0800024e   0x0800024e   0x00000006   Code   RO          462    .ARM.Collect$$_printf_percent$$00000002  c_w.l(_printf_p.o)
    0x08000254   0x08000254   0x00000006   Code   RO          467    .ARM.Collect$$_printf_percent$$00000003  c_w.l(_printf_f.o)
    0x0800025a   0x0800025a   0x00000006   Code   RO          468    .ARM.Collect$$_printf_percent$$00000004  c_w.l(_printf_e.o)
    0x08000260   0x08000260   0x00000006   Code   RO          469    .ARM.Collect$$_printf_percent$$00000005  c_w.l(_printf_g.o)
    0x08000266   0x08000266   0x00000006   Code   RO          470    .ARM.Collect$$_printf_percent$$00000006  c_w.l(_printf_a.o)
    0x0800026c   0x0800026c   0x0000000a   Code   RO          475    .ARM.Collect$$_printf_percent$$00000007  c_w.l(_printf_ll.o)
    0x08000276   0x08000276   0x00000006   Code   RO          464    .ARM.Collect$$_printf_percent$$00000008  c_w.l(_printf_i.o)
    0x0800027c   0x0800027c   0x00000006   Code   RO          465    .ARM.Collect$$_printf_percent$$00000009  c_w.l(_printf_d.o)
    0x08000282   0x08000282   0x00000006   Code   RO          466    .ARM.Collect$$_printf_percent$$0000000A  c_w.l(_printf_u.o)
    0x08000288   0x08000288   0x00000006   Code   RO          463    .ARM.Collect$$_printf_percent$$0000000B  c_w.l(_printf_o.o)
    0x0800028e   0x0800028e   0x00000006   Code   RO          461    .ARM.Collect$$_printf_percent$$0000000C  c_w.l(_printf_x.o)
    0x08000294   0x08000294   0x00000006   Code   RO          472    .ARM.Collect$$_printf_percent$$0000000D  c_w.l(_printf_lli.o)
    0x0800029a   0x0800029a   0x00000006   Code   RO          473    .ARM.Collect$$_printf_percent$$0000000E  c_w.l(_printf_lld.o)
    0x080002a0   0x080002a0   0x00000006   Code   RO          474    .ARM.Collect$$_printf_percent$$0000000F  c_w.l(_printf_llu.o)
    0x080002a6   0x080002a6   0x00000006   Code   RO          479    .ARM.Collect$$_printf_percent$$00000010  c_w.l(_printf_llo.o)
    0x080002ac   0x080002ac   0x00000006   Code   RO          480    .ARM.Collect$$_printf_percent$$00000011  c_w.l(_printf_llx.o)
    0x080002b2   0x080002b2   0x0000000a   Code   RO          476    .ARM.Collect$$_printf_percent$$00000012  c_w.l(_printf_l.o)
    0x080002bc   0x080002bc   0x00000006   Code   RO          458    .ARM.Collect$$_printf_percent$$00000013  c_w.l(_printf_c.o)
    0x080002c2   0x080002c2   0x00000006   Code   RO          459    .ARM.Collect$$_printf_percent$$00000014  c_w.l(_printf_s.o)
    0x080002c8   0x080002c8   0x00000006   Code   RO          477    .ARM.Collect$$_printf_percent$$00000015  c_w.l(_printf_lc.o)
    0x080002ce   0x080002ce   0x00000006   Code   RO          478    .ARM.Collect$$_printf_percent$$00000016  c_w.l(_printf_ls.o)
    0x080002d4   0x080002d4   0x00000004   Code   RO          576    .ARM.Collect$$_printf_percent$$00000017  c_w.l(_printf_percent_end.o)
    0x080002d8   0x080002d8   0x00000002   Code   RO          726    .ARM.Collect$$libinit$$00000000  c_w.l(libinit.o)
    0x080002da   0x080002da   0x00000000   Code   RO          490    .ARM.Collect$$libinit$$00000002  c_w.l(libinit2.o)
    0x080002da   0x080002da   0x00000000   Code   RO          492    .ARM.Collect$$libinit$$00000004  c_w.l(libinit2.o)
    0x080002da   0x080002da   0x00000000   Code   RO          494    .ARM.Collect$$libinit$$00000006  c_w.l(libinit2.o)
    0x080002da   0x080002da   0x00000008   Code   RO          495    .ARM.Collect$$libinit$$00000007  c_w.l(libinit2.o)
    0x080002e2   0x080002e2   0x00000000   Code   RO          497    .ARM.Collect$$libinit$$0000000C  c_w.l(libinit2.o)
    0x080002e2   0x080002e2   0x00000000   Code   RO          499    .ARM.Collect$$libinit$$0000000E  c_w.l(libinit2.o)
    0x080002e2   0x080002e2   0x00000004   Code   RO          500    .ARM.Collect$$libinit$$0000000F  c_w.l(libinit2.o)
    0x080002e6   0x080002e6   0x00000000   Code   RO          501    .ARM.Collect$$libinit$$00000010  c_w.l(libinit2.o)
    0x080002e6   0x080002e6   0x00000006   Code   RO          502    .ARM.Collect$$libinit$$00000011  c_w.l(libinit2.o)
    0x080002ec   0x080002ec   0x00000000   Code   RO          504    .ARM.Collect$$libinit$$00000013  c_w.l(libinit2.o)
    0x080002ec   0x080002ec   0x0000000c   Code   RO          505    .ARM.Collect$$libinit$$00000014  c_w.l(libinit2.o)
    0x080002f8   0x080002f8   0x00000000   Code   RO          506    .ARM.Collect$$libinit$$00000015  c_w.l(libinit2.o)
    0x080002f8   0x080002f8   0x00000000   Code   RO          508    .ARM.Collect$$libinit$$00000017  c_w.l(libinit2.o)
    0x080002f8   0x080002f8   0x0000000a   Code   RO          509    .ARM.Collect$$libinit$$00000018  c_w.l(libinit2.o)
    0x08000302   0x08000302   0x00000000   Code   RO          510    .ARM.Collect$$libinit$$00000019  c_w.l(libinit2.o)
    0x08000302   0x08000302   0x00000000   Code   RO          512    .ARM.Collect$$libinit$$0000001B  c_w.l(libinit2.o)
    0x08000302   0x08000302   0x00000000   Code   RO          514    .ARM.Collect$$libinit$$0000001D  c_w.l(libinit2.o)
    0x08000302   0x08000302   0x00000000   Code   RO          516    .ARM.Collect$$libinit$$0000001F  c_w.l(libinit2.o)
    0x08000302   0x08000302   0x00000000   Code   RO          518    .ARM.Collect$$libinit$$00000021  c_w.l(libinit2.o)
    0x08000302   0x08000302   0x00000000   Code   RO          520    .ARM.Collect$$libinit$$00000023  c_w.l(libinit2.o)
    0x08000302   0x08000302   0x00000000   Code   RO          522    .ARM.Collect$$libinit$$00000025  c_w.l(libinit2.o)
    0x08000302   0x08000302   0x00000004   Code   RO          523    .ARM.Collect$$libinit$$00000026  c_w.l(libinit2.o)
    0x08000306   0x08000306   0x00000000   Code   RO          524    .ARM.Collect$$libinit$$00000027  c_w.l(libinit2.o)
    0x08000306   0x08000306   0x00000000   Code   RO          528    .ARM.Collect$$libinit$$0000002E  c_w.l(libinit2.o)
    0x08000306   0x08000306   0x00000000   Code   RO          530    .ARM.Collect$$libinit$$00000030  c_w.l(libinit2.o)
    0x08000306   0x08000306   0x00000000   Code   RO          532    .ARM.Collect$$libinit$$00000032  c_w.l(libinit2.o)
    0x08000306   0x08000306   0x00000000   Code   RO          534    .ARM.Collect$$libinit$$00000034  c_w.l(libinit2.o)
    0x08000306   0x08000306   0x00000002   Code   RO          535    .ARM.Collect$$libinit$$00000035  c_w.l(libinit2.o)
    0x08000308   0x08000308   0x00000002   Code   RO          864    .ARM.Collect$$libshutdown$$00000000  c_w.l(libshutdown.o)
    0x0800030a   0x0800030a   0x00000000   Code   RO          728    .ARM.Collect$$libshutdown$$00000002  c_w.l(libshutdown2.o)
    0x0800030a   0x0800030a   0x00000004   Code   RO          729    .ARM.Collect$$libshutdown$$00000003  c_w.l(libshutdown2.o)
    0x0800030e   0x0800030e   0x00000000   Code   RO          730    .ARM.Collect$$libshutdown$$00000004  c_w.l(libshutdown2.o)
    0x0800030e   0x0800030e   0x00000000   Code   RO          733    .ARM.Collect$$libshutdown$$00000007  c_w.l(libshutdown2.o)
    0x0800030e   0x0800030e   0x00000000   Code   RO          736    .ARM.Collect$$libshutdown$$0000000A  c_w.l(libshutdown2.o)
    0x0800030e   0x0800030e   0x00000000   Code   RO          738    .ARM.Collect$$libshutdown$$0000000C  c_w.l(libshutdown2.o)
    0x0800030e   0x0800030e   0x00000000   Code   RO          741    .ARM.Collect$$libshutdown$$0000000F  c_w.l(libshutdown2.o)
    0x0800030e   0x0800030e   0x00000002   Code   RO          742    .ARM.Collect$$libshutdown$$00000010  c_w.l(libshutdown2.o)
    0x08000310   0x08000310   0x00000000   Code   RO          391    .ARM.Collect$$rtentry$$00000000  c_w.l(__rtentry.o)
    0x08000310   0x08000310   0x00000000   Code   RO          545    .ARM.Collect$$rtentry$$00000002  c_w.l(__rtentry2.o)
    0x08000310   0x08000310   0x00000006   Code   RO          557    .ARM.Collect$$rtentry$$00000004  c_w.l(__rtentry4.o)
    0x08000316   0x08000316   0x00000000   Code   RO          547    .ARM.Collect$$rtentry$$00000009  c_w.l(__rtentry2.o)
    0x08000316   0x08000316   0x00000004   Code   RO          548    .ARM.Collect$$rtentry$$0000000A  c_w.l(__rtentry2.o)
    0x0800031a   0x0800031a   0x00000000   Code   RO          550    .ARM.Collect$$rtentry$$0000000C  c_w.l(__rtentry2.o)
    0x0800031a   0x0800031a   0x00000008   Code   RO          551    .ARM.Collect$$rtentry$$0000000D  c_w.l(__rtentry2.o)
    0x08000322   0x08000322   0x00000002   Code   RO          753    .ARM.Collect$$rtexit$$00000000  c_w.l(rtexit.o)
    0x08000324   0x08000324   0x00000000   Code   RO          812    .ARM.Collect$$rtexit$$00000002  c_w.l(rtexit2.o)
    0x08000324   0x08000324   0x00000004   Code   RO          813    .ARM.Collect$$rtexit$$00000003  c_w.l(rtexit2.o)
    0x08000328   0x08000328   0x00000006   Code   RO          814    .ARM.Collect$$rtexit$$00000004  c_w.l(rtexit2.o)
    0x0800032e   0x0800032e   0x00000002   PAD
    0x08000330   0x08000330   0x00000034   Code   RO          372    .emb_text           c_w.l(rand.o)
    0x08000364   0x08000364   0x00000040   Code   RO          348    .text               startup_stm32f407xx.o
    0x080003a4   0x080003a4   0x00000002   Code   RO          368    .text               c_w.l(use_no_semi_2.o)
    0x080003a6   0x080003a6   0x00000002   PAD
    0x080003a8   0x080003a8   0x00000018   Code   RO          370    .text               c_w.l(printf.o)
    0x080003c0   0x080003c0   0x0000003c   Code   RO          373    .text               c_w.l(rand.o)
    0x080003fc   0x080003fc   0x00000048   Code   RO          377    .text               c_w.l(strcpy.o)
    0x08000444   0x08000444   0x0000004e   Code   RO          379    .text               c_w.l(rt_memclr_w.o)
    0x08000492   0x08000492   0x00000056   Code   RO          381    .text               c_w.l(strncpy.o)
    0x080004e8   0x080004e8   0x0000007c   Code   RO          383    .text               c_w.l(strcmpv7em.o)
    0x08000564   0x08000564   0x00000006   Code   RO          385    .text               c_w.l(heapauxi.o)
    0x0800056a   0x0800056a   0x00000002   Code   RO          389    .text               c_w.l(use_no_semi.o)
    0x0800056c   0x0800056c   0x0000004e   Code   RO          394    .text               c_w.l(_printf_pad.o)
    0x080005ba   0x080005ba   0x00000024   Code   RO          396    .text               c_w.l(_printf_truncate.o)
    0x080005de   0x080005de   0x00000052   Code   RO          398    .text               c_w.l(_printf_str.o)
    0x08000630   0x08000630   0x00000078   Code   RO          400    .text               c_w.l(_printf_dec.o)
    0x080006a8   0x080006a8   0x00000028   Code   RO          402    .text               c_w.l(_printf_charcount.o)
    0x080006d0   0x080006d0   0x00000024   Code   RO          404    .text               c_w.l(_printf_char_file.o)
    0x080006f4   0x080006f4   0x000000bc   Code   RO          406    .text               c_w.l(_printf_wctomb.o)
    0x080007b0   0x080007b0   0x0000007c   Code   RO          409    .text               c_w.l(_printf_longlong_dec.o)
    0x0800082c   0x0800082c   0x00000070   Code   RO          415    .text               c_w.l(_printf_oct_int_ll.o)
    0x0800089c   0x0800089c   0x00000094   Code   RO          435    .text               c_w.l(_printf_hex_int_ll_ptr.o)
    0x08000930   0x08000930   0x00000188   Code   RO          455    .text               c_w.l(__printf_flags_ss_wp.o)
    0x08000ab8   0x08000ab8   0x00000044   Code   RO          487    .text               c_w.l(rt_memclr.o)
    0x08000afc   0x08000afc   0x0000008a   Code   RO          559    .text               c_w.l(lludiv10.o)
    0x08000b86   0x08000b86   0x000000b2   Code   RO          561    .text               c_w.l(_printf_intcommon.o)
    0x08000c38   0x08000c38   0x0000041c   Code   RO          563    .text               c_w.l(_printf_fp_dec.o)
    0x08001054   0x08001054   0x000002fc   Code   RO          567    .text               c_w.l(_printf_fp_hex.o)
    0x08001350   0x08001350   0x00000030   Code   RO          570    .text               c_w.l(_printf_char_common.o)
    0x08001380   0x08001380   0x0000002c   Code   RO          572    .text               c_w.l(_printf_char.o)
    0x080013ac   0x080013ac   0x0000002c   Code   RO          574    .text               c_w.l(_printf_wchar.o)
    0x080013d8   0x080013d8   0x00000008   Code   RO          577    .text               c_w.l(ferror.o)
    0x080013e0   0x080013e0   0x00000138   Code   RO          583    .text               c_w.l(initio.o)
    0x08001518   0x08001518   0x00000048   Code   RO          591    .text               c_w.l(_c16rtomb.o)
    0x08001560   0x08001560   0x0000004a   Code   RO          599    .text               c_w.l(sys_stackheap_outer.o)
    0x080015aa   0x080015aa   0x00000002   PAD
    0x080015ac   0x080015ac   0x00000010   Code   RO          601    .text               c_w.l(rt_ctype_table.o)
    0x080015bc   0x080015bc   0x00000008   Code   RO          606    .text               c_w.l(rt_locale_intlibspace.o)
    0x080015c4   0x080015c4   0x0000004e   Code   RO          610    .text               c_w.l(h1_free.o)
    0x08001612   0x08001612   0x00000002   PAD
    0x08001614   0x08001614   0x00000080   Code   RO          664    .text               c_w.l(_printf_fp_infnan.o)
    0x08001694   0x08001694   0x000000e4   Code   RO          668    .text               c_w.l(bigflt0.o)
    0x08001778   0x08001778   0x000001e2   Code   RO          695    .text               c_w.l(flsbuf.o)
    0x0800195a   0x0800195a   0x00000046   Code   RO          697    .text               c_w.l(setvbuf.o)
    0x080019a0   0x080019a0   0x000000f0   Code   RO          700    .text               c_w.l(fopen.o)
    0x08001a90   0x08001a90   0x0000004c   Code   RO          702    .text               c_w.l(fclose.o)
    0x08001adc   0x08001adc   0x00000012   Code   RO          711    .text               c_w.l(exit.o)
    0x08001aee   0x08001aee   0x0000000e   Code   RO          713    .text               c_w.l(defsig_rtred_outer.o)
    0x08001afc   0x08001afc   0x00000008   Code   RO          750    .text               c_w.l(libspace.o)
    0x08001b04   0x08001b04   0x00000008   Code   RO          760    .text               c_w.l(rt_heap_descriptor_intlibspace.o)
    0x08001b0c   0x08001b0c   0x00000004   Code   RO          762    .text               c_w.l(hguard.o)
    0x08001b10   0x08001b10   0x0000008a   Code   RO          766    .text               c_w.l(init_alloc.o)
    0x08001b9a   0x08001b9a   0x0000005e   Code   RO          772    .text               c_w.l(h1_alloc.o)
    0x08001bf8   0x08001bf8   0x000000f8   Code   RO          788    .text               c_w.l(fseek.o)
    0x08001cf0   0x08001cf0   0x00000108   Code   RO          790    .text               c_w.l(stdio.o)
    0x08001df8   0x08001df8   0x0000000a   Code   RO          799    .text               c_w.l(defsig_exit.o)
    0x08001e02   0x08001e02   0x00000002   PAD
    0x08001e04   0x08001e04   0x00000034   Code   RO          801    .text               c_w.l(defsig_rtred_inner.o)
    0x08001e38   0x08001e38   0x0000000e   Code   RO          803    .text               c_w.l(defsig_rtmem_outer.o)
    0x08001e46   0x08001e46   0x00000000   Code   RO          818    .text               c_w.l(maybetermalloc1.o)
    0x08001e46   0x08001e46   0x0000000c   Code   RO          820    .text               c_w.l(h1_init.o)
    0x08001e52   0x08001e52   0x00000034   Code   RO          822    .text               c_w.l(h1_extend.o)
    0x08001e86   0x08001e86   0x00000042   Code   RO          834    .text               c_w.l(ftell.o)
    0x08001ec8   0x08001ec8   0x00000032   Code   RO          842    .text               c_w.l(defsig_general.o)
    0x08001efa   0x08001efa   0x00000002   PAD
    0x08001efc   0x08001efc   0x00000050   Code   RO          844    .text               c_w.l(defsig_rtmem_inner.o)
    0x08001f4c   0x08001f4c   0x00000008   Code   RO          856    .text               c_w.l(rt_errno_addr_intlibspace.o)
    0x08001f54   0x08001f54   0x00000012   Code   RO          289    .text.HardFault_Handler  hardfault.o
    0x08001f66   0x08001f66   0x00000002   PAD
    0x08001f68   0x08001f68   0x0000009e   Code   RO          287    .text.HardFault_HandlerC  hardfault.o
    0x08002006   0x08002006   0x00000002   PAD
    0x08002008   0x08002008   0x0000003c   Code   RO          109    .text.OS_addTask    scheduler.o
    0x08002044   0x08002044   0x00000044   Code   RO          107    .text.OS_constructSchedule  scheduler.o
    0x08002088   0x08002088   0x0000000c   Code   RO          147    .text.OS_currentTCB  os.o
    0x08002094   0x08002094   0x0000000c   Code   RO          149    .text.OS_elapsedTicks  os.o
    0x080020a0   0x080020a0   0x0000000e   Code   RO          252    .text.OS_initCommsQueue  queue.o
    0x080020ae   0x080020ae   0x00000002   PAD
    0x080020b0   0x080020b0   0x000000a6   Code   RO          105    .text.OS_initialiseTCB  scheduler.o
    0x08002156   0x08002156   0x00000002   PAD
    0x08002158   0x08002158   0x00000062   Code   RO           45    .text.OS_mutex_aquire  mutex.o
    0x080021ba   0x080021ba   0x00000002   PAD
    0x080021bc   0x080021bc   0x0000003a   Code   RO           51    .text.OS_mutex_release  mutex.o
    0x080021f6   0x080021f6   0x00000002   PAD
    0x080021f8   0x080021f8   0x00000044   Code   RO          123    .text.OS_notifyAll  scheduler.o
    0x0800223c   0x0800223c   0x0000004c   Code   RO          258    .text.OS_receivePacket  queue.o
    0x08002288   0x08002288   0x00000048   Code   RO          201    .text.OS_semBinary_acquire  semaphore.o
    0x080022d0   0x080022d0   0x00000030   Code   RO          203    .text.OS_semBinary_release  semaphore.o
    0x08002300   0x08002300   0x00000054   Code   RO          195    .text.OS_semaphore_acquire  semaphore.o
    0x08002354   0x08002354   0x00000030   Code   RO          199    .text.OS_semaphore_release  semaphore.o
    0x08002384   0x08002384   0x0000003a   Code   RO          254    .text.OS_sendPacket  queue.o
    0x080023be   0x080023be   0x00000002   PAD
    0x080023c0   0x080023c0   0x00000056   Code   RO          184    .text.OS_sleep      sleep.o
    0x08002416   0x08002416   0x00000002   PAD
    0x08002418   0x08002418   0x00000010   Code   RO          157    .text.OS_start      os.o
    0x08002428   0x08002428   0x0000008e   Code   RO           99    .text.OS_wake       scheduler.o
    0x080024b6   0x080024b6   0x00000002   PAD
    0x080024b8   0x080024b8   0x00000052   Code   RO          165    .text.SysTick_Config  os.o
    0x0800250a   0x0800250a   0x00000002   PAD
    0x0800250c   0x0800250c   0x0000001e   Code   RO          151    .text.SysTick_Handler  os.o
    0x0800252a   0x0800252a   0x00000002   PAD
    0x0800252c   0x0800252c   0x0000012e   Code   RO          355    .text.SystemCoreClockUpdate  system_stm32f4xx.o
    0x0800265a   0x0800265a   0x00000002   PAD
    0x0800265c   0x0800265c   0x00000002   Code   RO          353    .text.SystemInit    system_stm32f4xx.o
    0x0800265e   0x0800265e   0x00000002   PAD
    0x08002660   0x08002660   0x0000002e   Code   RO          163    .text._OS_enable_systick_delegate  os.o
    0x0800268e   0x0800268e   0x00000002   PAD
    0x08002690   0x08002690   0x0000005a   Code   RO           97    .text._OS_schedule  scheduler.o
    0x080026ea   0x080026ea   0x00000002   PAD
    0x080026ec   0x080026ec   0x00000010   Code   RO          155    .text._OS_schedule_delegate  os.o
    0x080026fc   0x080026fc   0x00000080   Code   RO          121    .text._OS_sleepHeap_delegate  scheduler.o
    0x0800277c   0x0800277c   0x0000003a   Code   RO          113    .text._OS_taskExit_delegate  scheduler.o
    0x080027b6   0x080027b6   0x00000002   PAD
    0x080027b8   0x080027b8   0x0000000a   Code   RO          159    .text._OS_task_end  os.o
    0x080027c2   0x080027c2   0x00000002   PAD
    0x080027c4   0x080027c4   0x0000006e   Code   RO          117    .text._OS_wait_delegate  scheduler.o
    0x08002832   0x08002832   0x00000002   PAD
    0x08002834   0x08002834   0x00000022   Code   RO          153    .text._OS_yield_delegate  os.o
    0x08002856   0x08002856   0x00000002   PAD
    0x08002858   0x08002858   0x00000042   Code   RO          167    .text.__NVIC_SetPriority  os.o
    0x0800289a   0x0800289a   0x00000002   PAD
    0x0800289c   0x0800289c   0x00000016   Code   RO          161    .text._svc_0        os.o
    0x080028b2   0x080028b2   0x00000002   PAD
    0x080028b4   0x080028b4   0x0000001e   Code   RO           47    .text._svc_1        mutex.o
    0x080028d2   0x080028d2   0x00000002   PAD
    0x080028d4   0x080028d4   0x0000001e   Code   RO          186    .text._svc_1        sleep.o
    0x080028f2   0x080028f2   0x00000002   PAD
    0x080028f4   0x080028f4   0x0000001e   Code   RO          197    .text._svc_1        semaphore.o
    0x08002912   0x08002912   0x00000002   PAD
    0x08002914   0x08002914   0x0000001e   Code   RO          262    .text._svc_1        queue.o
    0x08002932   0x08002932   0x00000002   PAD
    0x08002934   0x08002934   0x0000004a   Code   RO          321    .text._sys_close    retarget_io.o
    0x0800297e   0x0800297e   0x00000002   PAD
    0x08002980   0x08002980   0x00000008   Code   RO          298    .text._sys_exit     utils.o
    0x08002988   0x08002988   0x00000048   Code   RO          333    .text._sys_flen     retarget_io.o
    0x080029d0   0x080029d0   0x00000048   Code   RO          329    .text._sys_istty    retarget_io.o
    0x08002a18   0x08002a18   0x00000084   Code   RO          319    .text._sys_open     retarget_io.o
    0x08002a9c   0x08002a9c   0x00000052   Code   RO          331    .text._sys_seek     retarget_io.o
    0x08002aee   0x08002aee   0x00000002   PAD
    0x08002af0   0x08002af0   0x00000076   Code   RO          323    .text._sys_write    retarget_io.o
    0x08002b66   0x08002b66   0x00000002   PAD
    0x08002b68   0x08002b68   0x00000010   Code   RO          327    .text._ttywrch      retarget_io.o
    0x08002b78   0x08002b78   0x000000f6   Code   RO           72    .text.chattyTask    tasks.o
    0x08002c6e   0x08002c6e   0x00000002   PAD
    0x08002c70   0x08002c70   0x00000048   Code   RO          131    .text.comparator    scheduler.o
    0x08002cb8   0x08002cb8   0x000000bc   Code   RO          306    .text.configClock   utils.o
    0x08002d74   0x08002d74   0x000000c0   Code   RO          308    .text.configUSART2  utils.o
    0x08002e34   0x08002e34   0x00000038   Code   RO          224    .text.find_children  heap.o
    0x08002e6c   0x08002e6c   0x0000000c   Code   RO          127    .text.getNotificationCounter  scheduler.o
    0x08002e78   0x08002e78   0x0000000c   Code   RO          129    .text.getSleepCounter  scheduler.o
    0x08002e84   0x08002e84   0x000000d6   Code   RO           76    .text.greedyTask    tasks.o
    0x08002f5a   0x08002f5a   0x00000002   PAD
    0x08002f5c   0x08002f5c   0x000000f6   Code   RO          218    .text.heap_down     heap.o
    0x08003052   0x08003052   0x00000002   PAD
    0x08003054   0x08003054   0x0000002e   Code   RO          216    .text.heap_extract  heap.o
    0x08003082   0x08003082   0x00000002   PAD
    0x08003084   0x08003084   0x0000002a   Code   RO          212    .text.heap_insert   heap.o
    0x080030ae   0x080030ae   0x00000002   PAD
    0x080030b0   0x080030b0   0x00000012   Code   RO          220    .text.heap_isEmpty  heap.o
    0x080030c2   0x080030c2   0x00000002   PAD
    0x080030c4   0x080030c4   0x0000006a   Code   RO          214    .text.heap_up       heap.o
    0x0800312e   0x0800312e   0x00000002   PAD
    0x08003130   0x08003130   0x00000050   Code   RO           60    .text.initialiseOSResources  tasks.o
    0x08003180   0x08003180   0x00000044   Code   RO          111    .text.list_add      scheduler.o
    0x080031c4   0x080031c4   0x0000003c   Code   RO          125    .text.list_pop_sl   scheduler.o
    0x08003200   0x08003200   0x0000002a   Code   RO          119    .text.list_push_sl  scheduler.o
    0x0800322a   0x0800322a   0x00000002   PAD
    0x0800322c   0x0800322c   0x0000004a   Code   RO          115    .text.list_remove   scheduler.o
    0x08003276   0x08003276   0x00000002   PAD
    0x08003278   0x08003278   0x000000e2   Code   RO           74    .text.listeningTask  tasks.o
    0x0800335a   0x0800335a   0x00000002   PAD
    0x0800335c   0x0800335c   0x0000003a   Code   RO           80    .text.lowPriorityTask  tasks.o
    0x08003396   0x08003396   0x00000002   PAD
    0x08003398   0x08003398   0x0000018e   Code   RO           11    .text.main          main.o
    0x08003526   0x08003526   0x00000002   PAD
    0x08003528   0x08003528   0x0000004e   Code   RO          233    .text.poolStaticAlloc  mempool.o
    0x08003576   0x08003576   0x00000002   PAD
    0x08003578   0x08003578   0x00000050   Code   RO          235    .text.pool_allocate  mempool.o
    0x080035c8   0x080035c8   0x00000034   Code   RO          237    .text.pool_deallocate  mempool.o
    0x080035fc   0x080035fc   0x0000009a   Code   RO          239    .text.pool_init     mempool.o
    0x08003696   0x08003696   0x00000002   PAD
    0x08003698   0x08003698   0x000000a0   Code   RO          260    .text.queue_get     queue.o
    0x08003738   0x08003738   0x0000007e   Code   RO          256    .text.queue_put     queue.o
    0x080037b6   0x080037b6   0x00000002   PAD
    0x080037b8   0x080037b8   0x000000ca   Code   RO            2    .text.reportState   mode_utils.o
    0x08003882   0x08003882   0x00000002   PAD
    0x08003884   0x08003884   0x00000034   Code   RO          103    .text.roundRobin    scheduler.o
    0x080038b8   0x080038b8   0x00000088   Code   RO           68    .text.sleepTest1    tasks.o
    0x08003940   0x08003940   0x0000008a   Code   RO           70    .text.sleepTest2    tasks.o
    0x080039ca   0x080039ca   0x00000002   PAD
    0x080039cc   0x080039cc   0x00000032   Code   RO          101    .text.sortPending   scheduler.o
    0x080039fe   0x080039fe   0x00000002   PAD
    0x08003a00   0x08003a00   0x0000001e   Code   RO          264    .text.spaces        queue.o
    0x08003a1e   0x08003a1e   0x00000002   PAD
    0x08003a20   0x08003a20   0x0000004e   Code   RO          276    .text.static_alloc  static_alloc.o
    0x08003a6e   0x08003a6e   0x00000002   PAD
    0x08003a70   0x08003a70   0x0000002a   Code   RO          304    .text.stdout_putchar  utils.o
    0x08003a9a   0x08003a9a   0x00000002   PAD
    0x08003a9c   0x08003a9c   0x0000002a   Code   RO          222    .text.swap_elements  heap.o
    0x08003ac6   0x08003ac6   0x00000002   PAD
    0x08003ac8   0x08003ac8   0x00000010   Code   RO          302    .text.ttywrch       utils.o
    0x08003ad8   0x08003ad8   0x00000042   Code   RO           78    .text.veryHighPriorityTask  tasks.o
    0x08003b1a   0x08003b1a   0x0000003e   Code   RO          671    CL$$btod_d2e        c_w.l(btod.o)
    0x08003b58   0x08003b58   0x00000046   Code   RO          673    CL$$btod_d2e_denorm_low  c_w.l(btod.o)
    0x08003b9e   0x08003b9e   0x00000060   Code   RO          672    CL$$btod_d2e_norm_op1  c_w.l(btod.o)
    0x08003bfe   0x08003bfe   0x00000002   PAD
    0x08003c00   0x08003c00   0x00000338   Code   RO          681    CL$$btod_div_common  c_w.l(btod.o)
    0x08003f38   0x08003f38   0x000000dc   Code   RO          678    CL$$btod_e2e        c_w.l(btod.o)
    0x08004014   0x08004014   0x0000002a   Code   RO          675    CL$$btod_ediv       c_w.l(btod.o)
    0x0800403e   0x0800403e   0x0000002a   Code   RO          674    CL$$btod_emul       c_w.l(btod.o)
    0x08004068   0x08004068   0x00000244   Code   RO          680    CL$$btod_mult_common  c_w.l(btod.o)
    0x080042ac   0x080042ac   0x00000090   Code   RO          180    OS_func             os_asm.o
    0x0800433c   0x0800433c   0x00000028   Code   RO          748    i.__ARM_fpclassify  m_ws.l(fpclassify.o)
    0x08004364   0x08004364   0x0000000e   Code   RO          448    i._is_digit         c_w.l(__printf_wp.o)
    0x08004372   0x08004372   0x0000001c   Code   RO          580    i.fputc             c_w.l(fputc.o)
    0x0800438e   0x0800438e   0x00000002   PAD
    0x08004390   0x08004390   0x0000002c   Code   RO          709    locale$$code        c_w.l(lc_numeric_c.o)
    0x080043bc   0x080043bc   0x0000002c   Code   RO          797    locale$$code        c_w.l(lc_ctype_c.o)
    0x080043e8   0x080043e8   0x0000000c   Code   RO           39    mode_utils          mode_utils_asm.o
    0x080043f4   0x080043f4   0x00000004   Code   RO          536    x$fpl$printf1       fz_ws.l(printf1.o)
    0x080043f8   0x080043f8   0x00000004   Code   RO          538    x$fpl$printf2       fz_ws.l(printf2.o)
    0x080043fc   0x080043fc   0x00000000   Code   RO          747    x$fpl$usenofp       fz_ws.l(usenofp.o)
    0x080043fc   0x080043fc   0x00000008   Data   RO          407    .constdata          c_w.l(_printf_wctomb.o)
    0x08004404   0x08004404   0x00000028   Data   RO          436    .constdata          c_w.l(_printf_hex_int_ll_ptr.o)
    0x0800442c   0x0800442c   0x00000011   Data   RO          456    .constdata          c_w.l(__printf_flags_ss_wp.o)
    0x0800443d   0x0800443d   0x00000026   Data   RO          568    .constdata          c_w.l(_printf_fp_hex.o)
    0x08004463   0x08004463   0x00000001   PAD
    0x08004464   0x08004464   0x00000094   Data   RO          669    .constdata          c_w.l(bigflt0.o)
    0x080044f8   0x080044f8   0x00000010   Data   RO          358    .rodata.AHBPrescTable  system_stm32f4xx.o
    0x08004508   0x08004508   0x00000004   Data   RO          170    .rodata._OS_idleTCB_p  os.o
    0x0800450c   0x0800450c   0x00000008   Data   RO          337    .rodata.__stderr_name  retarget_io.o
    0x08004514   0x08004514   0x00000007   Data   RO          335    .rodata.__stdin_name  retarget_io.o
    0x0800451b   0x0800451b   0x00000008   Data   RO          336    .rodata.__stdout_name  retarget_io.o
    0x08004523   0x08004523   0x0000003e   Data   RO            4    .rodata.str1.1      mode_utils.o
    0x08004561   0x08004561   0x000002a4   Data   RO           83    .rodata.str1.1      tasks.o
    0x08004805   0x08004805   0x00000017   Data   RO          338    .rodata.str1.1      retarget_io.o
    0x0800481c   0x0800481c   0x00000020   Data   RO          884    Region$$Table       anon$$obj.o
    0x0800483c   0x0800483c   0x0000001c   Data   RO          708    locale$$data        c_w.l(lc_numeric_c.o)
    0x08004858   0x08004858   0x00000110   Data   RO          796    locale$$data        c_w.l(lc_ctype_c.o)


    Execution Region RW_IRAM1 (Exec base: 0x20000000, Load base: 0x08004968, Size: 0x00009f20, Max: 0x00020000, ABSOLUTE, COMPRESSED[0x00000070])

    Exec Addr    Load Addr    Size         Type   Attr      Idx    E Section Name        Object

    0x20000000   COMPRESSED   0x00000004   Data   RW          484    .data               c_w.l(stdio_streams.o)
    0x20000004   COMPRESSED   0x00000004   Data   RW          485    .data               c_w.l(stdio_streams.o)
    0x20000008   COMPRESSED   0x00000004   Data   RW          486    .data               c_w.l(stdio_streams.o)
    0x2000000c   COMPRESSED   0x00000004   Data   RW          357    .data.SystemCoreClock  system_stm32f4xx.o
    0x20000010   COMPRESSED   0x00000018   Data   RW          169    .data._OS_idleTCB   os.o
    0x20000028   COMPRESSED   0x00000004   Data   RW          242    .data.alignmentMask  mempool.o
    0x2000002c   COMPRESSED   0x00000004   Data   RW          279    .data.bitmask       static_alloc.o
    0x20000030   COMPRESSED   0x00000040   Data   RW          311    .data.configUSART2.hpre  utils.o
    0x20000070   COMPRESSED   0x00000020   Data   RW          310    .data.configUSART2.ppre1  utils.o
    0x20000090   COMPRESSED   0x00000018   Data   RW           32    .data.main.TCB10    main.o
    0x200000a8   COMPRESSED   0x00000018   Data   RW           25    .data.main.TCB3     main.o
    0x200000c0   COMPRESSED   0x00000018   Data   RW           27    .data.main.TCB5     main.o
    0x200000d8   COMPRESSED   0x00000018   Data   RW           29    .data.main.TCB7     main.o
    0x200000f0   COMPRESSED   0x00000018   Data   RW           30    .data.main.TCB8     main.o
    0x20000108   COMPRESSED   0x00000018   Data   RW           31    .data.main.TCB9     main.o
    0x20000120   COMPRESSED   0x00000004   Data   RW          241    .data.pool_index    mempool.o
    0x20000124   COMPRESSED   0x00000004   Data   RW          278    .data.pool_index    static_alloc.o
    0x20000128   COMPRESSED   0x00000010   Data   RW          137    .data.sleepHeap     scheduler.o
    0x20000138   COMPRESSED   0x00000004   Data   RW          267    .data.spaces_left_ptr  queue.o
    0x2000013c   COMPRESSED   0x00000004   PAD
    0x20000140        -       0x000000e4   Zero   RW          374    .bss                c_w.l(rand.o)
    0x20000224        -       0x00000054   Zero   RW          481    .bss                c_w.l(stdio_streams.o)
    0x20000278        -       0x00000054   Zero   RW          482    .bss                c_w.l(stdio_streams.o)
    0x200002cc        -       0x00000054   Zero   RW          483    .bss                c_w.l(stdio_streams.o)
    0x20000320        -       0x00000060   Zero   RW          751    .bss                c_w.l(libspace.o)
    0x20000380        -       0x00000004   Zero   RW          171    .bss._currentTCB    os.o
    0x20000384   COMPRESSED   0x00000004   PAD
    0x20000388        -       0x00000040   Zero   RW          173    .bss._idleTaskSF    os.o
    0x200003c8        -       0x00000004   Zero   RW          172    .bss._ticks         os.o
    0x200003cc        -       0x0000005c   Zero   RW          266    .bss.commsQueue     queue.o
    0x20000428        -       0x00000018   Zero   RW           23    .bss.main.TCB1      main.o
    0x20000440        -       0x00000018   Zero   RW           24    .bss.main.TCB2      main.o
    0x20000458        -       0x00000018   Zero   RW           26    .bss.main.TCB4      main.o
    0x20000470        -       0x00000018   Zero   RW           28    .bss.main.TCB6      main.o
    0x20000488        -       0x00000200   Zero   RW           13    .bss.main.stack1    main.o
    0x20000688        -       0x00000200   Zero   RW           22    .bss.main.stack10   main.o
    0x20000888        -       0x00000200   Zero   RW           14    .bss.main.stack2    main.o
    0x20000a88        -       0x00000200   Zero   RW           15    .bss.main.stack3    main.o
    0x20000c88        -       0x00000200   Zero   RW           16    .bss.main.stack4    main.o
    0x20000e88        -       0x00000200   Zero   RW           17    .bss.main.stack5    main.o
    0x20001088        -       0x00000200   Zero   RW           18    .bss.main.stack6    main.o
    0x20001288        -       0x00000200   Zero   RW           19    .bss.main.stack7    main.o
    0x20001488        -       0x00000200   Zero   RW           20    .bss.main.stack8    main.o
    0x20001688        -       0x00000200   Zero   RW           21    .bss.main.stack9    main.o
    0x20001888        -       0x00000008   Zero   RW           84    .bss.mutex_p0       tasks.o
    0x20001890        -       0x00000008   Zero   RW           86    .bss.mutex_p1       tasks.o
    0x20001898        -       0x00000008   Zero   RW           88    .bss.mutex_p2       tasks.o
    0x200018a0        -       0x00000008   Zero   RW           87    .bss.mutex_p3       tasks.o
    0x200018a8        -       0x00000008   Zero   RW           89    .bss.mutex_p4       tasks.o
    0x200018b0        -       0x00000004   Zero   RW          134    .bss.notification_counter  scheduler.o
    0x200018b4        -       0x00000008   Zero   RW          138    .bss.pending_list   scheduler.o
    0x200018bc        -       0x00000008   Zero   RW           82    .bss.pool           tasks.o
    0x200018c4        -       0x00000004   Zero   RW          244    .bss.pool_init.blocksFree  mempool.o
    0x200018c8        -       0x00000014   Zero   RW          133    .bss.schedule       scheduler.o
    0x200018dc        -       0x00000004   Zero   RW           85    .bss.sleepID        tasks.o
    0x200018e0        -       0x00000004   Zero   RW          136    .bss.sleep_counter  scheduler.o
    0x200018e4        -       0x00000004   Zero   RW          268    .bss.spaces_left    queue.o
    0x200018e8        -       0x00003fdc   Zero   RW          243    .bss.static_pool    mempool.o
    0x200058c4   COMPRESSED   0x00000004   PAD
    0x200058c8        -       0x00004000   Zero   RW          280    .bss.static_pool    static_alloc.o
    0x200098c8        -       0x00000050   Zero   RW          139    .bss.store          scheduler.o
    0x20009918        -       0x00000008   Zero   RW          135    .bss.wait_list      scheduler.o
    0x20009920        -       0x00000200   Zero   RW          346    HEAP                startup_stm32f407xx.o
    0x20009b20        -       0x00000400   Zero   RW          345    STACK               startup_stm32f407xx.o


==============================================================================

Image component sizes


      Code (inc. data)   RO Data    RW Data    ZI Data      Debug   Object Name

       176          0          0          0          0       1251   hardfault.o
       556          0          0          0          0       2900   heap.o
       398          0          0        144       5216       1441   main.o
       364          0          0          8      16352       2234   mempool.o
       202          0         62          0          0       1184   mode_utils.o
        12          0          0          0          0        340   mode_utils_asm.o
       186          0          0          0          0       2088   mutex.o
       346          0          4         24         72       6075   os.o
       144         34          0          0          0        352   os_asm.o
       494          0          0          4         96       2786   queue.o
       566          0         46          0          0       2707   retarget_io.o
      1332          0          0         16        124       6596   scheduler.o
       282          0          0          0          0       2101   semaphore.o
       116          0          0          0          0       1490   sleep.o
        64         26        392          0       1536        888   startup_stm32f407xx.o
        78          0          0          8      16384        987   static_alloc.o
       304          0         16          4          0       2191   system_stm32f4xx.o
      1164          0        676          0         52       5181   tasks.o
       446          0          0         96          0       3057   utils.o

    ----------------------------------------------------------------------
      7330         60       1228        304      39844      45849   Object Totals
         0          0         32          0          0          0   (incl. Generated)
       100          0          0          0         12          0   (incl. Padding)

    ----------------------------------------------------------------------

      Code (inc. data)   RO Data    RW Data    ZI Data      Debug   Library Member Name

        58          0          0          0          0          0   __dczerorl.o
         8          0          0          0          0         68   __main.o
       392          4         17          0          0         92   __printf_flags_ss_wp.o
        14          0          0          0          0         68   __printf_wp.o
         0          0          0          0          0          0   __rtentry.o
        12          0          0          0          0          0   __rtentry2.o
         6          0          0          0          0          0   __rtentry4.o
        94          8          0          0          0          0   __scatter.o
        28          0          0          0          0          0   __scatter_zi.o
        72          0          0          0          0         96   _c16rtomb.o
         6          0          0          0          0          0   _printf_a.o
         6          0          0          0          0          0   _printf_c.o
        44          0          0          0          0        108   _printf_char.o
        48          6          0          0          0         96   _printf_char_common.o
        36          4          0          0          0         80   _printf_char_file.o
        40          0          0          0          0         68   _printf_charcount.o
         6          0          0          0          0          0   _printf_d.o
       120         16          0          0          0         92   _printf_dec.o
         6          0          0          0          0          0   _printf_e.o
         6          0          0          0          0          0   _printf_f.o
      1052          0          0          0          0        148   _printf_fp_dec.o
       764          8         38          0          0        100   _printf_fp_hex.o
       128         16          0          0          0         84   _printf_fp_infnan.o
         6          0          0          0          0          0   _printf_g.o
       148          4         40          0          0        160   _printf_hex_int_ll_ptr.o
         6          0          0          0          0          0   _printf_i.o
       178          0          0          0          0         88   _printf_intcommon.o
        10          0          0          0          0          0   _printf_l.o
         6          0          0          0          0          0   _printf_lc.o
        10          0          0          0          0          0   _printf_ll.o
         6          0          0          0          0          0   _printf_lld.o
         6          0          0          0          0          0   _printf_lli.o
         6          0          0          0          0          0   _printf_llo.o
         6          0          0          0          0          0   _printf_llu.o
         6          0          0          0          0          0   _printf_llx.o
       124         16          0          0          0         92   _printf_longlong_dec.o
         6          0          0          0          0          0   _printf_ls.o
         6          0          0          0          0          0   _printf_n.o
         6          0          0          0          0          0   _printf_o.o
       112          8          0          0          0        124   _printf_oct_int_ll.o
         6          0          0          0          0          0   _printf_p.o
        78          0          0          0          0        108   _printf_pad.o
         0          0          0          0          0          0   _printf_percent.o
         4          0          0          0          0          0   _printf_percent_end.o
         6          0          0          0          0          0   _printf_s.o
        82          0          0          0          0         80   _printf_str.o
        36          0          0          0          0         84   _printf_truncate.o
         6          0          0          0          0          0   _printf_u.o
        44          0          0          0          0        108   _printf_wchar.o
       188          6          8          0          0         92   _printf_wctomb.o
         6          0          0          0          0          0   _printf_x.o
       228          4        148          0          0         96   bigflt0.o
      1936        128          0          0          0        668   btod.o
        10          0          0          0          0         68   defsig_exit.o
        50          0          0          0          0         88   defsig_general.o
        80         58          0          0          0         76   defsig_rtmem_inner.o
        14          0          0          0          0         80   defsig_rtmem_outer.o
        52         38          0          0          0         76   defsig_rtred_inner.o
        14          0          0          0          0         80   defsig_rtred_outer.o
        18          0          0          0          0         80   exit.o
        76          0          0          0          0         88   fclose.o
         8          0          0          0          0         68   ferror.o
       482          0          0          0          0         92   flsbuf.o
       240          6          0          0          0        128   fopen.o
        28          0          0          0          0         68   fputc.o
       248          6          0          0          0         84   fseek.o
        66          0          0          0          0         76   ftell.o
        94          0          0          0          0         80   h1_alloc.o
        52          0          0          0          0         68   h1_extend.o
        78          0          0          0          0         80   h1_free.o
        12          0          0          0          0         84   h1_init.o
         6          0          0          0          0        152   heapauxi.o
         4          0          0          0          0        136   hguard.o
       138          0          0          0          0        168   init_alloc.o
       312         46          0          0          0        112   initio.o
        44         10        272          0          0         76   lc_ctype_c.o
        44         10         28          0          0         76   lc_numeric_c.o
         2          0          0          0          0          0   libinit.o
        46          0          0          0          0          0   libinit2.o
         2          0          0          0          0          0   libshutdown.o
         6          0          0          0          0          0   libshutdown2.o
         8          4          0          0         96         68   libspace.o
       138          0          0          0          0         80   lludiv10.o
         0          0          0          0          0          0   maybetermalloc1.o
        24          4          0          0          0         84   printf.o
       112         18          0          0        228        160   rand.o
        16          4          0          0          0         76   rt_ctype_table.o
         8          4          0          0          0         68   rt_errno_addr_intlibspace.o
         8          4          0          0          0         68   rt_heap_descriptor_intlibspace.o
         8          4          0          0          0         68   rt_locale_intlibspace.o
        68          0          0          0          0         68   rt_memclr.o
        78          0          0          0          0         80   rt_memclr_w.o
         2          0          0          0          0          0   rtexit.o
        10          0          0          0          0          0   rtexit2.o
        70          0          0          0          0         80   setvbuf.o
       264          6          0          0          0        160   stdio.o
         0          0          0         12        252          0   stdio_streams.o
       124          0          0          0          0         88   strcmpv7em.o
        72          0          0          0          0         80   strcpy.o
        86          0          0          0          0         76   strncpy.o
        74          0          0          0          0         80   sys_stackheap_outer.o
         2          0          0          0          0         68   use_no_semi.o
         2          0          0          0          0         68   use_no_semi_2.o
         4          0          0          0          0         68   printf1.o
         4          0          0          0          0         68   printf2.o
         0          0          0          0          0          0   usenofp.o
        40          0          0          0          0         68   fpclassify.o

    ----------------------------------------------------------------------
      9682        450        552         12        576       6708   Library Totals
        20          0          1          0          0          0   (incl. Padding)

    ----------------------------------------------------------------------

      Code (inc. data)   RO Data    RW Data    ZI Data      Debug   Library Name

      9614        450        551         12        576       6504   c_w.l
         8          0          0          0          0        136   fz_ws.l
        40          0          0          0          0         68   m_ws.l

    ----------------------------------------------------------------------
      9682        450        552         12        576       6708   Library Totals

    ----------------------------------------------------------------------

==============================================================================


      Code (inc. data)   RO Data    RW Data    ZI Data      Debug   

     17012        510       1780        316      40420      48577   Grand Totals
     17012        510       1780        112      40420      48577   ELF Image Totals (compressed)
     17012        510       1780        112          0          0   ROM Totals

==============================================================================

    Total RO  Size (Code + RO Data)                18792 (  18.35kB)
    Total RW  Size (RW Data + ZI Data)             40736 (  39.78kB)
    Total ROM Size (Code + RO Data + RW Data)      18904 (  18.46kB)

==============================================================================

