Component: Arm Compiler for Embedded 6.22 Tool: armlink [5ee90200]

==============================================================================

Section Cross References

    mode_utils.o(.text.reportState) refers to mode_utils_asm.o(mode_utils) for getPSR
    mode_utils.o(.text.reportState) refers to mode_utils.o(.rodata.str1.1) for .L.str
    mode_utils.o(.text.reportState) refers to strcpy.o(.text) for strcpy
    mode_utils.o(.text.reportState) refers to printf.o(.text) for printf
    mode_utils.o(.ARM.exidx.text.reportState) refers to mode_utils.o(.text.reportState) for [Anonymous Symbol]
    main.o(.text.main) refers to utils.o(.text.configClock) for configClock
    main.o(.text.main) refers to utils.o(.text.configUSART2) for configUSART2
    main.o(.text.main) refers to main.o(.bss.pool) for pool
    main.o(.text.main) refers to mempool.o(.text.pool_init) for pool_init
    main.o(.text.main) refers to queue.o(.text.OS_initCommsQueue) for OS_initCommsQueue
    main.o(.text.main) refers to mode_utils.o(.text.reportState) for reportState
    main.o(.text.main) refers to main.o(.rodata.str1.1) for .L.str
    main.o(.text.main) refers to printf.o(.text) for printf
    main.o(.text.main) refers to mode_utils_asm.o(mode_utils) for getPSR
    main.o(.text.main) refers to main.o(.bss.main.stack1) for main.stack1
    main.o(.text.main) refers to main.o(.bss.main.TCB1) for main.TCB1
    main.o(.text.main) refers to main.o(.text.task1) for task1
    main.o(.text.main) refers to scheduler.o(.text.OS_initialiseTCB) for OS_initialiseTCB
    main.o(.text.main) refers to main.o(.bss.main.stack2) for main.stack2
    main.o(.text.main) refers to main.o(.bss.main.TCB2) for main.TCB2
    main.o(.text.main) refers to main.o(.text.task2) for task2
    main.o(.text.main) refers to main.o(.bss.main.stack3) for main.stack3
    main.o(.text.main) refers to main.o(.bss.main.TCB3) for main.TCB3
    main.o(.text.main) refers to main.o(.text.task3) for task3
    main.o(.text.main) refers to scheduler.o(.text.OS_addTask) for OS_addTask
    main.o(.text.main) refers to os.o(.text.OS_start) for OS_start
    main.o(.ARM.exidx.text.main) refers to main.o(.text.main) for [Anonymous Symbol]
    main.o(.text.task1) refers to sleep.o(.text.OS_sleep) for OS_sleep
    main.o(.text.task1) refers to main.o(.bss.pool) for pool
    main.o(.text.task1) refers to mempool.o(.text.pool_allocate) for pool_allocate
    main.o(.text.task1) refers to main.o(.rodata.str1.1) for .L.str.2
    main.o(.text.task1) refers to strncpy.o(.text) for strncpy
    main.o(.text.task1) refers to queue.o(.text.OS_sendPacket) for OS_sendPacket
    main.o(.text.task1) refers to mempool.o(.text.pool_deallocate) for pool_deallocate
    main.o(.text.task1) refers to os.o(.text.OS_currentTCB) for OS_currentTCB
    main.o(.text.task1) refers to main.o(.bss.mutex) for mutex
    main.o(.text.task1) refers to mutex.o(.text.OS_mutex_aquire) for OS_mutex_aquire
    main.o(.text.task1) refers to printf.o(.text) for printf
    main.o(.text.task1) refers to mutex.o(.text.OS_mutex_release) for OS_mutex_release
    main.o(.ARM.exidx.text.task1) refers to main.o(.text.task1) for [Anonymous Symbol]
    main.o(.text.task2) refers to sleep.o(.text.OS_sleep) for OS_sleep
    main.o(.text.task2) refers to queue.o(.text.OS_receivePacket) for OS_receivePacket
    main.o(.text.task2) refers to os.o(.text.OS_currentTCB) for OS_currentTCB
    main.o(.text.task2) refers to main.o(.bss.mutex) for mutex
    main.o(.text.task2) refers to mutex.o(.text.OS_mutex_aquire) for OS_mutex_aquire
    main.o(.text.task2) refers to main.o(.rodata.str1.1) for .L.str.4
    main.o(.text.task2) refers to printf.o(.text) for printf
    main.o(.text.task2) refers to mutex.o(.text.OS_mutex_release) for OS_mutex_release
    main.o(.text.task2) refers to main.o(.bss.pool) for pool
    main.o(.text.task2) refers to mempool.o(.text.pool_deallocate) for pool_deallocate
    main.o(.text.task2) refers to mempool.o(.text.pool_allocate) for pool_allocate
    main.o(.text.task2) refers to strncpy.o(.text) for strncpy
    main.o(.ARM.exidx.text.task2) refers to main.o(.text.task2) for [Anonymous Symbol]
    main.o(.text.task3) refers to main.o(.bss.pool) for pool
    main.o(.text.task3) refers to mempool.o(.text.pool_allocate) for pool_allocate
    main.o(.text.task3) refers to main.o(.rodata.str1.1) for .L.str.9
    main.o(.text.task3) refers to strncpy.o(.text) for strncpy
    main.o(.text.task3) refers to mempool.o(.text.pool_deallocate) for pool_deallocate
    main.o(.text.task3) refers to os.o(.text.OS_currentTCB) for OS_currentTCB
    main.o(.text.task3) refers to main.o(.bss.mutex) for mutex
    main.o(.text.task3) refers to mutex.o(.text.OS_mutex_aquire) for OS_mutex_aquire
    main.o(.text.task3) refers to printf.o(.text) for printf
    main.o(.text.task3) refers to mutex.o(.text.OS_mutex_release) for OS_mutex_release
    main.o(.ARM.exidx.text.task3) refers to main.o(.text.task3) for [Anonymous Symbol]
[...]
    .bss                                     0x20000158   Section       84  stdio_streams.o(.bss)
    .bss                                     0x200001ac   Section       96  libspace.o(.bss)
    _idleTaskSF                              0x20000210   Data          64  os.o(.bss._idleTaskSF)
    [Anonymous Symbol]                       0x20000210   Section        0  os.o(.bss._idleTaskSF)
    _ticks                                   0x20000250   Data           4  os.o(.bss._ticks)
    [Anonymous Symbol]                       0x20000250   Section        0  os.o(.bss._ticks)
    commsQueue                               0x20000254   Data          92  queue.o(.bss.commsQueue)
    [Anonymous Symbol]                       0x20000254   Section        0  queue.o(.bss.commsQueue)
    main.TCB1                                0x200002b0   Data          24  main.o(.bss.main.TCB1)
    [Anonymous Symbol]                       0x200002b0   Section        0  main.o(.bss.main.TCB1)
    main.TCB2                                0x200002c8   Data          24  main.o(.bss.main.TCB2)
    [Anonymous Symbol]                       0x200002c8   Section        0  main.o(.bss.main.TCB2)
    main.TCB3                                0x200002e0   Data          24  main.o(.bss.main.TCB3)
    [Anonymous Symbol]                       0x200002e0   Section        0  main.o(.bss.main.TCB3)
    main.stack1                              0x200002f8   Data         512  main.o(.bss.main.stack1)
    [Anonymous Symbol]                       0x200002f8   Section        0  main.o(.bss.main.stack1)
    main.stack2                              0x200004f8   Data         512  main.o(.bss.main.stack2)
    [Anonymous Symbol]                       0x200004f8   Section        0  main.o(.bss.main.stack2)
    main.stack3                              0x200006f8   Data         512  main.o(.bss.main.stack3)
    [Anonymous Symbol]                       0x200006f8   Section        0  main.o(.bss.main.stack3)
    mutex                                    0x200008f8   Data           8  main.o(.bss.mutex)
    [Anonymous Symbol]                       0x200008f8   Section        0  main.o(.bss.mutex)
    notification_counter                     0x20000900   Data           4  scheduler.o(.bss.notification_counter)
    [Anonymous Symbol]                       0x20000900   Section        0  scheduler.o(.bss.notification_counter)
    pending_list                             0x20000904   Data           8  scheduler.o(.bss.pending_list)
    [Anonymous Symbol]                       0x20000904   Section        0  scheduler.o(.bss.pending_list)
    pool                                     0x2000090c   Data           8  main.o(.bss.pool)
    [Anonymous Symbol]                       0x2000090c   Section        0  main.o(.bss.pool)
    pool_init.blocksFree                     0x20000914   Data           4  mempool.o(.bss.pool_init.blocksFree)
    [Anonymous Symbol]                       0x20000914   Section        0  mempool.o(.bss.pool_init.blocksFree)
    schedule                                 0x20000918   Data          20  scheduler.o(.bss.schedule)
    [Anonymous Symbol]                       0x20000918   Section        0  scheduler.o(.bss.schedule)
    sleep_counter                            0x2000092c   Data           4  scheduler.o(.bss.sleep_counter)
    [Anonymous Symbol]                       0x2000092c   Section        0  scheduler.o(.bss.sleep_counter)
    spaces_left                              0x20000930   Data           4  queue.o(.bss.spaces_left)
    [Anonymous Symbol]                       0x20000930   Section        0  queue.o(.bss.spaces_left)
    static_pool                              0x20000938   Data       16384  mempool.o(.bss.static_pool)
    [Anonymous Symbol]                       0x20000938   Section        0  mempool.o(.bss.static_pool)
    static_pool                              0x20004938   Data       16384  static_alloc.o(.bss.static_pool)
    [Anonymous Symbol]                       0x20004938   Section        0  static_alloc.o(.bss.static_pool)
    store                                    0x20008938   Data          80  scheduler.o(.bss.store)
    [Anonymous Symbol]                       0x20008938   Section        0  scheduler.o(.bss.store)
    wait_list                                0x20008988   Data           8  scheduler.o(.bss.wait_list)
    [Anonymous Symbol]                       0x20008988   Section        0  scheduler.o(.bss.wait_list)
    Heap_Mem                                 0x20008990   Data         512  startup_stm32f407xx.o(HEAP)
    HEAP                                     0x20008990   Section      512  startup_stm32f407xx.o(HEAP)
    Stack_Mem                                0x20008b90   Data        1024  startup_stm32f407xx.o(STACK)
    STACK                                    0x20008b90   Section     1024  startup_stm32f407xx.o(STACK)
    __initial_sp                             0x20008f90   Data           0  startup_stm32f407xx.o(STACK)

    Global Symbols

    Symbol Name                              Value     Ov Type        Size  Object(Section)

    BuildAttributes$$THM_ISAv4$E$P$D$K$B$S$7EM$PE$A:L22UL41UL21$X:L11$S22US41US21$IEEE1$IW$~IW$USESV6$~STKCKD$USESV7$~SHL$OTIME$ROPI$IEEEJ$EBA8$UX$STANDARDLIB$REQ8$PRES8$EABIv2 0x00000000   Number         0  anon$$obj.o ABSOLUTE
    __fp_init_empty                          0x00000000   Number         0  fpinit_empty.o ABSOLUTE
    _printf_flags                            0x00000000   Number         0  printf_stubs.o ABSOLUTE
    _printf_return_value                     0x00000000   Number         0  printf_stubs.o ABSOLUTE
    _printf_sizespec                         0x00000000   Number         0  printf_stubs.o ABSOLUTE
    _printf_widthprec                        0x00000000   Number         0  printf_stubs.o ABSOLUTE
    __ARM_exceptions_init                     - Undefined Weak Reference
    __alloca_initialize                       - Undefined Weak Reference
    __arm_preinit_                            - Undefined Weak Reference
    __arm_relocate_pie_                       - Undefined Weak Reference
    __cpp_initialize__aeabi_                  - Undefined Weak Reference
    __cxa_finalize                            - Undefined Weak Reference
    __sigvec_lookup                           - Undefined Weak Reference
    __user_heap_extent                        - Undefined Weak Reference
    _atexit_init                              - Undefined Weak Reference
    _call_atexit_fns                          - Undefined Weak Reference
    _clock_init                               - Undefined Weak Reference
    _fp_trap_init                             - Undefined Weak Reference
    _fp_trap_shutdown                         - Undefined Weak Reference
    _get_lc_collate                           - Undefined Weak Reference
    _get_lc_monetary                          - Undefined Weak Reference
    _get_lc_time                              - Undefined Weak Reference
    _getenv_init                              - Undefined Weak Reference
    _handle_redirection                       - Undefined Weak Reference
    _mutex_acquire                            - Undefined Weak Reference
    _mutex_free                               - Undefined Weak Reference
    _mutex_release                            - Undefined Weak Reference
    _printf_mbtowc                            - Undefined Weak Reference
    _printf_wc                                - Undefined Weak Reference
    _rand_init                                - Undefined Weak Reference
    _signal_finish                            - Undefined Weak Reference
    _signal_init                              - Undefined Weak Reference
    __Vectors_Size                           0x00000188   Number         0  startup_stm32f407xx.o ABSOLUTE
    __Vectors                                0x08000000   Data           4  startup_stm32f407xx.o(RESET)
    __Vectors_End                            0x08000188   Data           0  startup_stm32f407xx.o(RESET)
    __main                                   0x08000189   Thumb Code     8  __main.o(!!!main)
    __scatterload                            0x08000191   Thumb Code     0  __scatter.o(!!!scatter)
    __scatterload_rt2                        0x08000191   Thumb Code    84  __scatter.o(!!!scatter)
    __scatterload_rt2_thumb_only             0x08000191   Thumb Code     0  __scatter.o(!!!scatter)
    __scatterload_loop                       0x0800019b   Thumb Code     0  __scatter.o(!!!scatter)
    __scatterload_copy                       0x080001ed   Thumb Code    26  __scatter_copy.o(!!handler_copy)
    __scatterload_null                       0x08000209   Thumb Code     2  __scatter.o(!!handler_null)
    __scatterload_zeroinit                   0x0800020d   Thumb Code    28  __scatter_zi.o(!!handler_zi)
    _printf_n                                0x08000229   Thumb Code     0  _printf_n.o(.ARM.Collect$$_printf_percent$$00000001)
    _printf_percent                          0x08000229   Thumb Code     0  _printf_percent.o(.ARM.Collect$$_printf_percent$$00000000)
    _printf_p                                0x0800022f   Thumb Code     0  _printf_p.o(.ARM.Collect$$_printf_percent$$00000002)
    _printf_f                                0x08000235   Thumb Code     0  _printf_f.o(.ARM.Collect$$_printf_percent$$00000003)
    _printf_e                                0x0800023b   Thumb Code     0  _printf_e.o(.ARM.Collect$$_printf_percent$$00000004)
    _printf_g                                0x08000241   Thumb Code     0  _printf_g.o(.ARM.Collect$$_printf_percent$$00000005)
    _printf_a                                0x08000247   Thumb Code     0  _printf_a.o(.ARM.Collect$$_printf_percent$$00000006)
    _printf_ll                               0x0800024d   Thumb Code     0  _printf_ll.o(.ARM.Collect$$_printf_percent$$00000007)
    _printf_i                                0x08000257   Thumb Code     0  _printf_i.o(.ARM.Collect$$_printf_percent$$00000008)
    _printf_d                                0x0800025d   Thumb Code     0  _printf_d.o(.ARM.Collect$$_printf_percent$$00000009)
    _printf_u                                0x08000263   Thumb Code     0  _printf_u.o(.ARM.Collect$$_printf_percent$$0000000A)
    _printf_o                                0x08000269   Thumb Code     0  _printf_o.o(.ARM.Collect$$_printf_percent$$0000000B)
    _printf_x                                0x0800026f   Thumb Code     0  _printf_x.o(.ARM.Collect$$_printf_percent$$0000000C)
    _printf_lli                              0x08000275   Thumb Code     0  _printf_lli.o(.ARM.Collect$$_printf_percent$$0000000D)
    _printf_lld                              0x0800027b   Thumb Code     0  _printf_lld.o(.ARM.Collect$$_printf_percent$$0000000E)
    _printf_llu                              0x08000281   Thumb Code     0  _printf_llu.o(.ARM.Collect$$_printf_percent$$0000000F)
    _printf_llo                              0x08000287   Thumb Code     0  _printf_llo.o(.ARM.Collect$$_printf_percent$$00000010)
    _printf_llx                              0x0800028d   Thumb Code     0  _printf_llx.o(.ARM.Collect$$_printf_percent$$00000011)
    _printf_l                                0x08000293   Thumb Code     0  _printf_l.o(.ARM.Collect$$_printf_percent$$00000012)
    _printf_c                                0x0800029d   Thumb Code     0  _printf_c.o(.ARM.Collect$$_printf_percent$$00000013)
    _printf_s                                0x080002a3   Thumb Code     0  _printf_s.o(.ARM.Collect$$_printf_percent$$00000014)
    _printf_lc                               0x080002a9   Thumb Code     0  _printf_lc.o(.ARM.Collect$$_printf_percent$$00000015)
    _printf_ls                               0x080002af   Thumb Code     0  _printf_ls.o(.ARM.Collect$$_printf_percent$$00000016)
    _printf_percent_end                      0x080002b5   Thumb Code     0  _printf_percent_end.o(.ARM.Collect$$_printf_percent$$00000017)
    __rt_lib_init                            0x080002b9   Thumb Code     0  libinit.o(.ARM.Collect$$libinit$$00000000)
    __rt_lib_init_fp_1                       0x080002bb   Thumb Code     0  libinit2.o(.ARM.Collect$$libinit$$00000002)
    __rt_lib_init_heap_2                     0x080002bb   Thumb Code     0  libinit2.o(.ARM.Collect$$libinit$$00000007)
    __rt_lib_init_preinit_1                  0x080002bb   Thumb Code     0  libinit2.o(.ARM.Collect$$libinit$$00000006)
    __rt_lib_init_relocate_pie_1             0x080002bb   Thumb Code     0  libinit2.o(.ARM.Collect$$libinit$$00000004)
    __rt_lib_init_heap_1                     0x080002c3   Thumb Code     0  libinit2.o(.ARM.Collect$$libinit$$0000000C)
    __rt_lib_init_lc_common                  0x080002c3   Thumb Code     0  libinit2.o(.ARM.Collect$$libinit$$00000011)
    __rt_lib_init_rand_1                     0x080002c3   Thumb Code     0  libinit2.o(.ARM.Collect$$libinit$$00000010)
    __rt_lib_init_user_alloc_1               0x080002c3   Thumb Code     0  libinit2.o(.ARM.Collect$$libinit$$0000000E)
    __rt_lib_init_lc_collate_1               0x080002c9   Thumb Code     0  libinit2.o(.ARM.Collect$$libinit$$00000013)
    __rt_lib_init_lc_ctype_2                 0x080002c9   Thumb Code     0  libinit2.o(.ARM.Collect$$libinit$$00000014)
    __rt_lib_init_lc_ctype_1                 0x080002d5   Thumb Code     0  libinit2.o(.ARM.Collect$$libinit$$00000015)
    __rt_lib_init_lc_monetary_1              0x080002d5   Thumb Code     0  libinit2.o(.ARM.Collect$$libinit$$00000017)
    __rt_lib_init_lc_numeric_2               0x080002d5   Thumb Code     0  libinit2.o(.ARM.Collect$$libinit$$00000018)
    __rt_lib_init_atexit_1                   0x080002df   Thumb Code     0  libinit2.o(.ARM.Collect$$libinit$$0000001D)
    __rt_lib_init_clock_1                    0x080002df   Thumb Code     0  libinit2.o(.ARM.Collect$$libinit$$00000023)
    __rt_lib_init_fp_trap_1                  0x080002df   Thumb Code     0  libinit2.o(.ARM.Collect$$libinit$$00000021)
    __rt_lib_init_getenv_1                   0x080002df   Thumb Code     0  libinit2.o(.ARM.Collect$$libinit$$00000025)
    __rt_lib_init_lc_numeric_1               0x080002df   Thumb Code     0  libinit2.o(.ARM.Collect$$libinit$$00000019)
    __rt_lib_init_lc_time_1                  0x080002df   Thumb Code     0  libinit2.o(.ARM.Collect$$libinit$$0000001B)
    __rt_lib_init_signal_1                   0x080002df   Thumb Code     0  libinit2.o(.ARM.Collect$$libinit$$0000001F)
    __rt_lib_init_stdio_2                    0x080002df   Thumb Code     0  libinit2.o(.ARM.Collect$$libinit$$00000026)
    __rt_lib_init_alloca_1                   0x080002e3   Thumb Code     0  libinit2.o(.ARM.Collect$$libinit$$00000030)
    __rt_lib_init_argv_1                     0x080002e3   Thumb Code     0  libinit2.o(.ARM.Collect$$libinit$$0000002E)
    __rt_lib_init_cpp_1                      0x080002e3   Thumb Code     0  libinit2.o(.ARM.Collect$$libinit$$00000034)
    __rt_lib_init_exceptions_1               0x080002e3   Thumb Code     0  libinit2.o(.ARM.Collect$$libinit$$00000032)
    __rt_lib_init_return                     0x080002e3   Thumb Code     0  libinit2.o(.ARM.Collect$$libinit$$00000035)
    __rt_lib_init_stdio_1                    0x080002e3   Thumb Code     0  libinit2.o(.ARM.Collect$$libinit$$00000027)
    __rt_lib_shutdown                        0x080002e5   Thumb Code     0  libshutdown.o(.ARM.Collect$$libshutdown$$00000000)
    __rt_lib_shutdown_cpp_1                  0x080002e7   Thumb Code     0  libshutdown2.o(.ARM.Collect$$libshutdown$$00000002)
    __rt_lib_shutdown_stdio_2                0x080002e7   Thumb Code     0  libshutdown2.o(.ARM.Collect$$libshutdown$$00000003)
    __rt_lib_shutdown_fp_trap_1              0x080002eb   Thumb Code     0  libshutdown2.o(.ARM.Collect$$libshutdown$$00000007)
    __rt_lib_shutdown_heap_1                 0x080002eb   Thumb Code     0  libshutdown2.o(.ARM.Collect$$libshutdown$$0000000F)
    __rt_lib_shutdown_return                 0x080002eb   Thumb Code     0  libshutdown2.o(.ARM.Collect$$libshutdown$$00000010)
    __rt_lib_shutdown_signal_1               0x080002eb   Thumb Code     0  libshutdown2.o(.ARM.Collect$$libshutdown$$0000000A)
    __rt_lib_shutdown_stdio_1                0x080002eb   Thumb Code     0  libshutdown2.o(.ARM.Collect$$libshutdown$$00000004)
    __rt_lib_shutdown_user_alloc_1           0x080002eb   Thumb Code     0  libshutdown2.o(.ARM.Collect$$libshutdown$$0000000C)
    __rt_entry                               0x080002ed   Thumb Code     0  __rtentry.o(.ARM.Collect$$rtentry$$00000000)
    __rt_entry_presh_1                       0x080002ed   Thumb Code     0  __rtentry2.o(.ARM.Collect$$rtentry$$00000002)
    __rt_entry_sh                            0x080002ed   Thumb Code     0  __rtentry4.o(.ARM.Collect$$rtentry$$00000004)
    __rt_entry_li                            0x080002f3   Thumb Code     0  __rtentry2.o(.ARM.Collect$$rtentry$$0000000A)
    __rt_entry_postsh_1                      0x080002f3   Thumb Code     0  __rtentry2.o(.ARM.Collect$$rtentry$$00000009)
    __rt_entry_main                          0x080002f7   Thumb Code     0  __rtentry2.o(.ARM.Collect$$rtentry$$0000000D)
    __rt_entry_postli_1                      0x080002f7   Thumb Code     0  __rtentry2.o(.ARM.Collect$$rtentry$$0000000C)
    __rt_exit                                0x080002ff   Thumb Code     0  rtexit.o(.ARM.Collect$$rtexit$$00000000)
    __rt_exit_ls                             0x08000301   Thumb Code     0  rtexit2.o(.ARM.Collect$$rtexit$$00000003)
    __rt_exit_prels_1                        0x08000301   Thumb Code     0  rtexit2.o(.ARM.Collect$$rtexit$$00000002)
    __rt_exit_exit                           0x08000305   Thumb Code     0  rtexit2.o(.ARM.Collect$$rtexit$$00000004)
    Reset_Handler                            0x0800030d   Thumb Code     8  startup_stm32f407xx.o(.text)
    NMI_Handler                              0x08000315   Thumb Code     2  startup_stm32f407xx.o(.text)
    MemManage_Handler                        0x08000319   Thumb Code     2  startup_stm32f407xx.o(.text)
    BusFault_Handler                         0x0800031b   Thumb Code     2  startup_stm32f407xx.o(.text)
    UsageFault_Handler                       0x0800031d   Thumb Code     2  startup_stm32f407xx.o(.text)
    DebugMon_Handler                         0x08000321   Thumb Code     2  startup_stm32f407xx.o(.text)
    ADC_IRQHandler                           0x08000327   Thumb Code     0  startup_stm32f407xx.o(.text)
    CAN1_RX0_IRQHandler                      0x08000327   Thumb Code     0  startup_stm32f407xx.o(.text)
    CAN1_RX1_IRQHandler                      0x08000327   Thumb Code     0  startup_stm32f407xx.o(.text)
    CAN1_SCE_IRQHandler                      0x08000327   Thumb Code     0  startup_stm32f407xx.o(.text)
    CAN1_TX_IRQHandler                       0x08000327   Thumb Code     0  startup_stm32f407xx.o(.text)
    CAN2_RX0_IRQHandler                      0x08000327   Thumb Code     0  startup_stm32f407xx.o(.text)
    CAN2_RX1_IRQHandler                      0x08000327   Thumb Code     0  startup_stm32f407xx.o(.text)
    CAN2_SCE_IRQHandler                      0x08000327   Thumb Code     0  startup_stm32f407xx.o(.text)
    CAN2_TX_IRQHandler                       0x08000327   Thumb Code     0  startup_stm32f407xx.o(.text)
    DCMI_IRQHandler                          0x08000327   Thumb Code     0  startup_stm32f407xx.o(.text)
    DMA1_Stream0_IRQHandler                  0x08000327   Thumb Code     0  startup_stm32f407xx.o(.text)
    DMA1_Stream1_IRQHandler                  0x08000327   Thumb Code     0  startup_stm32f407xx.o(.text)
    DMA1_Stream2_IRQHandler                  0x08000327   Thumb Code     0  startup_stm32f407xx.o(.text)
    DMA1_Stream3_IRQHandler                  0x08000327   Thumb Code     0  startup_stm32f407xx.o(.text)
    DMA1_Stream4_IRQHandler                  0x08000327   Thumb Code     0  startup_stm32f407xx.o(.text)
    DMA1_Stream5_IRQHandler                  0x08000327   Thumb Code     0  startup_stm32f407xx.o(.text)
    DMA1_Stream6_IRQHandler                  0x08000327   Thumb Code     0  startup_stm32f407xx.o(.text)
    DMA1_Stream7_IRQHandler                  0x08000327   Thumb Code     0  startup_stm32f407xx.o(.text)
    DMA2_Stream0_IRQHandler                  0x08000327   Thumb Code     0  startup_stm32f407xx.o(.text)
    DMA2_Stream1_IRQHandler                  0x08000327   Thumb Code     0  startup_stm32f407xx.o(.text)
    DMA2_Stream2_IRQHandler                  0x08000327   Thumb Code     0  startup_stm32f407xx.o(.text)
    DMA2_Stream3_IRQHandler                  0x08000327   Thumb Code     0  startup_stm32f407xx.o(.text)
    DMA2_Stream4_IRQHandler                  0x08000327   Thumb Code     0  startup_stm32f407xx.o(.text)
    DMA2_Stream5_IRQHandler                  0x08000327   Thumb Code     0  startup_stm32f407xx.o(.text)
    DMA2_Stream6_IRQHandler                  0x08000327   Thumb Code     0  startup_stm32f407xx.o(.text)
    DMA2_Stream7_IRQHandler                  0x08000327   Thumb Code     0  startup_stm32f407xx.o(.text)
    ETH_IRQHandler                           0x08000327   Thumb Code     0  startup_stm32f407xx.o(.text)
    ETH_WKUP_IRQHandler                      0x08000327   Thumb Code     0  startup_stm32f407xx.o(.text)
    EXTI0_IRQHandler                         0x08000327   Thumb Code     0  startup_stm32f407xx.o(.text)
    EXTI15_10_IRQHandler                     0x08000327   Thumb Code     0  startup_stm32f407xx.o(.text)
    EXTI1_IRQHandler                         0x08000327   Thumb Code     0  startup_stm32f407xx.o(.text)
    EXTI2_IRQHandler                         0x08000327   Thumb Code     0  startup_stm32f407xx.o(.text)
    EXTI3_IRQHandler                         0x08000327   Thumb Code     0  startup_stm32f407xx.o(.text)
    EXTI4_IRQHandler                         0x08000327   Thumb Code     0  startup_stm32f407xx.o(.text)
    EXTI9_5_IRQHandler                       0x08000327   Thumb Code     0  startup_stm32f407xx.o(.text)
    FLASH_IRQHandler                         0x08000327   Thumb Code     0  startup_stm32f407xx.o(.text)
    FMC_IRQHandler                           0x08000327   Thumb Code     0  startup_stm32f407xx.o(.text)
    FPU_IRQHandler                           0x08000327   Thumb Code     0  startup_stm32f407xx.o(.text)
    HASH_RNG_IRQHandler                      0x08000327   Thumb Code     0  startup_stm32f407xx.o(.text)
    I2C1_ER_IRQHandler                       0x08000327   Thumb Code     0  startup_stm32f407xx.o(.text)
    I2C1_EV_IRQHandler                       0x08000327   Thumb Code     0  startup_stm32f407xx.o(.text)
    I2C2_ER_IRQHandler                       0x08000327   Thumb Code     0  startup_stm32f407xx.o(.text)
    I2C2_EV_IRQHandler                       0x08000327   Thumb Code     0  startup_stm32f407xx.o(.text)
    I2C3_ER_IRQHandler                       0x08000327   Thumb Code     0  startup_stm32f407xx.o(.text)
    I2C3_EV_IRQHandler                       0x08000327   Thumb Code     0  startup_stm32f407xx.o(.text)
    OTG_FS_IRQHandler                        0x08000327   Thumb Code     0  startup_stm32f407xx.o(.text)
    OTG_FS_WKUP_IRQHandler                   0x08000327   Thumb Code     0  startup_stm32f407xx.o(.text)
    OTG_HS_EP1_IN_IRQHandler                 0x08000327   Thumb Code     0  startup_stm32f407xx.o(.text)
    OTG_HS_EP1_OUT_IRQHandler                0x08000327   Thumb Code     0  startup_stm32f407xx.o(.text)
    OTG_HS_IRQHandler                        0x08000327   Thumb Code     0  startup_stm32f407xx.o(.text)
    OTG_HS_WKUP_IRQHandler                   0x08000327   Thumb Code     0  startup_stm32f407xx.o(.text)
    PVD_IRQHandler                           0x08000327   Thumb Code     0  startup_stm32f407xx.o(.text)
    RCC_IRQHandler                           0x08000327   Thumb Code     0  startup_stm32f407xx.o(.text)
    RTC_Alarm_IRQHandler                     0x08000327   Thumb Code     0  startup_stm32f407xx.o(.text)
    RTC_WKUP_IRQHandler                      0x08000327   Thumb Code     0  startup_stm32f407xx.o(.text)
    SDIO_IRQHandler                          0x08000327   Thumb Code     0  startup_stm32f407xx.o(.text)
    SPI1_IRQHandler                          0x08000327   Thumb Code     0  startup_stm32f407xx.o(.text)
    SPI2_IRQHandler                          0x08000327   Thumb Code     0  startup_stm32f407xx.o(.text)
    SPI3_IRQHandler                          0x08000327   Thumb Code     0  startup_stm32f407xx.o(.text)
    TAMP_STAMP_IRQHandler                    0x08000327   Thumb Code     0  startup_stm32f407xx.o(.text)
    TIM1_BRK_TIM9_IRQHandler                 0x08000327   Thumb Code     0  startup_stm32f407xx.o(.text)
    TIM1_CC_IRQHandler                       0x08000327   Thumb Code     0  startup_stm32f407xx.o(.text)
    TIM1_TRG_COM_TIM11_IRQHandler            0x08000327   Thumb Code     0  startup_stm32f407xx.o(.text)
    TIM1_UP_TIM10_IRQHandler                 0x08000327   Thumb Code     0  startup_stm32f407xx.o(.text)
    TIM2_IRQHandler                          0x08000327   Thumb Code     0  startup_stm32f407xx.o(.text)
    TIM3_IRQHandler                          0x08000327   Thumb Code     0  startup_stm32f407xx.o(.text)
    TIM4_IRQHandler                          0x08000327   Thumb Code     0  startup_stm32f407xx.o(.text)
    TIM5_IRQHandler                          0x08000327   Thumb Code     0  startup_stm32f407xx.o(.text)
    TIM6_DAC_IRQHandler                      0x08000327   Thumb Code     0  startup_stm32f407xx.o(.text)
    TIM7_IRQHandler                          0x08000327   Thumb Code     0  startup_stm32f407xx.o(.text)
    TIM8_BRK_TIM12_IRQHandler                0x08000327   Thumb Code     0  startup_stm32f407xx.o(.text)
    TIM8_CC_IRQHandler                       0x08000327   Thumb Code     0  startup_stm32f407xx.o(.text)
    TIM8_TRG_COM_TIM14_IRQHandler            0x08000327   Thumb Code     0  startup_stm32f407xx.o(.text)
    TIM8_UP_TIM13_IRQHandler                 0x08000327   Thumb Code     0  startup_stm32f407xx.o(.text)
    UART4_IRQHandler                         0x08000327   Thumb Code     0  startup_stm32f407xx.o(.text)
    UART5_IRQHandler                         0x08000327   Thumb Code     0  startup_stm32f407xx.o(.text)
    USART1_IRQHandler                        0x08000327   Thumb Code     0  startup_stm32f407xx.o(.text)
    USART2_IRQHandler                        0x08000327   Thumb Code     0  startup_stm32f407xx.o(.text)
    USART3_IRQHandler                        0x08000327   Thumb Code     0  startup_stm32f407xx.o(.text)
    USART6_IRQHandler                        0x08000327   Thumb Code     0  startup_stm32f407xx.o(.text)
    WWDG_IRQHandler                          0x08000327   Thumb Code     0  startup_stm32f407xx.o(.text)
    __user_initial_stackheap                 0x08000329   Thumb Code     0  startup_stm32f407xx.o(.text)
    __use_no_semihosting                     0x0800034d   Thumb Code     2  use_no_semi_2.o(.text)
    printf                                   0x08000351   Thumb Code    20  printf.o(.text)
    strcpy                                   0x08000369   Thumb Code    72  strcpy.o(.text)
    __aeabi_memclr4                          0x080003b1   Thumb Code     0  rt_memclr_w.o(.text)
    __aeabi_memclr8                          0x080003b1   Thumb Code     0  rt_memclr_w.o(.text)
    __rt_memclr_w                            0x080003b1   Thumb Code     0  rt_memclr_w.o(.text)
    _memset_w                                0x080003b5   Thumb Code    74  rt_memclr_w.o(.text)
    strncpy                                  0x080003ff   Thumb Code    86  strncpy.o(.text)
    strcmp                                   0x08000459   Thumb Code   124  strcmpv7em.o(.text)
    __use_two_region_memory                  0x080004d5   Thumb Code     2  heapauxi.o(.text)
    __rt_heap_escrow                         0x080004d7   Thumb Code     2  heapauxi.o(.text)
    __rt_heap_expand                         0x080004d9   Thumb Code     2  heapauxi.o(.text)
    __semihosting$guard                      0x080004db   Thumb Code     0  use_no_semi.o(.text)
    __use_no_semihosting_swi                 0x080004db   Thumb Code     2  use_no_semi.o(.text)
    _printf_pre_padding                      0x080004dd   Thumb Code    44  _printf_pad.o(.text)
    _printf_post_padding                     0x08000509   Thumb Code    34  _printf_pad.o(.text)
    _printf_truncate_signed                  0x0800052b   Thumb Code    18  _printf_truncate.o(.text)
    _printf_truncate_unsigned                0x0800053d   Thumb Code    18  _printf_truncate.o(.text)
    _printf_str                              0x0800054f   Thumb Code    82  _printf_str.o(.text)
    _printf_int_dec                          0x080005a1   Thumb Code   104  _printf_dec.o(.text)
    _printf_charcount                        0x08000619   Thumb Code    40  _printf_charcount.o(.text)
    _printf_char_file                        0x08000641   Thumb Code    32  _printf_char_file.o(.text)
    _printf_wctomb                           0x08000665   Thumb Code   182  _printf_wctomb.o(.text)
    _printf_longlong_dec                     0x08000721   Thumb Code   108  _printf_longlong_dec.o(.text)
    _printf_longlong_oct                     0x0800079d   Thumb Code    68  _printf_oct_int_ll.o(.text)
    _printf_int_oct                          0x080007e1   Thumb Code    24  _printf_oct_int_ll.o(.text)
    _printf_ll_oct                           0x080007f9   Thumb Code    12  _printf_oct_int_ll.o(.text)
    _printf_longlong_hex                     0x0800080d   Thumb Code    86  _printf_hex_int_ll_ptr.o(.text)
    _printf_int_hex                          0x08000863   Thumb Code    28  _printf_hex_int_ll_ptr.o(.text)
    _printf_ll_hex                           0x0800087f   Thumb Code    12  _printf_hex_int_ll_ptr.o(.text)
    _printf_hex_ptr                          0x0800088b   Thumb Code    18  _printf_hex_int_ll_ptr.o(.text)
    __printf                                 0x080008a1   Thumb Code   388  __printf_flags_ss_wp.o(.text)
    __aeabi_memclr                           0x08000a29   Thumb Code     0  rt_memclr.o(.text)
    __rt_memclr                              0x08000a29   Thumb Code     0  rt_memclr.o(.text)
    _memset                                  0x08000a2d   Thumb Code    64  rt_memclr.o(.text)
    _ll_udiv10                               0x08000a6d   Thumb Code   138  lludiv10.o(.text)
    _printf_int_common                       0x08000af7   Thumb Code   178  _printf_intcommon.o(.text)
    _printf_fp_dec_real                      0x08000d59   Thumb Code   620  _printf_fp_dec.o(.text)
    _printf_fp_hex_real                      0x08000fc5   Thumb Code   756  _printf_fp_hex.o(.text)
    _printf_char_common                      0x080012cb   Thumb Code    32  _printf_char_common.o(.text)
    _printf_cs_common                        0x080012f1   Thumb Code    20  _printf_char.o(.text)
    _printf_char                             0x08001305   Thumb Code    16  _printf_char.o(.text)
    _printf_string                           0x08001315   Thumb Code     8  _printf_char.o(.text)
    _printf_lcs_common                       0x0800131d   Thumb Code    20  _printf_wchar.o(.text)
    _printf_wchar                            0x08001331   Thumb Code    16  _printf_wchar.o(.text)
    _printf_wstring                          0x08001341   Thumb Code     8  _printf_wchar.o(.text)
    ferror                                   0x08001349   Thumb Code     8  ferror.o(.text)
    _initio                                  0x08001351   Thumb Code   210  initio.o(.text)
    _terminateio                             0x08001423   Thumb Code    56  initio.o(.text)
    _c16rtomb                                0x08001489   Thumb Code    72  _c16rtomb.o(.text)
    _wcrtomb                                 0x08001489   Thumb Code     0  _c16rtomb.o(.text)
    __user_setup_stackheap                   0x080014d1   Thumb Code    74  sys_stackheap_outer.o(.text)
    __rt_ctype_table                         0x0800151d   Thumb Code    16  rt_ctype_table.o(.text)
    __rt_locale                              0x0800152d   Thumb Code     8  rt_locale_intlibspace.o(.text)
    free                                     0x08001535   Thumb Code    78  h1_free.o(.text)
    _printf_fp_infnan                        0x08001585   Thumb Code   112  _printf_fp_infnan.o(.text)
    _btod_etento                             0x08001605   Thumb Code   224  bigflt0.o(.text)
    __flsbuf                                 0x080016e9   Thumb Code   482  flsbuf.o(.text)
    __flsbuf_byte                            0x080016e9   Thumb Code     0  flsbuf.o(.text)
    __flsbuf_wide                            0x080016e9   Thumb Code     0  flsbuf.o(.text)
    setvbuf                                  0x080018cb   Thumb Code    70  setvbuf.o(.text)
    freopen                                  0x08001911   Thumb Code   160  fopen.o(.text)
    fopen                                    0x080019b1   Thumb Code    74  fopen.o(.text)
    _fclose_internal                         0x08001a01   Thumb Code    76  fclose.o(.text)
    fclose                                   0x08001a01   Thumb Code     0  fclose.o(.text)
    exit                                     0x08001a4d   Thumb Code    18  exit.o(.text)
    __rt_SIGRTRED                            0x08001a5f   Thumb Code    14  defsig_rtred_outer.o(.text)
    __user_libspace                          0x08001a6d   Thumb Code     8  libspace.o(.text)
    __user_perproc_libspace                  0x08001a6d   Thumb Code     0  libspace.o(.text)
    __user_perthread_libspace                0x08001a6d   Thumb Code     0  libspace.o(.text)
    __rt_heap_descriptor                     0x08001a75   Thumb Code     8  rt_heap_descriptor_intlibspace.o(.text)
    __use_no_heap                            0x08001a7d   Thumb Code     2  hguard.o(.text)
    __heap$guard                             0x08001a7f   Thumb Code     2  hguard.o(.text)
    _terminate_user_alloc                    0x08001a81   Thumb Code     2  init_alloc.o(.text)
    _init_user_alloc                         0x08001a83   Thumb Code     2  init_alloc.o(.text)
    __Heap_Full                              0x08001a85   Thumb Code    34  init_alloc.o(.text)
    __Heap_Broken                            0x08001aa7   Thumb Code     6  init_alloc.o(.text)
    _init_alloc                              0x08001aad   Thumb Code    94  init_alloc.o(.text)
    malloc                                   0x08001b0b   Thumb Code    94  h1_alloc.o(.text)
    _fseek                                   0x08001b69   Thumb Code   242  fseek.o(.text)
    fseek                                    0x08001b69   Thumb Code     0  fseek.o(.text)
    _seterr                                  0x08001c61   Thumb Code    20  stdio.o(.text)
    _writebuf                                0x08001c75   Thumb Code   108  stdio.o(.text)
    _fflush                                  0x08001ce1   Thumb Code    70  stdio.o(.text)
    _deferredlazyseek                        0x08001d27   Thumb Code    60  stdio.o(.text)
    __sig_exit                               0x08001d69   Thumb Code    10  defsig_exit.o(.text)
    __rt_SIGRTRED_inner                      0x08001d75   Thumb Code    14  defsig_rtred_inner.o(.text)
    __Heap_Initialize                        0x08001da9   Thumb Code     8  h1_init.o(.text)
    _maybe_terminate_alloc                   0x08001da9   Thumb Code     0  maybetermalloc1.o(.text)
    __Heap_DescSize                          0x08001db1   Thumb Code     4  h1_init.o(.text)
    __Heap_ProvideMemory                     0x08001db5   Thumb Code    52  h1_extend.o(.text)
    _ftell_internal                          0x08001de9   Thumb Code    66  ftell.o(.text)
    ftell                                    0x08001de9   Thumb Code     0  ftell.o(.text)
    __default_signal_display                 0x08001e2b   Thumb Code    50  defsig_general.o(.text)
    __rt_SIGRTMEM                            0x08001e5d   Thumb Code    14  defsig_rtmem_outer.o(.text)
    __aeabi_errno_addr                       0x08001e6d   Thumb Code     8  rt_errno_addr_intlibspace.o(.text)
    __errno$intlibspace                      0x08001e6d   Thumb Code     0  rt_errno_addr_intlibspace.o(.text)
    __rt_errno_addr$intlibspace              0x08001e6d   Thumb Code     0  rt_errno_addr_intlibspace.o(.text)
    __rt_SIGRTMEM_inner                      0x08001e75   Thumb Code    22  defsig_rtmem_inner.o(.text)
    HardFault_Handler                        0x08001ec5   Thumb Code    18  hardfault.o(.text.HardFault_Handler)
    HardFault_HandlerC                       0x08001ed9   Thumb Code   158  hardfault.o(.text.HardFault_HandlerC)
    OS_addTask                               0x08001f79   Thumb Code    60  scheduler.o(.text.OS_addTask)
    OS_constructSchedule                     0x08001fb5   Thumb Code    68  scheduler.o(.text.OS_constructSchedule)
    OS_currentTCB                            0x08001ff9   Thumb Code    12  os.o(.text.OS_currentTCB)
    OS_elapsedTicks                          0x08002005   Thumb Code    12  os.o(.text.OS_elapsedTicks)
    OS_initCommsQueue                        0x08002011   Thumb Code    14  queue.o(.text.OS_initCommsQueue)
    OS_initialiseTCB                         0x08002021   Thumb Code   166  scheduler.o(.text.OS_initialiseTCB)
    OS_mutex_aquire                          0x080020c9   Thumb Code    94  mutex.o(.text.OS_mutex_aquire)
    OS_mutex_release                         0x08002129   Thumb Code    54  mutex.o(.text.OS_mutex_release)
    OS_notifyAll                             0x08002161   Thumb Code    68  scheduler.o(.text.OS_notifyAll)
    OS_receivePacket                         0x080021a5   Thumb Code    76  queue.o(.text.OS_receivePacket)
    OS_semBinary_acquire                     0x080021f1   Thumb Code    72  semaphore.o(.text.OS_semBinary_acquire)
    OS_semBinary_release                     0x08002239   Thumb Code    48  semaphore.o(.text.OS_semBinary_release)
    OS_semaphore_acquire                     0x08002269   Thumb Code    84  semaphore.o(.text.OS_semaphore_acquire)
    OS_semaphore_release                     0x080022bd   Thumb Code    48  semaphore.o(.text.OS_semaphore_release)
    OS_sendPacket                            0x080022ed   Thumb Code    58  queue.o(.text.OS_sendPacket)
    OS_sleep                                 0x08002329   Thumb Code    56  sleep.o(.text.OS_sleep)
    OS_start                                 0x08002361   Thumb Code    16  os.o(.text.OS_start)
    SysTick_Handler                          0x08002451   Thumb Code    30  os.o(.text.SysTick_Handler)
    SystemCoreClockUpdate                    0x08002471   Thumb Code   302  system_stm32f4xx.o(.text.SystemCoreClockUpdate)
    SystemInit                               0x080025a1   Thumb Code     2  system_stm32f4xx.o(.text.SystemInit)
    _OS_enable_systick_delegate              0x080025a5   Thumb Code    46  os.o(.text._OS_enable_systick_delegate)
    _OS_schedule                             0x080025d5   Thumb Code    90  scheduler.o(.text._OS_schedule)
    _OS_schedule_delegate                    0x08002631   Thumb Code    16  os.o(.text._OS_schedule_delegate)
    _OS_sleepHeap_delegate                   0x08002641   Thumb Code   128  scheduler.o(.text._OS_sleepHeap_delegate)
    _OS_taskExit_delegate                    0x080026c1   Thumb Code    58  scheduler.o(.text._OS_taskExit_delegate)
    _OS_task_end                             0x080026fd   Thumb Code    10  os.o(.text._OS_task_end)
    _OS_wait_delegate                        0x08002709   Thumb Code   110  scheduler.o(.text._OS_wait_delegate)
    _OS_yield_delegate                       0x08002779   Thumb Code    34  os.o(.text._OS_yield_delegate)
    _sys_close                               0x08002879   Thumb Code    74  retarget_io.o(.text._sys_close)
    _sys_exit                                0x080028c5   Thumb Code     8  utils.o(.text._sys_exit)
    _sys_flen                                0x080028cd   Thumb Code    72  retarget_io.o(.text._sys_flen)
    _sys_istty                               0x08002915   Thumb Code    72  retarget_io.o(.text._sys_istty)
    _sys_open                                0x0800295d   Thumb Code   132  retarget_io.o(.text._sys_open)
    _sys_seek                                0x080029e1   Thumb Code    82  retarget_io.o(.text._sys_seek)
    _sys_write                               0x08002a35   Thumb Code   118  retarget_io.o(.text._sys_write)
    _ttywrch                                 0x08002aad   Thumb Code    16  retarget_io.o(.text._ttywrch)
    configClock                              0x08002b05   Thumb Code   188  utils.o(.text.configClock)
    configUSART2                             0x08002bc1   Thumb Code   192  utils.o(.text.configUSART2)
    getNotificationCounter                   0x08002cb9   Thumb Code    12  scheduler.o(.text.getNotificationCounter)
    getSleepCounter                          0x08002cc5   Thumb Code    12  scheduler.o(.text.getSleepCounter)
    heap_extract                             0x08002dc9   Thumb Code    46  heap.o(.text.heap_extract)
    heap_insert                              0x08002df9   Thumb Code    42  heap.o(.text.heap_insert)
    heap_isEmpty                             0x08002e25   Thumb Code    18  heap.o(.text.heap_isEmpty)
    main                                     0x08002f9d   Thumb Code   226  main.o(.text.main)
    poolStaticAlloc                          0x08003081   Thumb Code    78  mempool.o(.text.poolStaticAlloc)
    pool_allocate                            0x080030d1   Thumb Code    80  mempool.o(.text.pool_allocate)
    pool_deallocate                          0x08003121   Thumb Code    52  mempool.o(.text.pool_deallocate)
    pool_init                                0x08003155   Thumb Code   152  mempool.o(.text.pool_init)
    queue_get                                0x080031ed   Thumb Code   160  queue.o(.text.queue_get)
    queue_put                                0x0800328d   Thumb Code   126  queue.o(.text.queue_put)
    reportState                              0x0800330d   Thumb Code   202  mode_utils.o(.text.reportState)
    spaces                                   0x080034ad   Thumb Code    30  queue.o(.text.spaces)
    static_alloc                             0x080034cd   Thumb Code    78  static_alloc.o(.text.static_alloc)
    stdout_putchar                           0x0800351d   Thumb Code    42  utils.o(.text.stdout_putchar)
    ttywrch                                  0x0800386d   Thumb Code    16  utils.o(.text.ttywrch)
    _btod_d2e                                0x0800387d   Thumb Code    62  btod.o(CL$$btod_d2e)
    _d2e_denorm_low                          0x080038bb   Thumb Code    70  btod.o(CL$$btod_d2e_denorm_low)
    _d2e_norm_op1                            0x08003901   Thumb Code    96  btod.o(CL$$btod_d2e_norm_op1)
    __btod_div_common                        0x08003961   Thumb Code   696  btod.o(CL$$btod_div_common)
    _e2e                                     0x08003c99   Thumb Code   220  btod.o(CL$$btod_e2e)
    _btod_ediv                               0x08003d75   Thumb Code    42  btod.o(CL$$btod_ediv)
    _btod_emul                               0x08003d9f   Thumb Code    42  btod.o(CL$$btod_emul)
    __btod_mult_common                       0x08003dc9   Thumb Code   580  btod.o(CL$$btod_mult_common)
    SVC_Handler                              0x0800400d   Thumb Code     0  os_asm.o(OS_func)
    PendSV_Handler                           0x08004041   Thumb Code     0  os_asm.o(OS_func)
    _task_switch                             0x0800404b   Thumb Code     0  os_asm.o(OS_func)
    _task_init_switch                        0x08004071   Thumb Code     0  os_asm.o(OS_func)
    __ARM_fpclassify                         0x0800409d   Thumb Code    40  fpclassify.o(i.__ARM_fpclassify)
    _is_digit                                0x080040c5   Thumb Code    14  __printf_wp.o(i._is_digit)
    fputc                                    0x080040d3   Thumb Code    28  fputc.o(i.fputc)
    _get_lc_numeric                          0x080040f1   Thumb Code    44  lc_numeric_c.o(locale$$code)
    _get_lc_ctype                            0x0800411d   Thumb Code    44  lc_ctype_c.o(locale$$code)
    getPSR                                   0x08004149   Thumb Code     0  mode_utils_asm.o(mode_utils)
    getCONTROL                               0x0800414f   Thumb Code     0  mode_utils_asm.o(mode_utils)
    _printf_fp_dec                           0x08004155   Thumb Code     4  printf1.o(x$fpl$printf1)
    _printf_fp_hex                           0x08004159   Thumb Code     4  printf2.o(x$fpl$printf2)
    __I$use$fp                               0x0800415c   Number         0  usenofp.o(x$fpl$usenofp)
    AHBPrescTable                            0x08004258   Data          16  system_stm32f4xx.o(.rodata.AHBPrescTable)
    _OS_idleTCB_p                            0x08004268   Data           4  os.o(.rodata._OS_idleTCB_p)
    __stderr_name                            0x0800426c   Data           8  retarget_io.o(.rodata.__stderr_name)
    __stdin_name                             0x08004274   Data           7  retarget_io.o(.rodata.__stdin_name)
    __stdout_name                            0x0800427b   Data           8  retarget_io.o(.rodata.__stdout_name)
    Region$$Table$$Base                      0x08004400   Number         0  anon$$obj.o(Region$$Table)
    Region$$Table$$Limit                     0x08004420   Number         0  anon$$obj.o(Region$$Table)
    __ctype                                  0x08004449   Data           0  lc_ctype_c.o(locale$$data)
    __aeabi_stdin                            0x20000000   Data           4  stdio_streams.o(.data)
    __aeabi_stdout                           0x20000004   Data           4  stdio_streams.o(.data)
    __aeabi_stderr                           0x20000008   Data           4  stdio_streams.o(.data)
    SystemCoreClock                          0x2000000c   Data           4  system_stm32f4xx.o(.data.SystemCoreClock)
    __stdin                                  0x200000b0   Data          84  stdio_streams.o(.bss)
    __stdout                                 0x20000104   Data          84  stdio_streams.o(.bss)
    __stderr                                 0x20000158   Data          84  stdio_streams.o(.bss)
    __libspace_start                         0x200001ac   Data          96  libspace.o(.bss)
    __temporary_stack_top$libspace           0x2000020c   Data           0  libspace.o(.bss)
    _currentTCB                              0x2000020c   Data           4  os.o(.bss._currentTCB)



==============================================================================

Memory Map of the image

  Image Entry point : 0x08000189

  Load Region LR_IROM1 (Base: 0x08000000, Size: 0x00004600, Max: 0x00100000, ABSOLUTE)

    Execution Region ER_IROM1 (Exec base: 0x08000000, Load base: 0x08000000, Size: 0x0000454c, Max: 0x00100000, ABSOLUTE)

    Exec Addr    Load Addr    Size         Type   Attr      Idx    E Section Name        Object

    0x08000000   0x08000000   0x00000188   Data   RO          306    RESET               startup_stm32f407xx.o
    0x08000188   0x08000188   0x00000008   Code   RO          341  * !!!main             c_w.l(__main.o)
    0x08000190   0x08000190   0x0000005c   Code   RO          839    !!!scatter          c_w.l(__scatter.o)
    0x080001ec   0x080001ec   0x0000001a   Code   RO          843    !!handler_copy      c_w.l(__scatter_copy.o)
    0x08000206   0x08000206   0x00000002   PAD
    0x08000208   0x08000208   0x00000002   Code   RO          840    !!handler_null      c_w.l(__scatter.o)
    0x0800020a   0x0800020a   0x00000002   PAD
    0x0800020c   0x0800020c   0x0000001c   Code   RO          845    !!handler_zi        c_w.l(__scatter_zi.o)
    0x08000228   0x08000228   0x00000000   Code   RO          425    .ARM.Collect$$_printf_percent$$00000000  c_w.l(_printf_percent.o)
    0x08000228   0x08000228   0x00000006   Code   RO          414    .ARM.Collect$$_printf_percent$$00000001  c_w.l(_printf_n.o)
    0x0800022e   0x0800022e   0x00000006   Code   RO          416    .ARM.Collect$$_printf_percent$$00000002  c_w.l(_printf_p.o)
    0x08000234   0x08000234   0x00000006   Code   RO          421    .ARM.Collect$$_printf_percent$$00000003  c_w.l(_printf_f.o)
    0x0800023a   0x0800023a   0x00000006   Code   RO          422    .ARM.Collect$$_printf_percent$$00000004  c_w.l(_printf_e.o)
    0x08000240   0x08000240   0x00000006   Code   RO          423    .ARM.Collect$$_printf_percent$$00000005  c_w.l(_printf_g.o)
    0x08000246   0x08000246   0x00000006   Code   RO          424    .ARM.Collect$$_printf_percent$$00000006  c_w.l(_printf_a.o)
    0x0800024c   0x0800024c   0x0000000a   Code   RO          429    .ARM.Collect$$_printf_percent$$00000007  c_w.l(_printf_ll.o)
    0x08000256   0x08000256   0x00000006   Code   RO          418    .ARM.Collect$$_printf_percent$$00000008  c_w.l(_printf_i.o)
    0x0800025c   0x0800025c   0x00000006   Code   RO          419    .ARM.Collect$$_printf_percent$$00000009  c_w.l(_printf_d.o)
    0x08000262   0x08000262   0x00000006   Code   RO          420    .ARM.Collect$$_printf_percent$$0000000A  c_w.l(_printf_u.o)
    0x08000268   0x08000268   0x00000006   Code   RO          417    .ARM.Collect$$_printf_percent$$0000000B  c_w.l(_printf_o.o)
    0x0800026e   0x0800026e   0x00000006   Code   RO          415    .ARM.Collect$$_printf_percent$$0000000C  c_w.l(_printf_x.o)
    0x08000274   0x08000274   0x00000006   Code   RO          426    .ARM.Collect$$_printf_percent$$0000000D  c_w.l(_printf_lli.o)
    0x0800027a   0x0800027a   0x00000006   Code   RO          427    .ARM.Collect$$_printf_percent$$0000000E  c_w.l(_printf_lld.o)
    0x08000280   0x08000280   0x00000006   Code   RO          428    .ARM.Collect$$_printf_percent$$0000000F  c_w.l(_printf_llu.o)
    0x08000286   0x08000286   0x00000006   Code   RO          433    .ARM.Collect$$_printf_percent$$00000010  c_w.l(_printf_llo.o)
    0x0800028c   0x0800028c   0x00000006   Code   RO          434    .ARM.Collect$$_printf_percent$$00000011  c_w.l(_printf_llx.o)
    0x08000292   0x08000292   0x0000000a   Code   RO          430    .ARM.Collect$$_printf_percent$$00000012  c_w.l(_printf_l.o)
    0x0800029c   0x0800029c   0x00000006   Code   RO          412    .ARM.Collect$$_printf_percent$$00000013  c_w.l(_printf_c.o)
    0x080002a2   0x080002a2   0x00000006   Code   RO          413    .ARM.Collect$$_printf_percent$$00000014  c_w.l(_printf_s.o)
    0x080002a8   0x080002a8   0x00000006   Code   RO          431    .ARM.Collect$$_printf_percent$$00000015  c_w.l(_printf_lc.o)
    0x080002ae   0x080002ae   0x00000006   Code   RO          432    .ARM.Collect$$_printf_percent$$00000016  c_w.l(_printf_ls.o)
    0x080002b4   0x080002b4   0x00000004   Code   RO          483    .ARM.Collect$$_printf_percent$$00000017  c_w.l(_printf_percent_end.o)
    0x080002b8   0x080002b8   0x00000002   Code   RO          625    .ARM.Collect$$libinit$$00000000  c_w.l(libinit.o)
    0x080002ba   0x080002ba   0x00000000   Code   RO          627    .ARM.Collect$$libinit$$00000002  c_w.l(libinit2.o)
    0x080002ba   0x080002ba   0x00000000   Code   RO          629    .ARM.Collect$$libinit$$00000004  c_w.l(libinit2.o)
    0x080002ba   0x080002ba   0x00000000   Code   RO          631    .ARM.Collect$$libinit$$00000006  c_w.l(libinit2.o)
    0x080002ba   0x080002ba   0x00000008   Code   RO          632    .ARM.Collect$$libinit$$00000007  c_w.l(libinit2.o)
    0x080002c2   0x080002c2   0x00000000   Code   RO          634    .ARM.Collect$$libinit$$0000000C  c_w.l(libinit2.o)
    0x080002c2   0x080002c2   0x00000000   Code   RO          636    .ARM.Collect$$libinit$$0000000E  c_w.l(libinit2.o)
    0x080002c2   0x080002c2   0x00000000   Code   RO          638    .ARM.Collect$$libinit$$00000010  c_w.l(libinit2.o)
    0x080002c2   0x080002c2   0x00000006   Code   RO          639    .ARM.Collect$$libinit$$00000011  c_w.l(libinit2.o)
    0x080002c8   0x080002c8   0x00000000   Code   RO          641    .ARM.Collect$$libinit$$00000013  c_w.l(libinit2.o)
    0x080002c8   0x080002c8   0x0000000c   Code   RO          642    .ARM.Collect$$libinit$$00000014  c_w.l(libinit2.o)
    0x080002d4   0x080002d4   0x00000000   Code   RO          643    .ARM.Collect$$libinit$$00000015  c_w.l(libinit2.o)
    0x080002d4   0x080002d4   0x00000000   Code   RO          645    .ARM.Collect$$libinit$$00000017  c_w.l(libinit2.o)
    0x080002d4   0x080002d4   0x0000000a   Code   RO          646    .ARM.Collect$$libinit$$00000018  c_w.l(libinit2.o)
    0x080002de   0x080002de   0x00000000   Code   RO          647    .ARM.Collect$$libinit$$00000019  c_w.l(libinit2.o)
    0x080002de   0x080002de   0x00000000   Code   RO          649    .ARM.Collect$$libinit$$0000001B  c_w.l(libinit2.o)
    0x080002de   0x080002de   0x00000000   Code   RO          651    .ARM.Collect$$libinit$$0000001D  c_w.l(libinit2.o)
    0x080002de   0x080002de   0x00000000   Code   RO          653    .ARM.Collect$$libinit$$0000001F  c_w.l(libinit2.o)
    0x080002de   0x080002de   0x00000000   Code   RO          655    .ARM.Collect$$libinit$$00000021  c_w.l(libinit2.o)
    0x080002de   0x080002de   0x00000000   Code   RO          657    .ARM.Collect$$libinit$$00000023  c_w.l(libinit2.o)
    0x080002de   0x080002de   0x00000000   Code   RO          659    .ARM.Collect$$libinit$$00000025  c_w.l(libinit2.o)
    0x080002de   0x080002de   0x00000004   Code   RO          660    .ARM.Collect$$libinit$$00000026  c_w.l(libinit2.o)
    0x080002e2   0x080002e2   0x00000000   Code   RO          661    .ARM.Collect$$libinit$$00000027  c_w.l(libinit2.o)
    0x080002e2   0x080002e2   0x00000000   Code   RO          665    .ARM.Collect$$libinit$$0000002E  c_w.l(libinit2.o)
    0x080002e2   0x080002e2   0x00000000   Code   RO          667    .ARM.Collect$$libinit$$00000030  c_w.l(libinit2.o)
    0x080002e2   0x080002e2   0x00000000   Code   RO          669    .ARM.Collect$$libinit$$00000032  c_w.l(libinit2.o)
    0x080002e2   0x080002e2   0x00000000   Code   RO          671    .ARM.Collect$$libinit$$00000034  c_w.l(libinit2.o)
    0x080002e2   0x080002e2   0x00000002   Code   RO          672    .ARM.Collect$$libinit$$00000035  c_w.l(libinit2.o)
    0x080002e4   0x080002e4   0x00000002   Code   RO          818    .ARM.Collect$$libshutdown$$00000000  c_w.l(libshutdown.o)
    0x080002e6   0x080002e6   0x00000000   Code   RO          674    .ARM.Collect$$libshutdown$$00000002  c_w.l(libshutdown2.o)
    0x080002e6   0x080002e6   0x00000004   Code   RO          675    .ARM.Collect$$libshutdown$$00000003  c_w.l(libshutdown2.o)
    0x080002ea   0x080002ea   0x00000000   Code   RO          676    .ARM.Collect$$libshutdown$$00000004  c_w.l(libshutdown2.o)
    0x080002ea   0x080002ea   0x00000000   Code   RO          679    .ARM.Collect$$libshutdown$$00000007  c_w.l(libshutdown2.o)
    0x080002ea   0x080002ea   0x00000000   Code   RO          682    .ARM.Collect$$libshutdown$$0000000A  c_w.l(libshutdown2.o)
    0x080002ea   0x080002ea   0x00000000   Code   RO          684    .ARM.Collect$$libshutdown$$0000000C  c_w.l(libshutdown2.o)
    0x080002ea   0x080002ea   0x00000000   Code   RO          687    .ARM.Collect$$libshutdown$$0000000F  c_w.l(libshutdown2.o)
    0x080002ea   0x080002ea   0x00000002   Code   RO          688    .ARM.Collect$$libshutdown$$00000010  c_w.l(libshutdown2.o)
    0x080002ec   0x080002ec   0x00000000   Code   RO          345    .ARM.Collect$$rtentry$$00000000  c_w.l(__rtentry.o)
    0x080002ec   0x080002ec   0x00000000   Code   RO          452    .ARM.Collect$$rtentry$$00000002  c_w.l(__rtentry2.o)
    0x080002ec   0x080002ec   0x00000006   Code   RO          464    .ARM.Collect$$rtentry$$00000004  c_w.l(__rtentry4.o)
    0x080002f2   0x080002f2   0x00000000   Code   RO          454    .ARM.Collect$$rtentry$$00000009  c_w.l(__rtentry2.o)
    0x080002f2   0x080002f2   0x00000004   Code   RO          455    .ARM.Collect$$rtentry$$0000000A  c_w.l(__rtentry2.o)
    0x080002f6   0x080002f6   0x00000000   Code   RO          457    .ARM.Collect$$rtentry$$0000000C  c_w.l(__rtentry2.o)
    0x080002f6   0x080002f6   0x00000008   Code   RO          458    .ARM.Collect$$rtentry$$0000000D  c_w.l(__rtentry2.o)
    0x080002fe   0x080002fe   0x00000002   Code   RO          699    .ARM.Collect$$rtexit$$00000000  c_w.l(rtexit.o)
    0x08000300   0x08000300   0x00000000   Code   RO          756    .ARM.Collect$$rtexit$$00000002  c_w.l(rtexit2.o)
    0x08000300   0x08000300   0x00000004   Code   RO          757    .ARM.Collect$$rtexit$$00000003  c_w.l(rtexit2.o)
    0x08000304   0x08000304   0x00000006   Code   RO          758    .ARM.Collect$$rtexit$$00000004  c_w.l(rtexit2.o)
    0x0800030a   0x0800030a   0x00000002   PAD
    0x0800030c   0x0800030c   0x00000040   Code   RO          307    .text               startup_stm32f407xx.o
    0x0800034c   0x0800034c   0x00000002   Code   RO          327    .text               c_w.l(use_no_semi_2.o)
    0x0800034e   0x0800034e   0x00000002   PAD
    0x08000350   0x08000350   0x00000018   Code   RO          329    .text               c_w.l(printf.o)
    0x08000368   0x08000368   0x00000048   Code   RO          331    .text               c_w.l(strcpy.o)
    0x080003b0   0x080003b0   0x0000004e   Code   RO          333    .text               c_w.l(rt_memclr_w.o)
    0x080003fe   0x080003fe   0x00000056   Code   RO          335    .text               c_w.l(strncpy.o)
    0x08000454   0x08000454   0x00000004   PAD
    0x08000458   0x08000458   0x0000007c   Code   RO          337    .text               c_w.l(strcmpv7em.o)
    0x080004d4   0x080004d4   0x00000006   Code   RO          339    .text               c_w.l(heapauxi.o)
    0x080004da   0x080004da   0x00000002   Code   RO          343    .text               c_w.l(use_no_semi.o)
    0x080004dc   0x080004dc   0x0000004e   Code   RO          348    .text               c_w.l(_printf_pad.o)
    0x0800052a   0x0800052a   0x00000024   Code   RO          350    .text               c_w.l(_printf_truncate.o)
    0x0800054e   0x0800054e   0x00000052   Code   RO          352    .text               c_w.l(_printf_str.o)
    0x080005a0   0x080005a0   0x00000078   Code   RO          354    .text               c_w.l(_printf_dec.o)
    0x08000618   0x08000618   0x00000028   Code   RO          356    .text               c_w.l(_printf_charcount.o)
    0x08000640   0x08000640   0x00000024   Code   RO          358    .text               c_w.l(_printf_char_file.o)
    0x08000664   0x08000664   0x000000bc   Code   RO          360    .text               c_w.l(_printf_wctomb.o)
    0x08000720   0x08000720   0x0000007c   Code   RO          363    .text               c_w.l(_printf_longlong_dec.o)
    0x0800079c   0x0800079c   0x00000070   Code   RO          369    .text               c_w.l(_printf_oct_int_ll.o)
    0x0800080c   0x0800080c   0x00000094   Code   RO          389    .text               c_w.l(_printf_hex_int_ll_ptr.o)
    0x080008a0   0x080008a0   0x00000188   Code   RO          409    .text               c_w.l(__printf_flags_ss_wp.o)
    0x08000a28   0x08000a28   0x00000044   Code   RO          441    .text               c_w.l(rt_memclr.o)
    0x08000a6c   0x08000a6c   0x0000008a   Code   RO          466    .text               c_w.l(lludiv10.o)
    0x08000af6   0x08000af6   0x000000b2   Code   RO          468    .text               c_w.l(_printf_intcommon.o)
    0x08000ba8   0x08000ba8   0x0000041c   Code   RO          470    .text               c_w.l(_printf_fp_dec.o)
    0x08000fc4   0x08000fc4   0x000002fc   Code   RO          474    .text               c_w.l(_printf_fp_hex.o)
    0x080012c0   0x080012c0   0x00000030   Code   RO          477    .text               c_w.l(_printf_char_common.o)
    0x080012f0   0x080012f0   0x0000002c   Code   RO          479    .text               c_w.l(_printf_char.o)
    0x0800131c   0x0800131c   0x0000002c   Code   RO          481    .text               c_w.l(_printf_wchar.o)
    0x08001348   0x08001348   0x00000008   Code   RO          484    .text               c_w.l(ferror.o)
    0x08001350   0x08001350   0x00000138   Code   RO          490    .text               c_w.l(initio.o)
    0x08001488   0x08001488   0x00000048   Code   RO          498    .text               c_w.l(_c16rtomb.o)
    0x080014d0   0x080014d0   0x0000004a   Code   RO          502    .text               c_w.l(sys_stackheap_outer.o)
    0x0800151a   0x0800151a   0x00000002   PAD
    0x0800151c   0x0800151c   0x00000010   Code   RO          504    .text               c_w.l(rt_ctype_table.o)
    0x0800152c   0x0800152c   0x00000008   Code   RO          509    .text               c_w.l(rt_locale_intlibspace.o)
    0x08001534   0x08001534   0x0000004e   Code   RO          513    .text               c_w.l(h1_free.o)
    0x08001582   0x08001582   0x00000002   PAD
    0x08001584   0x08001584   0x00000080   Code   RO          567    .text               c_w.l(_printf_fp_infnan.o)
    0x08001604   0x08001604   0x000000e4   Code   RO          571    .text               c_w.l(bigflt0.o)
    0x080016e8   0x080016e8   0x000001e2   Code   RO          598    .text               c_w.l(flsbuf.o)
    0x080018ca   0x080018ca   0x00000046   Code   RO          600    .text               c_w.l(setvbuf.o)
    0x08001910   0x08001910   0x000000f0   Code   RO          603    .text               c_w.l(fopen.o)
    0x08001a00   0x08001a00   0x0000004c   Code   RO          605    .text               c_w.l(fclose.o)
    0x08001a4c   0x08001a4c   0x00000012   Code   RO          614    .text               c_w.l(exit.o)
    0x08001a5e   0x08001a5e   0x0000000e   Code   RO          616    .text               c_w.l(defsig_rtred_outer.o)
    0x08001a6c   0x08001a6c   0x00000008   Code   RO          696    .text               c_w.l(libspace.o)
    0x08001a74   0x08001a74   0x00000008   Code   RO          706    .text               c_w.l(rt_heap_descriptor_intlibspace.o)
    0x08001a7c   0x08001a7c   0x00000004   Code   RO          708    .text               c_w.l(hguard.o)
    0x08001a80   0x08001a80   0x0000008a   Code   RO          710    .text               c_w.l(init_alloc.o)
    0x08001b0a   0x08001b0a   0x0000005e   Code   RO          716    .text               c_w.l(h1_alloc.o)
    0x08001b68   0x08001b68   0x000000f8   Code   RO          732    .text               c_w.l(fseek.o)
    0x08001c60   0x08001c60   0x00000108   Code   RO          734    .text               c_w.l(stdio.o)
    0x08001d68   0x08001d68   0x0000000a   Code   RO          743    .text               c_w.l(defsig_exit.o)
    0x08001d72   0x08001d72   0x00000002   PAD
    0x08001d74   0x08001d74   0x00000034   Code   RO          745    .text               c_w.l(defsig_rtred_inner.o)
    0x08001da8   0x08001da8   0x00000000   Code   RO          762    .text               c_w.l(maybetermalloc1.o)
    0x08001da8   0x08001da8   0x0000000c   Code   RO          764    .text               c_w.l(h1_init.o)
    0x08001db4   0x08001db4   0x00000034   Code   RO          766    .text               c_w.l(h1_extend.o)
    0x08001de8   0x08001de8   0x00000042   Code   RO          778    .text               c_w.l(ftell.o)
    0x08001e2a   0x08001e2a   0x00000032   Code   RO          786    .text               c_w.l(defsig_general.o)
    0x08001e5c   0x08001e5c   0x0000000e   Code   RO          788    .text               c_w.l(defsig_rtmem_outer.o)
    0x08001e6a   0x08001e6a   0x00000002   PAD
    0x08001e6c   0x08001e6c   0x00000008   Code   RO          806    .text               c_w.l(rt_errno_addr_intlibspace.o)
    0x08001e74   0x08001e74   0x00000050   Code   RO          812    .text               c_w.l(defsig_rtmem_inner.o)
    0x08001ec4   0x08001ec4   0x00000012   Code   RO          248    .text.HardFault_Handler  hardfault.o
    0x08001ed6   0x08001ed6   0x00000002   PAD
    0x08001ed8   0x08001ed8   0x0000009e   Code   RO          246    .text.HardFault_HandlerC  hardfault.o
    0x08001f76   0x08001f76   0x00000002   PAD
    0x08001f78   0x08001f78   0x0000003c   Code   RO           68    .text.OS_addTask    scheduler.o
    0x08001fb4   0x08001fb4   0x00000044   Code   RO           66    .text.OS_constructSchedule  scheduler.o
    0x08001ff8   0x08001ff8   0x0000000c   Code   RO          106    .text.OS_currentTCB  os.o
    0x08002004   0x08002004   0x0000000c   Code   RO          108    .text.OS_elapsedTicks  os.o
    0x08002010   0x08002010   0x0000000e   Code   RO          211    .text.OS_initCommsQueue  queue.o
    0x0800201e   0x0800201e   0x00000002   PAD
    0x08002020   0x08002020   0x000000a6   Code   RO           64    .text.OS_initialiseTCB  scheduler.o
    0x080020c6   0x080020c6   0x00000002   PAD
    0x080020c8   0x080020c8   0x0000005e   Code   RO           41    .text.OS_mutex_aquire  mutex.o
    0x08002126   0x08002126   0x00000002   PAD
    0x08002128   0x08002128   0x00000036   Code   RO           47    .text.OS_mutex_release  mutex.o
    0x0800215e   0x0800215e   0x00000002   PAD
    0x08002160   0x08002160   0x00000044   Code   RO           82    .text.OS_notifyAll  scheduler.o
    0x080021a4   0x080021a4   0x0000004c   Code   RO          217    .text.OS_receivePacket  queue.o
    0x080021f0   0x080021f0   0x00000048   Code   RO          160    .text.OS_semBinary_acquire  semaphore.o
    0x08002238   0x08002238   0x00000030   Code   RO          162    .text.OS_semBinary_release  semaphore.o
    0x08002268   0x08002268   0x00000054   Code   RO          154    .text.OS_semaphore_acquire  semaphore.o
    0x080022bc   0x080022bc   0x00000030   Code   RO          158    .text.OS_semaphore_release  semaphore.o
    0x080022ec   0x080022ec   0x0000003a   Code   RO          213    .text.OS_sendPacket  queue.o
    0x08002326   0x08002326   0x00000002   PAD
    0x08002328   0x08002328   0x00000038   Code   RO          143    .text.OS_sleep      sleep.o
    0x08002360   0x08002360   0x00000010   Code   RO          116    .text.OS_start      os.o
    0x08002370   0x08002370   0x0000008a   Code   RO           58    .text.OS_wake       scheduler.o
    0x080023fa   0x080023fa   0x00000002   PAD
    0x080023fc   0x080023fc   0x00000052   Code   RO          124    .text.SysTick_Config  os.o
    0x0800244e   0x0800244e   0x00000002   PAD
    0x08002450   0x08002450   0x0000001e   Code   RO          110    .text.SysTick_Handler  os.o
    0x0800246e   0x0800246e   0x00000002   PAD
    0x08002470   0x08002470   0x0000012e   Code   RO          314    .text.SystemCoreClockUpdate  system_stm32f4xx.o
    0x0800259e   0x0800259e   0x00000002   PAD
    0x080025a0   0x080025a0   0x00000002   Code   RO          312    .text.SystemInit    system_stm32f4xx.o
    0x080025a2   0x080025a2   0x00000002   PAD
    0x080025a4   0x080025a4   0x0000002e   Code   RO          122    .text._OS_enable_systick_delegate  os.o
    0x080025d2   0x080025d2   0x00000002   PAD
    0x080025d4   0x080025d4   0x0000005a   Code   RO           56    .text._OS_schedule  scheduler.o
    0x0800262e   0x0800262e   0x00000002   PAD
    0x08002630   0x08002630   0x00000010   Code   RO          114    .text._OS_schedule_delegate  os.o
    0x08002640   0x08002640   0x00000080   Code   RO           80    .text._OS_sleepHeap_delegate  scheduler.o
    0x080026c0   0x080026c0   0x0000003a   Code   RO           72    .text._OS_taskExit_delegate  scheduler.o
    0x080026fa   0x080026fa   0x00000002   PAD
    0x080026fc   0x080026fc   0x0000000a   Code   RO          118    .text._OS_task_end  os.o
    0x08002706   0x08002706   0x00000002   PAD
    0x08002708   0x08002708   0x0000006e   Code   RO           76    .text._OS_wait_delegate  scheduler.o
    0x08002776   0x08002776   0x00000002   PAD
    0x08002778   0x08002778   0x00000022   Code   RO          112    .text._OS_yield_delegate  os.o
    0x0800279a   0x0800279a   0x00000002   PAD
    0x0800279c   0x0800279c   0x00000042   Code   RO          126    .text.__NVIC_SetPriority  os.o
    0x080027de   0x080027de   0x00000002   PAD
    0x080027e0   0x080027e0   0x00000016   Code   RO          120    .text._svc_0        os.o
    0x080027f6   0x080027f6   0x00000002   PAD
    0x080027f8   0x080027f8   0x0000001e   Code   RO           43    .text._svc_1        mutex.o
    0x08002816   0x08002816   0x00000002   PAD
    0x08002818   0x08002818   0x0000001e   Code   RO          145    .text._svc_1        sleep.o
    0x08002836   0x08002836   0x00000002   PAD
    0x08002838   0x08002838   0x0000001e   Code   RO          156    .text._svc_1        semaphore.o
    0x08002856   0x08002856   0x00000002   PAD
    0x08002858   0x08002858   0x0000001e   Code   RO          221    .text._svc_1        queue.o
    0x08002876   0x08002876   0x00000002   PAD
    0x08002878   0x08002878   0x0000004a   Code   RO          280    .text._sys_close    retarget_io.o
    0x080028c2   0x080028c2   0x00000002   PAD
    0x080028c4   0x080028c4   0x00000008   Code   RO          257    .text._sys_exit     utils.o
    0x080028cc   0x080028cc   0x00000048   Code   RO          292    .text._sys_flen     retarget_io.o
    0x08002914   0x08002914   0x00000048   Code   RO          288    .text._sys_istty    retarget_io.o
    0x0800295c   0x0800295c   0x00000084   Code   RO          278    .text._sys_open     retarget_io.o
    0x080029e0   0x080029e0   0x00000052   Code   RO          290    .text._sys_seek     retarget_io.o
    0x08002a32   0x08002a32   0x00000002   PAD
    0x08002a34   0x08002a34   0x00000076   Code   RO          282    .text._sys_write    retarget_io.o
    0x08002aaa   0x08002aaa   0x00000002   PAD
    0x08002aac   0x08002aac   0x00000010   Code   RO          286    .text._ttywrch      retarget_io.o
    0x08002abc   0x08002abc   0x00000048   Code   RO           90    .text.comparator    scheduler.o
    0x08002b04   0x08002b04   0x000000bc   Code   RO          265    .text.configClock   utils.o
    0x08002bc0   0x08002bc0   0x000000c0   Code   RO          267    .text.configUSART2  utils.o
    0x08002c80   0x08002c80   0x00000038   Code   RO          183    .text.find_children  heap.o
    0x08002cb8   0x08002cb8   0x0000000c   Code   RO           86    .text.getNotificationCounter  scheduler.o
    0x08002cc4   0x08002cc4   0x0000000c   Code   RO           88    .text.getSleepCounter  scheduler.o
    0x08002cd0   0x08002cd0   0x000000f6   Code   RO          177    .text.heap_down     heap.o
    0x08002dc6   0x08002dc6   0x00000002   PAD
    0x08002dc8   0x08002dc8   0x0000002e   Code   RO          175    .text.heap_extract  heap.o
    0x08002df6   0x08002df6   0x00000002   PAD
    0x08002df8   0x08002df8   0x0000002a   Code   RO          171    .text.heap_insert   heap.o
    0x08002e22   0x08002e22   0x00000002   PAD
    0x08002e24   0x08002e24   0x00000012   Code   RO          179    .text.heap_isEmpty  heap.o
    0x08002e36   0x08002e36   0x00000002   PAD
    0x08002e38   0x08002e38   0x0000006a   Code   RO          173    .text.heap_up       heap.o
    0x08002ea2   0x08002ea2   0x00000002   PAD
    0x08002ea4   0x08002ea4   0x00000044   Code   RO           70    .text.list_add      scheduler.o
    0x08002ee8   0x08002ee8   0x0000003c   Code   RO           84    .text.list_pop_sl   scheduler.o
    0x08002f24   0x08002f24   0x0000002a   Code   RO           78    .text.list_push_sl  scheduler.o
    0x08002f4e   0x08002f4e   0x00000002   PAD
    0x08002f50   0x08002f50   0x0000004a   Code   RO           74    .text.list_remove   scheduler.o
    0x08002f9a   0x08002f9a   0x00000002   PAD
    0x08002f9c   0x08002f9c   0x000000e2   Code   RO           11    .text.main          main.o
    0x0800307e   0x0800307e   0x00000002   PAD
    0x08003080   0x08003080   0x0000004e   Code   RO          192    .text.poolStaticAlloc  mempool.o
    0x080030ce   0x080030ce   0x00000002   PAD
    0x080030d0   0x080030d0   0x00000050   Code   RO          194    .text.pool_allocate  mempool.o
    0x08003120   0x08003120   0x00000034   Code   RO          196    .text.pool_deallocate  mempool.o
    0x08003154   0x08003154   0x00000098   Code   RO          198    .text.pool_init     mempool.o
    0x080031ec   0x080031ec   0x000000a0   Code   RO          219    .text.queue_get     queue.o
    0x0800328c   0x0800328c   0x0000007e   Code   RO          215    .text.queue_put     queue.o
    0x0800330a   0x0800330a   0x00000002   PAD
    0x0800330c   0x0800330c   0x000000ca   Code   RO            2    .text.reportState   mode_utils.o
    0x080033d6   0x080033d6   0x00000002   PAD
    0x080033d8   0x080033d8   0x0000009e   Code   RO           62    .text.roundRobin    scheduler.o
    0x08003476   0x08003476   0x00000002   PAD
    0x08003478   0x08003478   0x00000032   Code   RO           60    .text.sortPending   scheduler.o
    0x080034aa   0x080034aa   0x00000002   PAD
    0x080034ac   0x080034ac   0x0000001e   Code   RO          223    .text.spaces        queue.o
    0x080034ca   0x080034ca   0x00000002   PAD
    0x080034cc   0x080034cc   0x0000004e   Code   RO          235    .text.static_alloc  static_alloc.o
    0x0800351a   0x0800351a   0x00000002   PAD
    0x0800351c   0x0800351c   0x0000002a   Code   RO          263    .text.stdout_putchar  utils.o
    0x08003546   0x08003546   0x00000002   PAD
    0x08003548   0x08003548   0x0000002a   Code   RO          181    .text.swap_elements  heap.o
    0x08003572   0x08003572   0x00000002   PAD
    0x08003574   0x08003574   0x00000102   Code   RO           13    .text.task1         main.o
    0x08003676   0x08003676   0x00000002   PAD
    0x08003678   0x08003678   0x00000128   Code   RO           15    .text.task2         main.o
    0x080037a0   0x080037a0   0x000000ca   Code   RO           17    .text.task3         main.o
    0x0800386a   0x0800386a   0x00000002   PAD
    0x0800386c   0x0800386c   0x00000010   Code   RO          261    .text.ttywrch       utils.o
    0x0800387c   0x0800387c   0x0000003e   Code   RO          574    CL$$btod_d2e        c_w.l(btod.o)
    0x080038ba   0x080038ba   0x00000046   Code   RO          576    CL$$btod_d2e_denorm_low  c_w.l(btod.o)
    0x08003900   0x08003900   0x00000060   Code   RO          575    CL$$btod_d2e_norm_op1  c_w.l(btod.o)
    0x08003960   0x08003960   0x00000338   Code   RO          584    CL$$btod_div_common  c_w.l(btod.o)
    0x08003c98   0x08003c98   0x000000dc   Code   RO          581    CL$$btod_e2e        c_w.l(btod.o)
    0x08003d74   0x08003d74   0x0000002a   Code   RO          578    CL$$btod_ediv       c_w.l(btod.o)
    0x08003d9e   0x08003d9e   0x0000002a   Code   RO          577    CL$$btod_emul       c_w.l(btod.o)
    0x08003dc8   0x08003dc8   0x00000244   Code   RO          583    CL$$btod_mult_common  c_w.l(btod.o)
    0x0800400c   0x0800400c   0x00000090   Code   RO          139    OS_func             os_asm.o
    0x0800409c   0x0800409c   0x00000028   Code   RO          694    i.__ARM_fpclassify  m_ws.l(fpclassify.o)
    0x080040c4   0x080040c4   0x0000000e   Code   RO          402    i._is_digit         c_w.l(__printf_wp.o)
    0x080040d2   0x080040d2   0x0000001c   Code   RO          487    i.fputc             c_w.l(fputc.o)
    0x080040ee   0x080040ee   0x00000002   PAD
    0x080040f0   0x080040f0   0x0000002c   Code   RO          612    locale$$code        c_w.l(lc_numeric_c.o)
    0x0800411c   0x0800411c   0x0000002c   Code   RO          741    locale$$code        c_w.l(lc_ctype_c.o)
    0x08004148   0x08004148   0x0000000c   Code   RO           35    mode_utils          mode_utils_asm.o
    0x08004154   0x08004154   0x00000004   Code   RO          443    x$fpl$printf1       fz_ws.l(printf1.o)
    0x08004158   0x08004158   0x00000004   Code   RO          445    x$fpl$printf2       fz_ws.l(printf2.o)
    0x0800415c   0x0800415c   0x00000000   Code   RO          693    x$fpl$usenofp       fz_ws.l(usenofp.o)
    0x0800415c   0x0800415c   0x00000008   Data   RO          361    .constdata          c_w.l(_printf_wctomb.o)
    0x08004164   0x08004164   0x00000028   Data   RO          390    .constdata          c_w.l(_printf_hex_int_ll_ptr.o)
    0x0800418c   0x0800418c   0x00000011   Data   RO          410    .constdata          c_w.l(__printf_flags_ss_wp.o)
    0x0800419d   0x0800419d   0x00000026   Data   RO          475    .constdata          c_w.l(_printf_fp_hex.o)
    0x080041c3   0x080041c3   0x00000001   PAD
    0x080041c4   0x080041c4   0x00000094   Data   RO          572    .constdata          c_w.l(bigflt0.o)
    0x08004258   0x08004258   0x00000010   Data   RO          317    .rodata.AHBPrescTable  system_stm32f4xx.o
    0x08004268   0x08004268   0x00000004   Data   RO          129    .rodata._OS_idleTCB_p  os.o
    0x0800426c   0x0800426c   0x00000008   Data   RO          296    .rodata.__stderr_name  retarget_io.o
    0x08004274   0x08004274   0x00000007   Data   RO          294    .rodata.__stdin_name  retarget_io.o
    0x0800427b   0x0800427b   0x00000008   Data   RO          295    .rodata.__stdout_name  retarget_io.o
    0x08004283   0x08004283   0x0000003e   Data   RO            4    .rodata.str1.1      mode_utils.o
    0x080042c1   0x080042c1   0x00000125   Data   RO           20    .rodata.str1.1      main.o
    0x080043e6   0x080043e6   0x00000017   Data   RO          297    .rodata.str1.1      retarget_io.o
    0x080043fd   0x080043fd   0x00000003   PAD
    0x08004400   0x08004400   0x00000020   Data   RO          838    Region$$Table       anon$$obj.o
    0x08004420   0x08004420   0x0000001c   Data   RO          611    locale$$data        c_w.l(lc_numeric_c.o)
    0x0800443c   0x0800443c   0x00000110   Data   RO          740    locale$$data        c_w.l(lc_ctype_c.o)


    Execution Region RW_IRAM1 (Exec base: 0x20000000, Load base: 0x08004550, Size: 0x00008f90, Max: 0x00020000, ABSOLUTE)

    Exec Addr    Load Addr    Size         Type   Attr      Idx    E Section Name        Object

    0x20000000   0x08004550   0x00000004   Data   RW          438    .data               c_w.l(stdio_streams.o)
    0x20000004   0x08004554   0x00000004   Data   RW          439    .data               c_w.l(stdio_streams.o)
    0x20000008   0x08004558   0x00000004   Data   RW          440    .data               c_w.l(stdio_streams.o)
    0x2000000c   0x0800455c   0x00000004   Data   RW          316    .data.SystemCoreClock  system_stm32f4xx.o
    0x20000010   0x08004560   0x00000018   Data   RW          128    .data._OS_idleTCB   os.o
    0x20000028   0x08004578   0x00000004   Data   RW          201    .data.alignmentMask  mempool.o
    0x2000002c   0x0800457c   0x00000004   Data   RW          238    .data.bitmask       static_alloc.o
    0x20000030   0x08004580   0x00000040   Data   RW          270    .data.configUSART2.hpre  utils.o
    0x20000070   0x080045c0   0x00000020   Data   RW          269    .data.configUSART2.ppre1  utils.o
    0x20000090   0x080045e0   0x00000004   Data   RW          200    .data.pool_index    mempool.o
    0x20000094   0x080045e4   0x00000004   Data   RW          237    .data.pool_index    static_alloc.o
    0x20000098   0x080045e8   0x00000010   Data   RW           96    .data.sleepHeap     scheduler.o
    0x200000a8   0x080045f8   0x00000004   Data   RW          226    .data.spaces_left_ptr  queue.o
    0x200000ac   0x080045fc   0x00000004   PAD
    0x200000b0        -       0x00000054   Zero   RW          435    .bss                c_w.l(stdio_streams.o)
    0x20000104        -       0x00000054   Zero   RW          436    .bss                c_w.l(stdio_streams.o)
    0x20000158        -       0x00000054   Zero   RW          437    .bss                c_w.l(stdio_streams.o)
    0x200001ac        -       0x00000060   Zero   RW          697    .bss                c_w.l(libspace.o)
    0x2000020c        -       0x00000004   Zero   RW          130    .bss._currentTCB    os.o
    0x20000210        -       0x00000040   Zero   RW          132    .bss._idleTaskSF    os.o
    0x20000250        -       0x00000004   Zero   RW          131    .bss._ticks         os.o
    0x20000254        -       0x0000005c   Zero   RW          225    .bss.commsQueue     queue.o
    0x200002b0        -       0x00000018   Zero   RW           24    .bss.main.TCB1      main.o
    0x200002c8        -       0x00000018   Zero   RW           25    .bss.main.TCB2      main.o
    0x200002e0        -       0x00000018   Zero   RW           26    .bss.main.TCB3      main.o
    0x200002f8        -       0x00000200   Zero   RW           21    .bss.main.stack1    main.o
    0x200004f8        -       0x00000200   Zero   RW           22    .bss.main.stack2    main.o
    0x200006f8        -       0x00000200   Zero   RW           23    .bss.main.stack3    main.o
    0x200008f8        -       0x00000008   Zero   RW           27    .bss.mutex          main.o
    0x20000900        -       0x00000004   Zero   RW           93    .bss.notification_counter  scheduler.o
    0x20000904        -       0x00000008   Zero   RW           97    .bss.pending_list   scheduler.o
    0x2000090c        -       0x00000008   Zero   RW           19    .bss.pool           main.o
    0x20000914        -       0x00000004   Zero   RW          203    .bss.pool_init.blocksFree  mempool.o
    0x20000918        -       0x00000014   Zero   RW           92    .bss.schedule       scheduler.o
    0x2000092c        -       0x00000004   Zero   RW           95    .bss.sleep_counter  scheduler.o
    0x20000930        -       0x00000004   Zero   RW          227    .bss.spaces_left    queue.o
    0x20000934   0x080045fc   0x00000004   PAD
    0x20000938        -       0x00004000   Zero   RW          202    .bss.static_pool    mempool.o
    0x20004938        -       0x00004000   Zero   RW          239    .bss.static_pool    static_alloc.o
    0x20008938        -       0x00000050   Zero   RW           98    .bss.store          scheduler.o
    0x20008988        -       0x00000008   Zero   RW           94    .bss.wait_list      scheduler.o
    0x20008990        -       0x00000200   Zero   RW          305    HEAP                startup_stm32f407xx.o
    0x20008b90        -       0x00000400   Zero   RW          304    STACK               startup_stm32f407xx.o


==============================================================================

Image component sizes


      Code (inc. data)   RO Data    RW Data    ZI Data      Debug   Object Name

       176          0          0          0          0       1251   hardfault.o
       556          0          0          0          0       2900   heap.o
       982          0        293          0       1624       3080   main.o
       362          0          0          8      16388       2234   mempool.o
       202          0         62          0          0       1184   mode_utils.o
        12          0          0          0          0        340   mode_utils_asm.o
       178          0          0          0          0       2068   mutex.o
       346          0          4         24         72       6071   os.o
       144         34          0          0          0        352   os_asm.o
       494          0          0          4         96       2786   queue.o
       566          0         46          0          0       2707   retarget_io.o
      1434          0          0         16        124       6777   scheduler.o
       282          0          0          0          0       2101   semaphore.o
        86          0          0          0          0       1432   sleep.o
        64         26        392          0       1536        888   startup_stm32f407xx.o
        78          0          0          8      16384        987   static_alloc.o
       304          0         16          4          0       2191   system_stm32f4xx.o
       446          0          0         96          0       3057   utils.o

    ----------------------------------------------------------------------
      6804         60        848        160      36232      42406   Object Totals
         0          0         32          0          0          0   (incl. Generated)
        92          0          3          0          8          0   (incl. Padding)

    ----------------------------------------------------------------------

      Code (inc. data)   RO Data    RW Data    ZI Data      Debug   Library Member Name

         8          0          0          0          0         68   __main.o
       392          4         17          0          0         92   __printf_flags_ss_wp.o
        14          0          0          0          0         68   __printf_wp.o
         0          0          0          0          0          0   __rtentry.o
        12          0          0          0          0          0   __rtentry2.o
         6          0          0          0          0          0   __rtentry4.o
        94          8          0          0          0          0   __scatter.o
        26          0          0          0          0          0   __scatter_copy.o
        28          0          0          0          0          0   __scatter_zi.o
        72          0          0          0          0         96   _c16rtomb.o
         6          0          0          0          0          0   _printf_a.o
         6          0          0          0          0          0   _printf_c.o
        44          0          0          0          0        108   _printf_char.o
        48          6          0          0          0         96   _printf_char_common.o
        36          4          0          0          0         80   _printf_char_file.o
        40          0          0          0          0         68   _printf_charcount.o
         6          0          0          0          0          0   _printf_d.o
       120         16          0          0          0         92   _printf_dec.o
         6          0          0          0          0          0   _printf_e.o
         6          0          0          0          0          0   _printf_f.o
      1052          0          0          0          0        148   _printf_fp_dec.o
       764          8         38          0          0        100   _printf_fp_hex.o
       128         16          0          0          0         84   _printf_fp_infnan.o
         6          0          0          0          0          0   _printf_g.o
       148          4         40          0          0        160   _printf_hex_int_ll_ptr.o
         6          0          0          0          0          0   _printf_i.o
       178          0          0          0          0         88   _printf_intcommon.o
        10          0          0          0          0          0   _printf_l.o
         6          0          0          0          0          0   _printf_lc.o
        10          0          0          0          0          0   _printf_ll.o
         6          0          0          0          0          0   _printf_lld.o
         6          0          0          0          0          0   _printf_lli.o
         6          0          0          0          0          0   _printf_llo.o
         6          0          0          0          0          0   _printf_llu.o
         6          0          0          0          0          0   _printf_llx.o
       124         16          0          0          0         92   _printf_longlong_dec.o
         6          0          0          0          0          0   _printf_ls.o
         6          0          0          0          0          0   _printf_n.o
         6          0          0          0          0          0   _printf_o.o
       112          8          0          0          0        124   _printf_oct_int_ll.o
         6          0          0          0          0          0   _printf_p.o
        78          0          0          0          0        108   _printf_pad.o
         0          0          0          0          0          0   _printf_percent.o
         4          0          0          0          0          0   _printf_percent_end.o
         6          0          0          0          0          0   _printf_s.o
        82          0          0          0          0         80   _printf_str.o
        36          0          0          0          0         84   _printf_truncate.o
         6          0          0          0          0          0   _printf_u.o
        44          0          0          0          0        108   _printf_wchar.o
       188          6          8          0          0         92   _printf_wctomb.o
         6          0          0          0          0          0   _printf_x.o
       228          4        148          0          0         96   bigflt0.o
      1936        128          0          0          0        668   btod.o
        10          0          0          0          0         68   defsig_exit.o
        50          0          0          0          0         88   defsig_general.o
        80         58          0          0          0         76   defsig_rtmem_inner.o
        14          0          0          0          0         80   defsig_rtmem_outer.o
        52         38          0          0          0         76   defsig_rtred_inner.o
        14          0          0          0          0         80   defsig_rtred_outer.o
        18          0          0          0          0         80   exit.o
        76          0          0          0          0         88   fclose.o
         8          0          0          0          0         68   ferror.o
       482          0          0          0          0         92   flsbuf.o
       240          6          0          0          0        128   fopen.o
        28          0          0          0          0         68   fputc.o
       248          6          0          0          0         84   fseek.o
        66          0          0          0          0         76   ftell.o
        94          0          0          0          0         80   h1_alloc.o
        52          0          0          0          0         68   h1_extend.o
        78          0          0          0          0         80   h1_free.o
        12          0          0          0          0         84   h1_init.o
         6          0          0          0          0        152   heapauxi.o
         4          0          0          0          0        136   hguard.o
       138          0          0          0          0        168   init_alloc.o
       312         46          0          0          0        112   initio.o
        44         10        272          0          0         76   lc_ctype_c.o
        44         10         28          0          0         76   lc_numeric_c.o
         2          0          0          0          0          0   libinit.o
        42          0          0          0          0          0   libinit2.o
         2          0          0          0          0          0   libshutdown.o
         6          0          0          0          0          0   libshutdown2.o
         8          4          0          0         96         68   libspace.o
       138          0          0          0          0         80   lludiv10.o
         0          0          0          0          0          0   maybetermalloc1.o
        24          4          0          0          0         84   printf.o
        16          4          0          0          0         76   rt_ctype_table.o
         8          4          0          0          0         68   rt_errno_addr_intlibspace.o
         8          4          0          0          0         68   rt_heap_descriptor_intlibspace.o
         8          4          0          0          0         68   rt_locale_intlibspace.o
        68          0          0          0          0         68   rt_memclr.o
        78          0          0          0          0         80   rt_memclr_w.o
         2          0          0          0          0          0   rtexit.o
        10          0          0          0          0          0   rtexit2.o
        70          0          0          0          0         80   setvbuf.o
       264          6          0          0          0        160   stdio.o
         0          0          0         12        252          0   stdio_streams.o
       124          0          0          0          0         88   strcmpv7em.o
        72          0          0          0          0         80   strcpy.o
        86          0          0          0          0         76   strncpy.o
        74          0          0          0          0         80   sys_stackheap_outer.o
         2          0          0          0          0         68   use_no_semi.o
         2          0          0          0          0         68   use_no_semi_2.o
         4          0          0          0          0         68   printf1.o
         4          0          0          0          0         68   printf2.o
         0          0          0          0          0          0   usenofp.o
        40          0          0          0          0         68   fpclassify.o

    ----------------------------------------------------------------------
      9536        432        552         12        348       6548   Library Totals
        22          0          1          0          0          0   (incl. Padding)

    ----------------------------------------------------------------------

      Code (inc. data)   RO Data    RW Data    ZI Data      Debug   Library Name

      9466        432        551         12        348       6344   c_w.l
         8          0          0          0          0        136   fz_ws.l
        40          0          0          0          0         68   m_ws.l

    ----------------------------------------------------------------------
      9536        432        552         12        348       6548   Library Totals

    ----------------------------------------------------------------------

==============================================================================


      Code (inc. data)   RO Data    RW Data    ZI Data      Debug   

     16340        492       1400        172      36580      45098   Grand Totals
     16340        492       1400        172      36580      45098   ELF Image Totals
     16340        492       1400        172          0          0   ROM Totals

==============================================================================

    Total RO  Size (Code + RO Data)                17740 (  17.32kB)
    Total RW  Size (RW Data + ZI Data)             36752 (  35.89kB)
    Total ROM Size (Code + RO Data + RW Data)      17912 (  17.49kB)

==============================================================================

