Component: Arm Compiler for Embedded 6.22 Tool: armlink [5ee90200]

==============================================================================

Section Cross References

    mode_utils.o(.text.reportState) refers to mode_utils_asm.o(mode_utils) for getPSR
    mode_utils.o(.text.reportState) refers to mode_utils.o(.rodata.str1.1) for .L.str
    mode_utils.o(.text.reportState) refers to strcpy.o(.text) for strcpy
    mode_utils.o(.text.reportState) refers to printf.o(.text) for printf
    mode_utils.o(.ARM.exidx.text.reportState) refers to mode_utils.o(.text.reportState) for [Anonymous Symbol]
    main.o(.text.main) refers to utils.o(.text.configClock) for configClock
    main.o(.text.main) refers to utils.o(.text.configUSART2) for configUSART2
    main.o(.text.main) refers to tasks.o(.text.initialiseOSResources) for initialiseOSResources
    main.o(.text.main) refers to main.o(.bss.main.stack1) for main.stack1
    main.o(.text.main) refers to main.o(.data.main.TCB1) for main.TCB1
    main.o(.text.main) refers to tasks.o(.text.sleepTest1) for sleepTest1
    main.o(.text.main) refers to scheduler.o(.text.OS_initialiseTCB) for OS_initialiseTCB
    main.o(.text.main) refers to main.o(.bss.main.stack2) for main.stack2
    main.o(.text.main) refers to main.o(.bss.main.TCB2) for main.TCB2
    main.o(.text.main) refers to tasks.o(.text.sleepTest2) for sleepTest2
    main.o(.text.main) refers to main.o(.bss.main.stack3) for main.stack3
    main.o(.text.main) refers to main.o(.data.main.TCB3) for main.TCB3
    main.o(.text.main) refers to main.o(.bss.main.stack4) for main.stack4
    main.o(.text.main) refers to main.o(.bss.main.TCB4) for main.TCB4
    main.o(.text.main) refers to main.o(.bss.main.stack5) for main.stack5
    main.o(.text.main) refers to main.o(.data.main.TCB5) for main.TCB5
    main.o(.text.main) refers to main.o(.bss.main.stack6) for main.stack6
    main.o(.text.main) refers to main.o(.bss.main.TCB6) for main.TCB6
    main.o(.text.main) refers to main.o(.bss.main.stack7) for main.stack7
    main.o(.text.main) refers to main.o(.data.main.TCB7) for main.TCB7
    main.o(.text.main) refers to main.o(.bss.main.stack8) for main.stack8
    main.o(.text.main) refers to main.o(.bss.main.TCB8) for main.TCB8
    main.o(.text.main) refers to main.o(.bss.main.stack9) for main.stack9
    main.o(.text.main) refers to main.o(.data.main.TCB9) for main.TCB9
    main.o(.text.main) refers to main.o(.bss.main.stack10) for main.stack10
    main.o(.text.main) refers to main.o(.bss.main.TCB10) for main.TCB10
    main.o(.text.main) refers to scheduler.o(.text.OS_addTask) for OS_addTask
    main.o(.text.main) refers to os.o(.text.OS_start) for OS_start
    main.o(.ARM.exidx.text.main) refers to main.o(.text.main) for [Anonymous Symbol]
    mutex.o(.text.OS_mutex_aquire) refers to os.o(.text.OS_currentTCB) for OS_currentTCB
    mutex.o(.text.OS_mutex_aquire) refers to scheduler.o(.text.getNotificationCounter) for getNotificationCounter
    mutex.o(.text.OS_mutex_aquire) refers to mutex.o(.text._svc_1) for _svc_1
    mutex.o(.ARM.exidx.text.OS_mutex_aquire) refers to mutex.o(.text.OS_mutex_aquire) for [Anonymous Symbol]
    mutex.o(.ARM.exidx.text._svc_1) refers to mutex.o(.text._svc_1) for [Anonymous Symbol]
    mutex.o(.text.OS_mutex_acquire_refactor) refers to scheduler.o(.text.getNotificationCounter) for getNotificationCounter
    mutex.o(.text.OS_mutex_acquire_refactor) refers to mutex.o(.text._svc_1) for _svc_1
    mutex.o(.ARM.exidx.text.OS_mutex_acquire_refactor) refers to mutex.o(.text.OS_mutex_acquire_refactor) for [Anonymous Symbol]
    mutex.o(.text.OS_mutex_release) refers to os.o(.text.OS_currentTCB) for OS_currentTCB
    mutex.o(.text.OS_mutex_release) refers to scheduler.o(.text.OS_notifyAll) for OS_notifyAll
    mutex.o(.ARM.exidx.text.OS_mutex_release) refers to mutex.o(.text.OS_mutex_release) for [Anonymous Symbol]
    tasks.o(.text.initialiseOSResources) refers to tasks.o(.bss.pool) for pool
    tasks.o(.text.initialiseOSResources) refers to mempool.o(.text.pool_init) for pool_init
    tasks.o(.text.initialiseOSResources) refers to queue.o(.text.OS_initCommsQueue) for OS_initCommsQueue
    tasks.o(.text.initialiseOSResources) refers to mode_utils.o(.text.reportState) for reportState
    tasks.o(.text.initialiseOSResources) refers to tasks.o(.rodata.str1.1) for .L.str
    tasks.o(.text.initialiseOSResources) refers to printf.o(.text) for printf
    tasks.o(.text.initialiseOSResources) refers to mode_utils_asm.o(mode_utils) for getPSR
    tasks.o(.ARM.exidx.text.initialiseOSResources) refers to tasks.o(.text.initialiseOSResources) for [Anonymous Symbol]
    tasks.o(.text.task1) refers to sleep.o(.text.OS_sleep) for OS_sleep
    tasks.o(.text.task1) refers to tasks.o(.bss.pool) for pool
    tasks.o(.text.task1) refers to mempool.o(.text.pool_allocate) for pool_allocate
    tasks.o(.text.task1) refers to tasks.o(.rodata.str1.1) for .L.str.2
    tasks.o(.text.task1) refers to strncpy.o(.text) for strncpy
[...]
    main.TCB4                                0x20000350   Data          24  main.o(.bss.main.TCB4)
    [Anonymous Symbol]                       0x20000350   Section        0  main.o(.bss.main.TCB4)
    main.TCB6                                0x20000368   Data          24  main.o(.bss.main.TCB6)
    [Anonymous Symbol]                       0x20000368   Section        0  main.o(.bss.main.TCB6)
    main.TCB8                                0x20000380   Data          24  main.o(.bss.main.TCB8)
    [Anonymous Symbol]                       0x20000380   Section        0  main.o(.bss.main.TCB8)
    main.stack1                              0x20000398   Data         512  main.o(.bss.main.stack1)
    [Anonymous Symbol]                       0x20000398   Section        0  main.o(.bss.main.stack1)
    main.stack10                             0x20000598   Data         512  main.o(.bss.main.stack10)
    [Anonymous Symbol]                       0x20000598   Section        0  main.o(.bss.main.stack10)
    main.stack2                              0x20000798   Data         512  main.o(.bss.main.stack2)
    [Anonymous Symbol]                       0x20000798   Section        0  main.o(.bss.main.stack2)
    main.stack3                              0x20000998   Data         512  main.o(.bss.main.stack3)
    [Anonymous Symbol]                       0x20000998   Section        0  main.o(.bss.main.stack3)
    main.stack4                              0x20000b98   Data         512  main.o(.bss.main.stack4)
    [Anonymous Symbol]                       0x20000b98   Section        0  main.o(.bss.main.stack4)
    main.stack5                              0x20000d98   Data         512  main.o(.bss.main.stack5)
    [Anonymous Symbol]                       0x20000d98   Section        0  main.o(.bss.main.stack5)
    main.stack6                              0x20000f98   Data         512  main.o(.bss.main.stack6)
    [Anonymous Symbol]                       0x20000f98   Section        0  main.o(.bss.main.stack6)
    main.stack7                              0x20001198   Data         512  main.o(.bss.main.stack7)
    [Anonymous Symbol]                       0x20001198   Section        0  main.o(.bss.main.stack7)
    main.stack8                              0x20001398   Data         512  main.o(.bss.main.stack8)
    [Anonymous Symbol]                       0x20001398   Section        0  main.o(.bss.main.stack8)
    main.stack9                              0x20001598   Data         512  main.o(.bss.main.stack9)
    [Anonymous Symbol]                       0x20001598   Section        0  main.o(.bss.main.stack9)
    mutex_p0                                 0x20001798   Data           8  tasks.o(.bss.mutex_p0)
    [Anonymous Symbol]                       0x20001798   Section        0  tasks.o(.bss.mutex_p0)
    mutex_p1                                 0x200017a0   Data           8  tasks.o(.bss.mutex_p1)
    [Anonymous Symbol]                       0x200017a0   Section        0  tasks.o(.bss.mutex_p1)
    notification_counter                     0x200017a8   Data           4  scheduler.o(.bss.notification_counter)
    [Anonymous Symbol]                       0x200017a8   Section        0  scheduler.o(.bss.notification_counter)
    pending_list                             0x200017ac   Data           8  scheduler.o(.bss.pending_list)
    [Anonymous Symbol]                       0x200017ac   Section        0  scheduler.o(.bss.pending_list)
    pool                                     0x200017b4   Data           8  tasks.o(.bss.pool)
    [Anonymous Symbol]                       0x200017b4   Section        0  tasks.o(.bss.pool)
    pool_init.blocksFree                     0x200017bc   Data           4  mempool.o(.bss.pool_init.blocksFree)
    [Anonymous Symbol]                       0x200017bc   Section        0  mempool.o(.bss.pool_init.blocksFree)
    schedule                                 0x200017c0   Data          20  scheduler.o(.bss.schedule)
    [Anonymous Symbol]                       0x200017c0   Section        0  scheduler.o(.bss.schedule)
    sleepID                                  0x200017d4   Data           4  tasks.o(.bss.sleepID)
    [Anonymous Symbol]                       0x200017d4   Section        0  tasks.o(.bss.sleepID)
    sleep_counter                            0x200017d8   Data           4  scheduler.o(.bss.sleep_counter)
    [Anonymous Symbol]                       0x200017d8   Section        0  scheduler.o(.bss.sleep_counter)
    static_pool                              0x200017e0   Data       16384  mempool.o(.bss.static_pool)
    [Anonymous Symbol]                       0x200017e0   Section        0  mempool.o(.bss.static_pool)
    static_pool                              0x200057e0   Data       16384  static_alloc.o(.bss.static_pool)
    [Anonymous Symbol]                       0x200057e0   Section        0  static_alloc.o(.bss.static_pool)
    store                                    0x200097e0   Data          80  scheduler.o(.bss.store)
    [Anonymous Symbol]                       0x200097e0   Section        0  scheduler.o(.bss.store)
    wait_list                                0x20009830   Data           8  scheduler.o(.bss.wait_list)
    [Anonymous Symbol]                       0x20009830   Section        0  scheduler.o(.bss.wait_list)
    Heap_Mem                                 0x20009838   Data         512  startup_stm32f407xx.o(HEAP)
    HEAP                                     0x20009838   Section      512  startup_stm32f407xx.o(HEAP)
    Stack_Mem                                0x20009a38   Data        1024  startup_stm32f407xx.o(STACK)
    STACK                                    0x20009a38   Section     1024  startup_stm32f407xx.o(STACK)
    __initial_sp                             0x20009e38   Data           0  startup_stm32f407xx.o(STACK)

    Global Symbols

    Symbol Name                              Value     Ov Type        Size  Object(Section)

    BuildAttributes$$THM_ISAv4$E$P$D$K$B$S$7EM$PE$A:L22UL41UL21$X:L11$S22US41US21$IEEE1$IW$~IW$USESV6$~STKCKD$USESV7$~SHL$OTIME$ROPI$IEEEJ$EBA8$UX$STANDARDLIB$REQ8$PRES8$EABIv2 0x00000000   Number         0  anon$$obj.o ABSOLUTE
    __fp_init_empty                          0x00000000   Number         0  fpinit_empty.o ABSOLUTE
    _printf_flags                            0x00000000   Number         0  printf_stubs.o ABSOLUTE
    _printf_return_value                     0x00000000   Number         0  printf_stubs.o ABSOLUTE
    _printf_sizespec                         0x00000000   Number         0  printf_stubs.o ABSOLUTE
    _printf_widthprec                        0x00000000   Number         0  printf_stubs.o ABSOLUTE
    __ARM_exceptions_init                     - Undefined Weak Reference
    __alloca_initialize                       - Undefined Weak Reference
    __arm_preinit_                            - Undefined Weak Reference
    __arm_relocate_pie_                       - Undefined Weak Reference
    __cpp_initialize__aeabi_                  - Undefined Weak Reference
    __cxa_finalize                            - Undefined Weak Reference
    __sigvec_lookup                           - Undefined Weak Reference
    __user_heap_extent                        - Undefined Weak Reference
    _atexit_init                              - Undefined Weak Reference
    _call_atexit_fns                          - Undefined Weak Reference
    _clock_init                               - Undefined Weak Reference
    _fp_trap_init                             - Undefined Weak Reference
    _fp_trap_shutdown                         - Undefined Weak Reference
    _get_lc_collate                           - Undefined Weak Reference
    _get_lc_monetary                          - Undefined Weak Reference
    _get_lc_time                              - Undefined Weak Reference
    _getenv_init                              - Undefined Weak Reference
    _handle_redirection                       - Undefined Weak Reference
    _mutex_acquire                            - Undefined Weak Reference
    _mutex_free                               - Undefined Weak Reference
    _mutex_release                            - Undefined Weak Reference
    _printf_mbtowc                            - Undefined Weak Reference
    _printf_wc                                - Undefined Weak Reference
    _rand_init                                - Undefined Weak Reference
    _signal_finish                            - Undefined Weak Reference
    _signal_init                              - Undefined Weak Reference
    __Vectors_Size                           0x00000188   Number         0  startup_stm32f407xx.o ABSOLUTE
    __Vectors                                0x08000000   Data           4  startup_stm32f407xx.o(RESET)
    __Vectors_End                            0x08000188   Data           0  startup_stm32f407xx.o(RESET)
    __main                                   0x08000189   Thumb Code     8  __main.o(!!!main)
    __scatterload                            0x08000191   Thumb Code     0  __scatter.o(!!!scatter)
    __scatterload_rt2                        0x08000191   Thumb Code    84  __scatter.o(!!!scatter)
    __scatterload_rt2_thumb_only             0x08000191   Thumb Code     0  __scatter.o(!!!scatter)
    __scatterload_loop                       0x0800019b   Thumb Code     0  __scatter.o(!!!scatter)
    __scatterload_copy                       0x080001ed   Thumb Code    26  __scatter_copy.o(!!handler_copy)
    __scatterload_null                       0x08000209   Thumb Code     2  __scatter.o(!!handler_null)
    __scatterload_zeroinit                   0x0800020d   Thumb Code    28  __scatter_zi.o(!!handler_zi)
    _printf_n                                0x08000229   Thumb Code     0  _printf_n.o(.ARM.Collect$$_printf_percent$$00000001)
    _printf_percent                          0x08000229   Thumb Code     0  _printf_percent.o(.ARM.Collect$$_printf_percent$$00000000)
    _printf_p                                0x0800022f   Thumb Code     0  _printf_p.o(.ARM.Collect$$_printf_percent$$00000002)
    _printf_f                                0x08000235   Thumb Code     0  _printf_f.o(.ARM.Collect$$_printf_percent$$00000003)
    _printf_e                                0x0800023b   Thumb Code     0  _printf_e.o(.ARM.Collect$$_printf_percent$$00000004)
    _printf_g                                0x08000241   Thumb Code     0  _printf_g.o(.ARM.Collect$$_printf_percent$$00000005)
    _printf_a                                0x08000247   Thumb Code     0  _printf_a.o(.ARM.Collect$$_printf_percent$$00000006)
    _printf_ll                               0x0800024d   Thumb Code     0  _printf_ll.o(.ARM.Collect$$_printf_percent$$00000007)
    _printf_i                                0x08000257   Thumb Code     0  _printf_i.o(.ARM.Collect$$_printf_percent$$00000008)
    _printf_d                                0x0800025d   Thumb Code     0  _printf_d.o(.ARM.Collect$$_printf_percent$$00000009)
    _printf_u                                0x08000263   Thumb Code     0  _printf_u.o(.ARM.Collect$$_printf_percent$$0000000A)
    _printf_o                                0x08000269   Thumb Code     0  _printf_o.o(.ARM.Collect$$_printf_percent$$0000000B)
    _printf_x                                0x0800026f   Thumb Code     0  _printf_x.o(.ARM.Collect$$_printf_percent$$0000000C)
    _printf_lli                              0x08000275   Thumb Code     0  _printf_lli.o(.ARM.Collect$$_printf_percent$$0000000D)
    _printf_lld                              0x0800027b   Thumb Code     0  _printf_lld.o(.ARM.Collect$$_printf_percent$$0000000E)
    _printf_llu                              0x08000281   Thumb Code     0  _printf_llu.o(.ARM.Collect$$_printf_percent$$0000000F)
    _printf_llo                              0x08000287   Thumb Code     0  _printf_llo.o(.ARM.Collect$$_printf_percent$$00000010)
    _printf_llx                              0x0800028d   Thumb Code     0  _printf_llx.o(.ARM.Collect$$_printf_percent$$00000011)
    _printf_l                                0x08000293   Thumb Code     0  _printf_l.o(.ARM.Collect$$_printf_percent$$00000012)
    _printf_c                                0x0800029d   Thumb Code     0  _printf_c.o(.ARM.Collect$$_printf_percent$$00000013)
    _printf_s                                0x080002a3   Thumb Code     0  _printf_s.o(.ARM.Collect$$_printf_percent$$00000014)
    _printf_lc                               0x080002a9   Thumb Code     0  _printf_lc.o(.ARM.Collect$$_printf_percent$$00000015)
    _printf_ls                               0x080002af   Thumb Code     0  _printf_ls.o(.ARM.Collect$$_printf_percent$$00000016)
    _printf_percent_end                      0x080002b5   Thumb Code     0  _printf_percent_end.o(.ARM.Collect$$_printf_percent$$00000017)
    __rt_lib_init                            0x080002b9   Thumb Code     0  libinit.o(.ARM.Collect$$libinit$$00000000)
    __rt_lib_init_fp_1                       0x080002bb   Thumb Code     0  libinit2.o(.ARM.Collect$$libinit$$00000002)
    __rt_lib_init_heap_2                     0x080002bb   Thumb Code     0  libinit2.o(.ARM.Collect$$libinit$$00000007)
    __rt_lib_init_preinit_1                  0x080002bb   Thumb Code     0  libinit2.o(.ARM.Collect$$libinit$$00000006)
    __rt_lib_init_relocate_pie_1             0x080002bb   Thumb Code     0  libinit2.o(.ARM.Collect$$libinit$$00000004)
    __rt_lib_init_heap_1                     0x080002c3   Thumb Code     0  libinit2.o(.ARM.Collect$$libinit$$0000000C)
    __rt_lib_init_lc_common                  0x080002c3   Thumb Code     0  libinit2.o(.ARM.Collect$$libinit$$00000011)
    __rt_lib_init_rand_1                     0x080002c3   Thumb Code     0  libinit2.o(.ARM.Collect$$libinit$$00000010)
    __rt_lib_init_user_alloc_1               0x080002c3   Thumb Code     0  libinit2.o(.ARM.Collect$$libinit$$0000000E)
    __rt_lib_init_lc_collate_1               0x080002c9   Thumb Code     0  libinit2.o(.ARM.Collect$$libinit$$00000013)
    __rt_lib_init_lc_ctype_2                 0x080002c9   Thumb Code     0  libinit2.o(.ARM.Collect$$libinit$$00000014)
    __rt_lib_init_lc_ctype_1                 0x080002d5   Thumb Code     0  libinit2.o(.ARM.Collect$$libinit$$00000015)
    __rt_lib_init_lc_monetary_1              0x080002d5   Thumb Code     0  libinit2.o(.ARM.Collect$$libinit$$00000017)
    __rt_lib_init_lc_numeric_2               0x080002d5   Thumb Code     0  libinit2.o(.ARM.Collect$$libinit$$00000018)
    __rt_lib_init_atexit_1                   0x080002df   Thumb Code     0  libinit2.o(.ARM.Collect$$libinit$$0000001D)
    __rt_lib_init_clock_1                    0x080002df   Thumb Code     0  libinit2.o(.ARM.Collect$$libinit$$00000023)
    __rt_lib_init_fp_trap_1                  0x080002df   Thumb Code     0  libinit2.o(.ARM.Collect$$libinit$$00000021)
    __rt_lib_init_getenv_1                   0x080002df   Thumb Code     0  libinit2.o(.ARM.Collect$$libinit$$00000025)
    __rt_lib_init_lc_numeric_1               0x080002df   Thumb Code     0  libinit2.o(.ARM.Collect$$libinit$$00000019)
    __rt_lib_init_lc_time_1                  0x080002df   Thumb Code     0  libinit2.o(.ARM.Collect$$libinit$$0000001B)
    __rt_lib_init_signal_1                   0x080002df   Thumb Code     0  libinit2.o(.ARM.Collect$$libinit$$0000001F)
    __rt_lib_init_stdio_2                    0x080002df   Thumb Code     0  libinit2.o(.ARM.Collect$$libinit$$00000026)
    __rt_lib_init_alloca_1                   0x080002e3   Thumb Code     0  libinit2.o(.ARM.Collect$$libinit$$00000030)
    __rt_lib_init_argv_1                     0x080002e3   Thumb Code     0  libinit2.o(.ARM.Collect$$libinit$$0000002E)
    __rt_lib_init_cpp_1                      0x080002e3   Thumb Code     0  libinit2.o(.ARM.Collect$$libinit$$00000034)
    __rt_lib_init_exceptions_1               0x080002e3   Thumb Code     0  libinit2.o(.ARM.Collect$$libinit$$00000032)
    __rt_lib_init_return                     0x080002e3   Thumb Code     0  libinit2.o(.ARM.Collect$$libinit$$00000035)
    __rt_lib_init_stdio_1                    0x080002e3   Thumb Code     0  libinit2.o(.ARM.Collect$$libinit$$00000027)
    __rt_lib_shutdown                        0x080002e5   Thumb Code     0  libshutdown.o(.ARM.Collect$$libshutdown$$00000000)
    __rt_lib_shutdown_cpp_1                  0x080002e7   Thumb Code     0  libshutdown2.o(.ARM.Collect$$libshutdown$$00000002)
    __rt_lib_shutdown_stdio_2                0x080002e7   Thumb Code     0  libshutdown2.o(.ARM.Collect$$libshutdown$$00000003)
    __rt_lib_shutdown_fp_trap_1              0x080002eb   Thumb Code     0  libshutdown2.o(.ARM.Collect$$libshutdown$$00000007)
    __rt_lib_shutdown_heap_1                 0x080002eb   Thumb Code     0  libshutdown2.o(.ARM.Collect$$libshutdown$$0000000F)
    __rt_lib_shutdown_return                 0x080002eb   Thumb Code     0  libshutdown2.o(.ARM.Collect$$libshutdown$$00000010)
    __rt_lib_shutdown_signal_1               0x080002eb   Thumb Code     0  libshutdown2.o(.ARM.Collect$$libshutdown$$0000000A)
    __rt_lib_shutdown_stdio_1                0x080002eb   Thumb Code     0  libshutdown2.o(.ARM.Collect$$libshutdown$$00000004)
    __rt_lib_shutdown_user_alloc_1           0x080002eb   Thumb Code     0  libshutdown2.o(.ARM.Collect$$libshutdown$$0000000C)
    __rt_entry                               0x080002ed   Thumb Code     0  __rtentry.o(.ARM.Collect$$rtentry$$00000000)
    __rt_entry_presh_1                       0x080002ed   Thumb Code     0  __rtentry2.o(.ARM.Collect$$rtentry$$00000002)
    __rt_entry_sh                            0x080002ed   Thumb Code     0  __rtentry4.o(.ARM.Collect$$rtentry$$00000004)
    __rt_entry_li                            0x080002f3   Thumb Code     0  __rtentry2.o(.ARM.Collect$$rtentry$$0000000A)
    __rt_entry_postsh_1                      0x080002f3   Thumb Code     0  __rtentry2.o(.ARM.Collect$$rtentry$$00000009)
    __rt_entry_main                          0x080002f7   Thumb Code     0  __rtentry2.o(.ARM.Collect$$rtentry$$0000000D)
    __rt_entry_postli_1                      0x080002f7   Thumb Code     0  __rtentry2.o(.ARM.Collect$$rtentry$$0000000C)
    __rt_exit                                0x080002ff   Thumb Code     0  rtexit.o(.ARM.Collect$$rtexit$$00000000)
    __rt_exit_ls                             0x08000301   Thumb Code     0  rtexit2.o(.ARM.Collect$$rtexit$$00000003)
    __rt_exit_prels_1                        0x08000301   Thumb Code     0  rtexit2.o(.ARM.Collect$$rtexit$$00000002)
    __rt_exit_exit                           0x08000305   Thumb Code     0  rtexit2.o(.ARM.Collect$$rtexit$$00000004)
    Reset_Handler                            0x0800030d   Thumb Code     8  startup_stm32f407xx.o(.text)
    NMI_Handler                              0x08000315   Thumb Code     2  startup_stm32f407xx.o(.text)
    MemManage_Handler                        0x08000319   Thumb Code     2  startup_stm32f407xx.o(.text)
    BusFault_Handler                         0x0800031b   Thumb Code     2  startup_stm32f407xx.o(.text)
    UsageFault_Handler                       0x0800031d   Thumb Code     2  startup_stm32f407xx.o(.text)
    DebugMon_Handler                         0x08000321   Thumb Code     2  startup_stm32f407xx.o(.text)
    ADC_IRQHandler                           0x08000327   Thumb Code     0  startup_stm32f407xx.o(.text)
    CAN1_RX0_IRQHandler                      0x08000327   Thumb Code     0  startup_stm32f407xx.o(.text)
    CAN1_RX1_IRQHandler                      0x08000327   Thumb Code     0  startup_stm32f407xx.o(.text)
    CAN1_SCE_IRQHandler                      0x08000327   Thumb Code     0  startup_stm32f407xx.o(.text)
    CAN1_TX_IRQHandler                       0x08000327   Thumb Code     0  startup_stm32f407xx.o(.text)
    CAN2_RX0_IRQHandler                      0x08000327   Thumb Code     0  startup_stm32f407xx.o(.text)
    CAN2_RX1_IRQHandler                      0x08000327   Thumb Code     0  startup_stm32f407xx.o(.text)
    CAN2_SCE_IRQHandler                      0x08000327   Thumb Code     0  startup_stm32f407xx.o(.text)
    CAN2_TX_IRQHandler                       0x08000327   Thumb Code     0  startup_stm32f407xx.o(.text)
    DCMI_IRQHandler                          0x08000327   Thumb Code     0  startup_stm32f407xx.o(.text)
    DMA1_Stream0_IRQHandler                  0x08000327   Thumb Code     0  startup_stm32f407xx.o(.text)
    DMA1_Stream1_IRQHandler                  0x08000327   Thumb Code     0  startup_stm32f407xx.o(.text)
    DMA1_Stream2_IRQHandler                  0x08000327   Thumb Code     0  startup_stm32f407xx.o(.text)
    DMA1_Stream3_IRQHandler                  0x08000327   Thumb Code     0  startup_stm32f407xx.o(.text)
    DMA1_Stream4_IRQHandler                  0x08000327   Thumb Code     0  startup_stm32f407xx.o(.text)
    DMA1_Stream5_IRQHandler                  0x08000327   Thumb Code     0  startup_stm32f407xx.o(.text)
    DMA1_Stream6_IRQHandler                  0x08000327   Thumb Code     0  startup_stm32f407xx.o(.text)
    DMA1_Stream7_IRQHandler                  0x08000327   Thumb Code     0  startup_stm32f407xx.o(.text)
    DMA2_Stream0_IRQHandler                  0x08000327   Thumb Code     0  startup_stm32f407xx.o(.text)
    DMA2_Stream1_IRQHandler                  0x08000327   Thumb Code     0  startup_stm32f407xx.o(.text)
    DMA2_Stream2_IRQHandler                  0x08000327   Thumb Code     0  startup_stm32f407xx.o(.text)
    DMA2_Stream3_IRQHandler                  0x08000327   Thumb Code     0  startup_stm32f407xx.o(.text)
    DMA2_Stream4_IRQHandler                  0x08000327   Thumb Code     0  startup_stm32f407xx.o(.text)
    DMA2_Stream5_IRQHandler                  0x08000327   Thumb Code     0  startup_stm32f407xx.o(.text)
    DMA2_Stream6_IRQHandler                  0x08000327   Thumb Code     0  startup_stm32f407xx.o(.text)
    DMA2_Stream7_IRQHandler                  0x08000327   Thumb Code     0  startup_stm32f407xx.o(.text)
    ETH_IRQHandler                           0x08000327   Thumb Code     0  startup_stm32f407xx.o(.text)
    ETH_WKUP_IRQHandler                      0x08000327   Thumb Code     0  startup_stm32f407xx.o(.text)
    EXTI0_IRQHandler                         0x08000327   Thumb Code     0  startup_stm32f407xx.o(.text)
    EXTI15_10_IRQHandler                     0x08000327   Thumb Code     0  startup_stm32f407xx.o(.text)
    EXTI1_IRQHandler                         0x08000327   Thumb Code     0  startup_stm32f407xx.o(.text)
    EXTI2_IRQHandler                         0x08000327   Thumb Code     0  startup_stm32f407xx.o(.text)
    EXTI3_IRQHandler                         0x08000327   Thumb Code     0  startup_stm32f407xx.o(.text)
    EXTI4_IRQHandler                         0x08000327   Thumb Code     0  startup_stm32f407xx.o(.text)
    EXTI9_5_IRQHandler                       0x08000327   Thumb Code     0  startup_stm32f407xx.o(.text)
    FLASH_IRQHandler                         0x08000327   Thumb Code     0  startup_stm32f407xx.o(.text)
    FMC_IRQHandler                           0x08000327   Thumb Code     0  startup_stm32f407xx.o(.text)
    FPU_IRQHandler                           0x08000327   Thumb Code     0  startup_stm32f407xx.o(.text)
    HASH_RNG_IRQHandler                      0x08000327   Thumb Code     0  startup_stm32f407xx.o(.text)
    I2C1_ER_IRQHandler                       0x08000327   Thumb Code     0  startup_stm32f407xx.o(.text)
    I2C1_EV_IRQHandler                       0x08000327   Thumb Code     0  startup_stm32f407xx.o(.text)
    I2C2_ER_IRQHandler                       0x08000327   Thumb Code     0  startup_stm32f407xx.o(.text)
    I2C2_EV_IRQHandler                       0x08000327   Thumb Code     0  startup_stm32f407xx.o(.text)
    I2C3_ER_IRQHandler                       0x08000327   Thumb Code     0  startup_stm32f407xx.o(.text)
    I2C3_EV_IRQHandler                       0x08000327   Thumb Code     0  startup_stm32f407xx.o(.text)
    OTG_FS_IRQHandler                        0x08000327   Thumb Code     0  startup_stm32f407xx.o(.text)
    OTG_FS_WKUP_IRQHandler                   0x08000327   Thumb Code     0  startup_stm32f407xx.o(.text)
    OTG_HS_EP1_IN_IRQHandler                 0x08000327   Thumb Code     0  startup_stm32f407xx.o(.text)
    OTG_HS_EP1_OUT_IRQHandler                0x08000327   Thumb Code     0  startup_stm32f407xx.o(.text)
    OTG_HS_IRQHandler                        0x08000327   Thumb Code     0  startup_stm32f407xx.o(.text)
    OTG_HS_WKUP_IRQHandler                   0x08000327   Thumb Code     0  startup_stm32f407xx.o(.text)
    PVD_IRQHandler                           0x08000327   Thumb Code     0  startup_stm32f407xx.o(.text)
    RCC_IRQHandler                           0x08000327   Thumb Code     0  startup_stm32f407xx.o(.text)
    RTC_Alarm_IRQHandler                     0x08000327   Thumb Code     0  startup_stm32f407xx.o(.text)
    RTC_WKUP_IRQHandler                      0x08000327   Thumb Code     0  startup_stm32f407xx.o(.text)
    SDIO_IRQHandler                          0x08000327   Thumb Code     0  startup_stm32f407xx.o(.text)
    SPI1_IRQHandler                          0x08000327   Thumb Code     0  startup_stm32f407xx.o(.text)
    SPI2_IRQHandler                          0x08000327   Thumb Code     0  startup_stm32f407xx.o(.text)
    SPI3_IRQHandler                          0x08000327   Thumb Code     0  startup_stm32f407xx.o(.text)
    TAMP_STAMP_IRQHandler                    0x08000327   Thumb Code     0  startup_stm32f407xx.o(.text)
    TIM1_BRK_TIM9_IRQHandler                 0x08000327   Thumb Code     0  startup_stm32f407xx.o(.text)
    TIM1_CC_IRQHandler                       0x08000327   Thumb Code     0  startup_stm32f407xx.o(.text)
    TIM1_TRG_COM_TIM11_IRQHandler            0x08000327   Thumb Code     0  startup_stm32f407xx.o(.text)
    TIM1_UP_TIM10_IRQHandler                 0x08000327   Thumb Code     0  startup_stm32f407xx.o(.text)
    TIM2_IRQHandler                          0x08000327   Thumb Code     0  startup_stm32f407xx.o(.text)
    TIM3_IRQHandler                          0x08000327   Thumb Code     0  startup_stm32f407xx.o(.text)
    TIM4_IRQHandler                          0x08000327   Thumb Code     0  startup_stm32f407xx.o(.text)
    TIM5_IRQHandler                          0x08000327   Thumb Code     0  startup_stm32f407xx.o(.text)
    TIM6_DAC_IRQHandler                      0x08000327   Thumb Code     0  startup_stm32f407xx.o(.text)
    TIM7_IRQHandler                          0x08000327   Thumb Code     0  startup_stm32f407xx.o(.text)
    TIM8_BRK_TIM12_IRQHandler                0x08000327   Thumb Code     0  startup_stm32f407xx.o(.text)
    TIM8_CC_IRQHandler                       0x08000327   Thumb Code     0  startup_stm32f407xx.o(.text)
    TIM8_TRG_COM_TIM14_IRQHandler            0x08000327   Thumb Code     0  startup_stm32f407xx.o(.text)
    TIM8_UP_TIM13_IRQHandler                 0x08000327   Thumb Code     0  startup_stm32f407xx.o(.text)
    UART4_IRQHandler                         0x08000327   Thumb Code     0  startup_stm32f407xx.o(.text)
    UART5_IRQHandler                         0x08000327   Thumb Code     0  startup_stm32f407xx.o(.text)
    USART1_IRQHandler                        0x08000327   Thumb Code     0  startup_stm32f407xx.o(.text)
    USART2_IRQHandler                        0x08000327   Thumb Code     0  startup_stm32f407xx.o(.text)
    USART3_IRQHandler                        0x08000327   Thumb Code     0  startup_stm32f407xx.o(.text)
    USART6_IRQHandler                        0x08000327   Thumb Code     0  startup_stm32f407xx.o(.text)
    WWDG_IRQHandler                          0x08000327   Thumb Code     0  startup_stm32f407xx.o(.text)
    __user_initial_stackheap                 0x08000329   Thumb Code     0  startup_stm32f407xx.o(.text)
    __use_no_semihosting                     0x0800034d   Thumb Code     2  use_no_semi_2.o(.text)
    printf                                   0x08000351   Thumb Code    20  printf.o(.text)
    strcpy                                   0x08000369   Thumb Code    72  strcpy.o(.text)
    __aeabi_memclr4                          0x080003b1   Thumb Code     0  rt_memclr_w.o(.text)
    __aeabi_memclr8                          0x080003b1   Thumb Code     0  rt_memclr_w.o(.text)
    __rt_memclr_w                            0x080003b1   Thumb Code     0  rt_memclr_w.o(.text)
    _memset_w                                0x080003b5   Thumb Code    74  rt_memclr_w.o(.text)
    strcmp                                   0x08000401   Thumb Code   124  strcmpv7em.o(.text)
    __use_two_region_memory                  0x0800047d   Thumb Code     2  heapauxi.o(.text)
    __rt_heap_escrow                         0x0800047f   Thumb Code     2  heapauxi.o(.text)
    __rt_heap_expand                         0x08000481   Thumb Code     2  heapauxi.o(.text)
    __semihosting$guard                      0x08000483   Thumb Code     0  use_no_semi.o(.text)
    __use_no_semihosting_swi                 0x08000483   Thumb Code     2  use_no_semi.o(.text)
    _printf_pre_padding                      0x08000485   Thumb Code    44  _printf_pad.o(.text)
    _printf_post_padding                     0x080004b1   Thumb Code    34  _printf_pad.o(.text)
    _printf_truncate_signed                  0x080004d3   Thumb Code    18  _printf_truncate.o(.text)
    _printf_truncate_unsigned                0x080004e5   Thumb Code    18  _printf_truncate.o(.text)
    _printf_str                              0x080004f7   Thumb Code    82  _printf_str.o(.text)
    _printf_int_dec                          0x08000549   Thumb Code   104  _printf_dec.o(.text)
    _printf_charcount                        0x080005c1   Thumb Code    40  _printf_charcount.o(.text)
    _printf_char_file                        0x080005e9   Thumb Code    32  _printf_char_file.o(.text)
    _printf_wctomb                           0x0800060d   Thumb Code   182  _printf_wctomb.o(.text)
    _printf_longlong_dec                     0x080006c9   Thumb Code   108  _printf_longlong_dec.o(.text)
    _printf_longlong_oct                     0x08000745   Thumb Code    68  _printf_oct_int_ll.o(.text)
    _printf_int_oct                          0x08000789   Thumb Code    24  _printf_oct_int_ll.o(.text)
    _printf_ll_oct                           0x080007a1   Thumb Code    12  _printf_oct_int_ll.o(.text)
    _printf_longlong_hex                     0x080007b5   Thumb Code    86  _printf_hex_int_ll_ptr.o(.text)
    _printf_int_hex                          0x0800080b   Thumb Code    28  _printf_hex_int_ll_ptr.o(.text)
    _printf_ll_hex                           0x08000827   Thumb Code    12  _printf_hex_int_ll_ptr.o(.text)
    _printf_hex_ptr                          0x08000833   Thumb Code    18  _printf_hex_int_ll_ptr.o(.text)
    __printf                                 0x08000849   Thumb Code   388  __printf_flags_ss_wp.o(.text)
    _ll_udiv10                               0x080009d1   Thumb Code   138  lludiv10.o(.text)
    _printf_int_common                       0x08000a5b   Thumb Code   178  _printf_intcommon.o(.text)
    _printf_fp_dec_real                      0x08000cbd   Thumb Code   620  _printf_fp_dec.o(.text)
    _printf_fp_hex_real                      0x08000f29   Thumb Code   756  _printf_fp_hex.o(.text)
    _printf_char_common                      0x0800122f   Thumb Code    32  _printf_char_common.o(.text)
    _printf_cs_common                        0x08001255   Thumb Code    20  _printf_char.o(.text)
    _printf_char                             0x08001269   Thumb Code    16  _printf_char.o(.text)
    _printf_string                           0x08001279   Thumb Code     8  _printf_char.o(.text)
    _printf_lcs_common                       0x08001281   Thumb Code    20  _printf_wchar.o(.text)
    _printf_wchar                            0x08001295   Thumb Code    16  _printf_wchar.o(.text)
    _printf_wstring                          0x080012a5   Thumb Code     8  _printf_wchar.o(.text)
    ferror                                   0x080012ad   Thumb Code     8  ferror.o(.text)
    _initio                                  0x080012b5   Thumb Code   210  initio.o(.text)
    _terminateio                             0x08001387   Thumb Code    56  initio.o(.text)
    _c16rtomb                                0x080013ed   Thumb Code    72  _c16rtomb.o(.text)
    _wcrtomb                                 0x080013ed   Thumb Code     0  _c16rtomb.o(.text)
    __user_setup_stackheap                   0x08001435   Thumb Code    74  sys_stackheap_outer.o(.text)
    __rt_ctype_table                         0x08001481   Thumb Code    16  rt_ctype_table.o(.text)
    __rt_locale                              0x08001491   Thumb Code     8  rt_locale_intlibspace.o(.text)
    free                                     0x08001499   Thumb Code    78  h1_free.o(.text)
    _printf_fp_infnan                        0x080014e9   Thumb Code   112  _printf_fp_infnan.o(.text)
    _btod_etento                             0x08001569   Thumb Code   224  bigflt0.o(.text)
    __flsbuf                                 0x0800164d   Thumb Code   482  flsbuf.o(.text)
    __flsbuf_byte                            0x0800164d   Thumb Code     0  flsbuf.o(.text)
    __flsbuf_wide                            0x0800164d   Thumb Code     0  flsbuf.o(.text)
    setvbuf                                  0x0800182f   Thumb Code    70  setvbuf.o(.text)
    freopen                                  0x08001875   Thumb Code   160  fopen.o(.text)
    fopen                                    0x08001915   Thumb Code    74  fopen.o(.text)
    _fclose_internal                         0x08001965   Thumb Code    76  fclose.o(.text)
    fclose                                   0x08001965   Thumb Code     0  fclose.o(.text)
    exit                                     0x080019b1   Thumb Code    18  exit.o(.text)
    __rt_SIGRTRED                            0x080019c3   Thumb Code    14  defsig_rtred_outer.o(.text)
    __user_libspace                          0x080019d1   Thumb Code     8  libspace.o(.text)
    __user_perproc_libspace                  0x080019d1   Thumb Code     0  libspace.o(.text)
    __user_perthread_libspace                0x080019d1   Thumb Code     0  libspace.o(.text)
    __rt_heap_descriptor                     0x080019d9   Thumb Code     8  rt_heap_descriptor_intlibspace.o(.text)
    __use_no_heap                            0x080019e1   Thumb Code     2  hguard.o(.text)
    __heap$guard                             0x080019e3   Thumb Code     2  hguard.o(.text)
    _terminate_user_alloc                    0x080019e5   Thumb Code     2  init_alloc.o(.text)
    _init_user_alloc                         0x080019e7   Thumb Code     2  init_alloc.o(.text)
    __Heap_Full                              0x080019e9   Thumb Code    34  init_alloc.o(.text)
    __Heap_Broken                            0x08001a0b   Thumb Code     6  init_alloc.o(.text)
    _init_alloc                              0x08001a11   Thumb Code    94  init_alloc.o(.text)
    malloc                                   0x08001a6f   Thumb Code    94  h1_alloc.o(.text)
    _fseek                                   0x08001acd   Thumb Code   242  fseek.o(.text)
    fseek                                    0x08001acd   Thumb Code     0  fseek.o(.text)
    _seterr                                  0x08001bc5   Thumb Code    20  stdio.o(.text)
    _writebuf                                0x08001bd9   Thumb Code   108  stdio.o(.text)
    _fflush                                  0x08001c45   Thumb Code    70  stdio.o(.text)
    _deferredlazyseek                        0x08001c8b   Thumb Code    60  stdio.o(.text)
    __sig_exit                               0x08001ccd   Thumb Code    10  defsig_exit.o(.text)
    __rt_SIGRTRED_inner                      0x08001cd9   Thumb Code    14  defsig_rtred_inner.o(.text)
    __Heap_Initialize                        0x08001d0d   Thumb Code     8  h1_init.o(.text)
    _maybe_terminate_alloc                   0x08001d0d   Thumb Code     0  maybetermalloc1.o(.text)
    __Heap_DescSize                          0x08001d15   Thumb Code     4  h1_init.o(.text)
    __Heap_ProvideMemory                     0x08001d19   Thumb Code    52  h1_extend.o(.text)
    _ftell_internal                          0x08001d4d   Thumb Code    66  ftell.o(.text)
    ftell                                    0x08001d4d   Thumb Code     0  ftell.o(.text)
    __default_signal_display                 0x08001d8f   Thumb Code    50  defsig_general.o(.text)
    __rt_SIGRTMEM                            0x08001dc1   Thumb Code    14  defsig_rtmem_outer.o(.text)
    __aeabi_errno_addr                       0x08001dd1   Thumb Code     8  rt_errno_addr_intlibspace.o(.text)
    __errno$intlibspace                      0x08001dd1   Thumb Code     0  rt_errno_addr_intlibspace.o(.text)
    __rt_errno_addr$intlibspace              0x08001dd1   Thumb Code     0  rt_errno_addr_intlibspace.o(.text)
    __rt_SIGRTMEM_inner                      0x08001dd9   Thumb Code    22  defsig_rtmem_inner.o(.text)
    HardFault_Handler                        0x08001e29   Thumb Code    18  hardfault.o(.text.HardFault_Handler)
    HardFault_HandlerC                       0x08001e3d   Thumb Code   158  hardfault.o(.text.HardFault_HandlerC)
    OS_addTask                               0x08001edd   Thumb Code    60  scheduler.o(.text.OS_addTask)
    OS_constructSchedule                     0x08001f19   Thumb Code    68  scheduler.o(.text.OS_constructSchedule)
    OS_currentTCB                            0x08001f5d   Thumb Code    12  os.o(.text.OS_currentTCB)
    OS_elapsedTicks                          0x08001f69   Thumb Code    12  os.o(.text.OS_elapsedTicks)
    OS_initCommsQueue                        0x08001f75   Thumb Code    14  queue.o(.text.OS_initCommsQueue)
    OS_initialiseTCB                         0x08001f85   Thumb Code   166  scheduler.o(.text.OS_initialiseTCB)
    OS_mutex_aquire                          0x0800202d   Thumb Code    98  mutex.o(.text.OS_mutex_aquire)
    OS_mutex_release                         0x08002091   Thumb Code    58  mutex.o(.text.OS_mutex_release)
    OS_notifyAll                             0x080020cd   Thumb Code    68  scheduler.o(.text.OS_notifyAll)
    OS_semBinary_acquire                     0x08002111   Thumb Code    72  semaphore.o(.text.OS_semBinary_acquire)
    OS_semBinary_release                     0x08002159   Thumb Code    48  semaphore.o(.text.OS_semBinary_release)
    OS_semaphore_release                     0x08002189   Thumb Code    48  semaphore.o(.text.OS_semaphore_release)
    OS_sleep                                 0x080021b9   Thumb Code    86  sleep.o(.text.OS_sleep)
    OS_start                                 0x08002211   Thumb Code    16  os.o(.text.OS_start)
    SysTick_Handler                          0x08002305   Thumb Code    30  os.o(.text.SysTick_Handler)
    SystemCoreClockUpdate                    0x08002325   Thumb Code   302  system_stm32f4xx.o(.text.SystemCoreClockUpdate)
    SystemInit                               0x08002455   Thumb Code     2  system_stm32f4xx.o(.text.SystemInit)
    _OS_enable_systick_delegate              0x08002459   Thumb Code    46  os.o(.text._OS_enable_systick_delegate)
    _OS_schedule                             0x08002489   Thumb Code    90  scheduler.o(.text._OS_schedule)
    _OS_schedule_delegate                    0x080024e5   Thumb Code    16  os.o(.text._OS_schedule_delegate)
    _OS_sleepHeap_delegate                   0x080024f5   Thumb Code   128  scheduler.o(.text._OS_sleepHeap_delegate)
    _OS_taskExit_delegate                    0x08002575   Thumb Code    58  scheduler.o(.text._OS_taskExit_delegate)
    _OS_task_end                             0x080025b1   Thumb Code    10  os.o(.text._OS_task_end)
    _OS_wait_delegate                        0x080025bd   Thumb Code   110  scheduler.o(.text._OS_wait_delegate)
    _OS_yield_delegate                       0x0800262d   Thumb Code    34  os.o(.text._OS_yield_delegate)
    _sys_close                               0x0800270d   Thumb Code    74  retarget_io.o(.text._sys_close)
    _sys_exit                                0x08002759   Thumb Code     8  utils.o(.text._sys_exit)
    _sys_flen                                0x08002761   Thumb Code    72  retarget_io.o(.text._sys_flen)
    _sys_istty                               0x080027a9   Thumb Code    72  retarget_io.o(.text._sys_istty)
    _sys_open                                0x080027f1   Thumb Code   132  retarget_io.o(.text._sys_open)
    _sys_seek                                0x08002875   Thumb Code    82  retarget_io.o(.text._sys_seek)
    _sys_write                               0x080028c9   Thumb Code   118  retarget_io.o(.text._sys_write)
    _ttywrch                                 0x08002941   Thumb Code    16  retarget_io.o(.text._ttywrch)
    configClock                              0x08002999   Thumb Code   188  utils.o(.text.configClock)
    configUSART2                             0x08002a55   Thumb Code   192  utils.o(.text.configUSART2)
    getNotificationCounter                   0x08002b4d   Thumb Code    12  scheduler.o(.text.getNotificationCounter)
    getSleepCounter                          0x08002b59   Thumb Code    12  scheduler.o(.text.getSleepCounter)
    heap_extract                             0x08002c5d   Thumb Code    46  heap.o(.text.heap_extract)
    heap_insert                              0x08002c8d   Thumb Code    42  heap.o(.text.heap_insert)
    heap_isEmpty                             0x08002cb9   Thumb Code    18  heap.o(.text.heap_isEmpty)
    initialiseOSResources                    0x08002d39   Thumb Code    80  tasks.o(.text.initialiseOSResources)
    main                                     0x08002e81   Thumb Code   408  main.o(.text.main)
    poolStaticAlloc                          0x08003019   Thumb Code    78  mempool.o(.text.poolStaticAlloc)
    pool_deallocate                          0x08003069   Thumb Code    52  mempool.o(.text.pool_deallocate)
    pool_init                                0x0800309d   Thumb Code   152  mempool.o(.text.pool_init)
    reportState                              0x08003135   Thumb Code   202  mode_utils.o(.text.reportState)
    sleepTest1                               0x08003235   Thumb Code   136  tasks.o(.text.sleepTest1)
    sleepTest2                               0x080032bd   Thumb Code   138  tasks.o(.text.sleepTest2)
    static_alloc                             0x0800337d   Thumb Code    78  static_alloc.o(.text.static_alloc)
    stdout_putchar                           0x080033cd   Thumb Code    42  utils.o(.text.stdout_putchar)
    ttywrch                                  0x08003425   Thumb Code    16  utils.o(.text.ttywrch)
    _btod_d2e                                0x08003435   Thumb Code    62  btod.o(CL$$btod_d2e)
    _d2e_denorm_low                          0x08003473   Thumb Code    70  btod.o(CL$$btod_d2e_denorm_low)
    _d2e_norm_op1                            0x080034b9   Thumb Code    96  btod.o(CL$$btod_d2e_norm_op1)
    __btod_div_common                        0x08003519   Thumb Code   696  btod.o(CL$$btod_div_common)
    _e2e                                     0x08003851   Thumb Code   220  btod.o(CL$$btod_e2e)
    _btod_ediv                               0x0800392d   Thumb Code    42  btod.o(CL$$btod_ediv)
    _btod_emul                               0x08003957   Thumb Code    42  btod.o(CL$$btod_emul)
    __btod_mult_common                       0x08003981   Thumb Code   580  btod.o(CL$$btod_mult_common)
    SVC_Handler                              0x08003bc5   Thumb Code     0  os_asm.o(OS_func)
    PendSV_Handler                           0x08003bf9   Thumb Code     0  os_asm.o(OS_func)
    _task_switch                             0x08003c03   Thumb Code     0  os_asm.o(OS_func)
    _task_init_switch                        0x08003c29   Thumb Code     0  os_asm.o(OS_func)
    __ARM_fpclassify                         0x08003c55   Thumb Code    40  fpclassify.o(i.__ARM_fpclassify)
    _is_digit                                0x08003c7d   Thumb Code    14  __printf_wp.o(i._is_digit)
    fputc                                    0x08003c8b   Thumb Code    28  fputc.o(i.fputc)
    _get_lc_numeric                          0x08003ca9   Thumb Code    44  lc_numeric_c.o(locale$$code)
    _get_lc_ctype                            0x08003cd5   Thumb Code    44  lc_ctype_c.o(locale$$code)
    getPSR                                   0x08003d01   Thumb Code     0  mode_utils_asm.o(mode_utils)
    getCONTROL                               0x08003d07   Thumb Code     0  mode_utils_asm.o(mode_utils)
    _printf_fp_dec                           0x08003d0d   Thumb Code     4  printf1.o(x$fpl$printf1)
    _printf_fp_hex                           0x08003d11   Thumb Code     4  printf2.o(x$fpl$printf2)
    __I$use$fp                               0x08003d14   Number         0  usenofp.o(x$fpl$usenofp)
    AHBPrescTable                            0x08003e10   Data          16  system_stm32f4xx.o(.rodata.AHBPrescTable)
    _OS_idleTCB_p                            0x08003e20   Data           4  os.o(.rodata._OS_idleTCB_p)
    __stderr_name                            0x08003e24   Data           8  retarget_io.o(.rodata.__stderr_name)
    __stdin_name                             0x08003e2c   Data           7  retarget_io.o(.rodata.__stdin_name)
    __stdout_name                            0x08003e33   Data           8  retarget_io.o(.rodata.__stdout_name)
    Region$$Table$$Base                      0x0800401c   Number         0  anon$$obj.o(Region$$Table)
    Region$$Table$$Limit                     0x0800403c   Number         0  anon$$obj.o(Region$$Table)
    __ctype                                  0x08004065   Data           0  lc_ctype_c.o(locale$$data)
    __aeabi_stdin                            0x20000000   Data           4  stdio_streams.o(.data)
    __aeabi_stdout                           0x20000004   Data           4  stdio_streams.o(.data)
    __aeabi_stderr                           0x20000008   Data           4  stdio_streams.o(.data)
    SystemCoreClock                          0x2000000c   Data           4  system_stm32f4xx.o(.data.SystemCoreClock)
    __stdin                                  0x20000120   Data          84  stdio_streams.o(.bss)
    __stdout                                 0x20000174   Data          84  stdio_streams.o(.bss)
    __stderr                                 0x200001c8   Data          84  stdio_streams.o(.bss)
    __libspace_start                         0x2000021c   Data          96  libspace.o(.bss)
    __temporary_stack_top$libspace           0x2000027c   Data           0  libspace.o(.bss)
    _currentTCB                              0x2000027c   Data           4  os.o(.bss._currentTCB)



==============================================================================

Memory Map of the image

  Image Entry point : 0x08000189

  Load Region LR_IROM1 (Base: 0x08000000, Size: 0x00004288, Max: 0x00100000, ABSOLUTE)

    Execution Region ER_IROM1 (Exec base: 0x08000000, Load base: 0x08000000, Size: 0x00004168, Max: 0x00100000, ABSOLUTE)

    Exec Addr    Load Addr    Size         Type   Attr      Idx    E Section Name        Object

    0x08000000   0x08000000   0x00000188   Data   RO          334    RESET               startup_stm32f407xx.o
    0x08000188   0x08000188   0x00000008   Code   RO          369  * !!!main             c_w.l(__main.o)
    0x08000190   0x08000190   0x0000005c   Code   RO          867    !!!scatter          c_w.l(__scatter.o)
    0x080001ec   0x080001ec   0x0000001a   Code   RO          871    !!handler_copy      c_w.l(__scatter_copy.o)
    0x08000206   0x08000206   0x00000002   PAD
    0x08000208   0x08000208   0x00000002   Code   RO          868    !!handler_null      c_w.l(__scatter.o)
    0x0800020a   0x0800020a   0x00000002   PAD
    0x0800020c   0x0800020c   0x0000001c   Code   RO          873    !!handler_zi        c_w.l(__scatter_zi.o)
    0x08000228   0x08000228   0x00000000   Code   RO          453    .ARM.Collect$$_printf_percent$$00000000  c_w.l(_printf_percent.o)
    0x08000228   0x08000228   0x00000006   Code   RO          442    .ARM.Collect$$_printf_percent$$00000001  c_w.l(_printf_n.o)
    0x0800022e   0x0800022e   0x00000006   Code   RO          444    .ARM.Collect$$_printf_percent$$00000002  c_w.l(_printf_p.o)
    0x08000234   0x08000234   0x00000006   Code   RO          449    .ARM.Collect$$_printf_percent$$00000003  c_w.l(_printf_f.o)
    0x0800023a   0x0800023a   0x00000006   Code   RO          450    .ARM.Collect$$_printf_percent$$00000004  c_w.l(_printf_e.o)
    0x08000240   0x08000240   0x00000006   Code   RO          451    .ARM.Collect$$_printf_percent$$00000005  c_w.l(_printf_g.o)
    0x08000246   0x08000246   0x00000006   Code   RO          452    .ARM.Collect$$_printf_percent$$00000006  c_w.l(_printf_a.o)
    0x0800024c   0x0800024c   0x0000000a   Code   RO          457    .ARM.Collect$$_printf_percent$$00000007  c_w.l(_printf_ll.o)
    0x08000256   0x08000256   0x00000006   Code   RO          446    .ARM.Collect$$_printf_percent$$00000008  c_w.l(_printf_i.o)
    0x0800025c   0x0800025c   0x00000006   Code   RO          447    .ARM.Collect$$_printf_percent$$00000009  c_w.l(_printf_d.o)
    0x08000262   0x08000262   0x00000006   Code   RO          448    .ARM.Collect$$_printf_percent$$0000000A  c_w.l(_printf_u.o)
    0x08000268   0x08000268   0x00000006   Code   RO          445    .ARM.Collect$$_printf_percent$$0000000B  c_w.l(_printf_o.o)
    0x0800026e   0x0800026e   0x00000006   Code   RO          443    .ARM.Collect$$_printf_percent$$0000000C  c_w.l(_printf_x.o)
    0x08000274   0x08000274   0x00000006   Code   RO          454    .ARM.Collect$$_printf_percent$$0000000D  c_w.l(_printf_lli.o)
    0x0800027a   0x0800027a   0x00000006   Code   RO          455    .ARM.Collect$$_printf_percent$$0000000E  c_w.l(_printf_lld.o)
    0x08000280   0x08000280   0x00000006   Code   RO          456    .ARM.Collect$$_printf_percent$$0000000F  c_w.l(_printf_llu.o)
    0x08000286   0x08000286   0x00000006   Code   RO          461    .ARM.Collect$$_printf_percent$$00000010  c_w.l(_printf_llo.o)
    0x0800028c   0x0800028c   0x00000006   Code   RO          462    .ARM.Collect$$_printf_percent$$00000011  c_w.l(_printf_llx.o)
    0x08000292   0x08000292   0x0000000a   Code   RO          458    .ARM.Collect$$_printf_percent$$00000012  c_w.l(_printf_l.o)
    0x0800029c   0x0800029c   0x00000006   Code   RO          440    .ARM.Collect$$_printf_percent$$00000013  c_w.l(_printf_c.o)
    0x080002a2   0x080002a2   0x00000006   Code   RO          441    .ARM.Collect$$_printf_percent$$00000014  c_w.l(_printf_s.o)
    0x080002a8   0x080002a8   0x00000006   Code   RO          459    .ARM.Collect$$_printf_percent$$00000015  c_w.l(_printf_lc.o)
    0x080002ae   0x080002ae   0x00000006   Code   RO          460    .ARM.Collect$$_printf_percent$$00000016  c_w.l(_printf_ls.o)
    0x080002b4   0x080002b4   0x00000004   Code   RO          511    .ARM.Collect$$_printf_percent$$00000017  c_w.l(_printf_percent_end.o)
    0x080002b8   0x080002b8   0x00000002   Code   RO          653    .ARM.Collect$$libinit$$00000000  c_w.l(libinit.o)
    0x080002ba   0x080002ba   0x00000000   Code   RO          655    .ARM.Collect$$libinit$$00000002  c_w.l(libinit2.o)
    0x080002ba   0x080002ba   0x00000000   Code   RO          657    .ARM.Collect$$libinit$$00000004  c_w.l(libinit2.o)
    0x080002ba   0x080002ba   0x00000000   Code   RO          659    .ARM.Collect$$libinit$$00000006  c_w.l(libinit2.o)
    0x080002ba   0x080002ba   0x00000008   Code   RO          660    .ARM.Collect$$libinit$$00000007  c_w.l(libinit2.o)
    0x080002c2   0x080002c2   0x00000000   Code   RO          662    .ARM.Collect$$libinit$$0000000C  c_w.l(libinit2.o)
    0x080002c2   0x080002c2   0x00000000   Code   RO          664    .ARM.Collect$$libinit$$0000000E  c_w.l(libinit2.o)
    0x080002c2   0x080002c2   0x00000000   Code   RO          666    .ARM.Collect$$libinit$$00000010  c_w.l(libinit2.o)
    0x080002c2   0x080002c2   0x00000006   Code   RO          667    .ARM.Collect$$libinit$$00000011  c_w.l(libinit2.o)
    0x080002c8   0x080002c8   0x00000000   Code   RO          669    .ARM.Collect$$libinit$$00000013  c_w.l(libinit2.o)
    0x080002c8   0x080002c8   0x0000000c   Code   RO          670    .ARM.Collect$$libinit$$00000014  c_w.l(libinit2.o)
    0x080002d4   0x080002d4   0x00000000   Code   RO          671    .ARM.Collect$$libinit$$00000015  c_w.l(libinit2.o)
    0x080002d4   0x080002d4   0x00000000   Code   RO          673    .ARM.Collect$$libinit$$00000017  c_w.l(libinit2.o)
    0x080002d4   0x080002d4   0x0000000a   Code   RO          674    .ARM.Collect$$libinit$$00000018  c_w.l(libinit2.o)
    0x080002de   0x080002de   0x00000000   Code   RO          675    .ARM.Collect$$libinit$$00000019  c_w.l(libinit2.o)
    0x080002de   0x080002de   0x00000000   Code   RO          677    .ARM.Collect$$libinit$$0000001B  c_w.l(libinit2.o)
    0x080002de   0x080002de   0x00000000   Code   RO          679    .ARM.Collect$$libinit$$0000001D  c_w.l(libinit2.o)
    0x080002de   0x080002de   0x00000000   Code   RO          681    .ARM.Collect$$libinit$$0000001F  c_w.l(libinit2.o)
    0x080002de   0x080002de   0x00000000   Code   RO          683    .ARM.Collect$$libinit$$00000021  c_w.l(libinit2.o)
    0x080002de   0x080002de   0x00000000   Code   RO          685    .ARM.Collect$$libinit$$00000023  c_w.l(libinit2.o)
    0x080002de   0x080002de   0x00000000   Code   RO          687    .ARM.Collect$$libinit$$00000025  c_w.l(libinit2.o)
    0x080002de   0x080002de   0x00000004   Code   RO          688    .ARM.Collect$$libinit$$00000026  c_w.l(libinit2.o)
    0x080002e2   0x080002e2   0x00000000   Code   RO          689    .ARM.Collect$$libinit$$00000027  c_w.l(libinit2.o)
    0x080002e2   0x080002e2   0x00000000   Code   RO          693    .ARM.Collect$$libinit$$0000002E  c_w.l(libinit2.o)
    0x080002e2   0x080002e2   0x00000000   Code   RO          695    .ARM.Collect$$libinit$$00000030  c_w.l(libinit2.o)
    0x080002e2   0x080002e2   0x00000000   Code   RO          697    .ARM.Collect$$libinit$$00000032  c_w.l(libinit2.o)
    0x080002e2   0x080002e2   0x00000000   Code   RO          699    .ARM.Collect$$libinit$$00000034  c_w.l(libinit2.o)
    0x080002e2   0x080002e2   0x00000002   Code   RO          700    .ARM.Collect$$libinit$$00000035  c_w.l(libinit2.o)
    0x080002e4   0x080002e4   0x00000002   Code   RO          846    .ARM.Collect$$libshutdown$$00000000  c_w.l(libshutdown.o)
    0x080002e6   0x080002e6   0x00000000   Code   RO          702    .ARM.Collect$$libshutdown$$00000002  c_w.l(libshutdown2.o)
    0x080002e6   0x080002e6   0x00000004   Code   RO          703    .ARM.Collect$$libshutdown$$00000003  c_w.l(libshutdown2.o)
    0x080002ea   0x080002ea   0x00000000   Code   RO          704    .ARM.Collect$$libshutdown$$00000004  c_w.l(libshutdown2.o)
    0x080002ea   0x080002ea   0x00000000   Code   RO          707    .ARM.Collect$$libshutdown$$00000007  c_w.l(libshutdown2.o)
    0x080002ea   0x080002ea   0x00000000   Code   RO          710    .ARM.Collect$$libshutdown$$0000000A  c_w.l(libshutdown2.o)
    0x080002ea   0x080002ea   0x00000000   Code   RO          712    .ARM.Collect$$libshutdown$$0000000C  c_w.l(libshutdown2.o)
    0x080002ea   0x080002ea   0x00000000   Code   RO          715    .ARM.Collect$$libshutdown$$0000000F  c_w.l(libshutdown2.o)
    0x080002ea   0x080002ea   0x00000002   Code   RO          716    .ARM.Collect$$libshutdown$$00000010  c_w.l(libshutdown2.o)
    0x080002ec   0x080002ec   0x00000000   Code   RO          373    .ARM.Collect$$rtentry$$00000000  c_w.l(__rtentry.o)
    0x080002ec   0x080002ec   0x00000000   Code   RO          480    .ARM.Collect$$rtentry$$00000002  c_w.l(__rtentry2.o)
    0x080002ec   0x080002ec   0x00000006   Code   RO          492    .ARM.Collect$$rtentry$$00000004  c_w.l(__rtentry4.o)
    0x080002f2   0x080002f2   0x00000000   Code   RO          482    .ARM.Collect$$rtentry$$00000009  c_w.l(__rtentry2.o)
    0x080002f2   0x080002f2   0x00000004   Code   RO          483    .ARM.Collect$$rtentry$$0000000A  c_w.l(__rtentry2.o)
    0x080002f6   0x080002f6   0x00000000   Code   RO          485    .ARM.Collect$$rtentry$$0000000C  c_w.l(__rtentry2.o)
    0x080002f6   0x080002f6   0x00000008   Code   RO          486    .ARM.Collect$$rtentry$$0000000D  c_w.l(__rtentry2.o)
    0x080002fe   0x080002fe   0x00000002   Code   RO          727    .ARM.Collect$$rtexit$$00000000  c_w.l(rtexit.o)
    0x08000300   0x08000300   0x00000000   Code   RO          784    .ARM.Collect$$rtexit$$00000002  c_w.l(rtexit2.o)
    0x08000300   0x08000300   0x00000004   Code   RO          785    .ARM.Collect$$rtexit$$00000003  c_w.l(rtexit2.o)
    0x08000304   0x08000304   0x00000006   Code   RO          786    .ARM.Collect$$rtexit$$00000004  c_w.l(rtexit2.o)
    0x0800030a   0x0800030a   0x00000002   PAD
    0x0800030c   0x0800030c   0x00000040   Code   RO          335    .text               startup_stm32f407xx.o
    0x0800034c   0x0800034c   0x00000002   Code   RO          355    .text               c_w.l(use_no_semi_2.o)
    0x0800034e   0x0800034e   0x00000002   PAD
    0x08000350   0x08000350   0x00000018   Code   RO          357    .text               c_w.l(printf.o)
    0x08000368   0x08000368   0x00000048   Code   RO          359    .text               c_w.l(strcpy.o)
    0x080003b0   0x080003b0   0x0000004e   Code   RO          361    .text               c_w.l(rt_memclr_w.o)
    0x080003fe   0x080003fe   0x00000002   PAD
    0x08000400   0x08000400   0x0000007c   Code   RO          365    .text               c_w.l(strcmpv7em.o)
    0x0800047c   0x0800047c   0x00000006   Code   RO          367    .text               c_w.l(heapauxi.o)
    0x08000482   0x08000482   0x00000002   Code   RO          371    .text               c_w.l(use_no_semi.o)
    0x08000484   0x08000484   0x0000004e   Code   RO          376    .text               c_w.l(_printf_pad.o)
    0x080004d2   0x080004d2   0x00000024   Code   RO          378    .text               c_w.l(_printf_truncate.o)
    0x080004f6   0x080004f6   0x00000052   Code   RO          380    .text               c_w.l(_printf_str.o)
    0x08000548   0x08000548   0x00000078   Code   RO          382    .text               c_w.l(_printf_dec.o)
    0x080005c0   0x080005c0   0x00000028   Code   RO          384    .text               c_w.l(_printf_charcount.o)
    0x080005e8   0x080005e8   0x00000024   Code   RO          386    .text               c_w.l(_printf_char_file.o)
    0x0800060c   0x0800060c   0x000000bc   Code   RO          388    .text               c_w.l(_printf_wctomb.o)
    0x080006c8   0x080006c8   0x0000007c   Code   RO          391    .text               c_w.l(_printf_longlong_dec.o)
    0x08000744   0x08000744   0x00000070   Code   RO          397    .text               c_w.l(_printf_oct_int_ll.o)
    0x080007b4   0x080007b4   0x00000094   Code   RO          417    .text               c_w.l(_printf_hex_int_ll_ptr.o)
    0x08000848   0x08000848   0x00000188   Code   RO          437    .text               c_w.l(__printf_flags_ss_wp.o)
    0x080009d0   0x080009d0   0x0000008a   Code   RO          494    .text               c_w.l(lludiv10.o)
    0x08000a5a   0x08000a5a   0x000000b2   Code   RO          496    .text               c_w.l(_printf_intcommon.o)
    0x08000b0c   0x08000b0c   0x0000041c   Code   RO          498    .text               c_w.l(_printf_fp_dec.o)
    0x08000f28   0x08000f28   0x000002fc   Code   RO          502    .text               c_w.l(_printf_fp_hex.o)
    0x08001224   0x08001224   0x00000030   Code   RO          505    .text               c_w.l(_printf_char_common.o)
    0x08001254   0x08001254   0x0000002c   Code   RO          507    .text               c_w.l(_printf_char.o)
    0x08001280   0x08001280   0x0000002c   Code   RO          509    .text               c_w.l(_printf_wchar.o)
    0x080012ac   0x080012ac   0x00000008   Code   RO          512    .text               c_w.l(ferror.o)
    0x080012b4   0x080012b4   0x00000138   Code   RO          518    .text               c_w.l(initio.o)
    0x080013ec   0x080013ec   0x00000048   Code   RO          526    .text               c_w.l(_c16rtomb.o)
    0x08001434   0x08001434   0x0000004a   Code   RO          530    .text               c_w.l(sys_stackheap_outer.o)
    0x0800147e   0x0800147e   0x00000002   PAD
    0x08001480   0x08001480   0x00000010   Code   RO          532    .text               c_w.l(rt_ctype_table.o)
    0x08001490   0x08001490   0x00000008   Code   RO          537    .text               c_w.l(rt_locale_intlibspace.o)
    0x08001498   0x08001498   0x0000004e   Code   RO          541    .text               c_w.l(h1_free.o)
    0x080014e6   0x080014e6   0x00000002   PAD
    0x080014e8   0x080014e8   0x00000080   Code   RO          595    .text               c_w.l(_printf_fp_infnan.o)
    0x08001568   0x08001568   0x000000e4   Code   RO          599    .text               c_w.l(bigflt0.o)
    0x0800164c   0x0800164c   0x000001e2   Code   RO          626    .text               c_w.l(flsbuf.o)
    0x0800182e   0x0800182e   0x00000046   Code   RO          628    .text               c_w.l(setvbuf.o)
    0x08001874   0x08001874   0x000000f0   Code   RO          631    .text               c_w.l(fopen.o)
    0x08001964   0x08001964   0x0000004c   Code   RO          633    .text               c_w.l(fclose.o)
    0x080019b0   0x080019b0   0x00000012   Code   RO          642    .text               c_w.l(exit.o)
    0x080019c2   0x080019c2   0x0000000e   Code   RO          644    .text               c_w.l(defsig_rtred_outer.o)
    0x080019d0   0x080019d0   0x00000008   Code   RO          724    .text               c_w.l(libspace.o)
    0x080019d8   0x080019d8   0x00000008   Code   RO          734    .text               c_w.l(rt_heap_descriptor_intlibspace.o)
    0x080019e0   0x080019e0   0x00000004   Code   RO          736    .text               c_w.l(hguard.o)
    0x080019e4   0x080019e4   0x0000008a   Code   RO          738    .text               c_w.l(init_alloc.o)
    0x08001a6e   0x08001a6e   0x0000005e   Code   RO          744    .text               c_w.l(h1_alloc.o)
    0x08001acc   0x08001acc   0x000000f8   Code   RO          760    .text               c_w.l(fseek.o)
    0x08001bc4   0x08001bc4   0x00000108   Code   RO          762    .text               c_w.l(stdio.o)
    0x08001ccc   0x08001ccc   0x0000000a   Code   RO          771    .text               c_w.l(defsig_exit.o)
    0x08001cd6   0x08001cd6   0x00000002   PAD
    0x08001cd8   0x08001cd8   0x00000034   Code   RO          773    .text               c_w.l(defsig_rtred_inner.o)
    0x08001d0c   0x08001d0c   0x00000000   Code   RO          790    .text               c_w.l(maybetermalloc1.o)
    0x08001d0c   0x08001d0c   0x0000000c   Code   RO          792    .text               c_w.l(h1_init.o)
    0x08001d18   0x08001d18   0x00000034   Code   RO          794    .text               c_w.l(h1_extend.o)
    0x08001d4c   0x08001d4c   0x00000042   Code   RO          806    .text               c_w.l(ftell.o)
    0x08001d8e   0x08001d8e   0x00000032   Code   RO          814    .text               c_w.l(defsig_general.o)
    0x08001dc0   0x08001dc0   0x0000000e   Code   RO          816    .text               c_w.l(defsig_rtmem_outer.o)
    0x08001dce   0x08001dce   0x00000002   PAD
    0x08001dd0   0x08001dd0   0x00000008   Code   RO          834    .text               c_w.l(rt_errno_addr_intlibspace.o)
    0x08001dd8   0x08001dd8   0x00000050   Code   RO          840    .text               c_w.l(defsig_rtmem_inner.o)
    0x08001e28   0x08001e28   0x00000012   Code   RO          276    .text.HardFault_Handler  hardfault.o
    0x08001e3a   0x08001e3a   0x00000002   PAD
    0x08001e3c   0x08001e3c   0x0000009e   Code   RO          274    .text.HardFault_HandlerC  hardfault.o
    0x08001eda   0x08001eda   0x00000002   PAD
    0x08001edc   0x08001edc   0x0000003c   Code   RO           96    .text.OS_addTask    scheduler.o
    0x08001f18   0x08001f18   0x00000044   Code   RO           94    .text.OS_constructSchedule  scheduler.o
    0x08001f5c   0x08001f5c   0x0000000c   Code   RO          134    .text.OS_currentTCB  os.o
    0x08001f68   0x08001f68   0x0000000c   Code   RO          136    .text.OS_elapsedTicks  os.o
    0x08001f74   0x08001f74   0x0000000e   Code   RO          239    .text.OS_initCommsQueue  queue.o
    0x08001f82   0x08001f82   0x00000002   PAD
    0x08001f84   0x08001f84   0x000000a6   Code   RO           92    .text.OS_initialiseTCB  scheduler.o
    0x0800202a   0x0800202a   0x00000002   PAD
    0x0800202c   0x0800202c   0x00000062   Code   RO           45    .text.OS_mutex_aquire  mutex.o
    0x0800208e   0x0800208e   0x00000002   PAD
    0x08002090   0x08002090   0x0000003a   Code   RO           51    .text.OS_mutex_release  mutex.o
    0x080020ca   0x080020ca   0x00000002   PAD
    0x080020cc   0x080020cc   0x00000044   Code   RO          110    .text.OS_notifyAll  scheduler.o
    0x08002110   0x08002110   0x00000048   Code   RO          188    .text.OS_semBinary_acquire  semaphore.o
    0x08002158   0x08002158   0x00000030   Code   RO          190    .text.OS_semBinary_release  semaphore.o
    0x08002188   0x08002188   0x00000030   Code   RO          186    .text.OS_semaphore_release  semaphore.o
    0x080021b8   0x080021b8   0x00000056   Code   RO          171    .text.OS_sleep      sleep.o
    0x0800220e   0x0800220e   0x00000002   PAD
    0x08002210   0x08002210   0x00000010   Code   RO          144    .text.OS_start      os.o
    0x08002220   0x08002220   0x0000008e   Code   RO           86    .text.OS_wake       scheduler.o
    0x080022ae   0x080022ae   0x00000002   PAD
    0x080022b0   0x080022b0   0x00000052   Code   RO          152    .text.SysTick_Config  os.o
    0x08002302   0x08002302   0x00000002   PAD
    0x08002304   0x08002304   0x0000001e   Code   RO          138    .text.SysTick_Handler  os.o
    0x08002322   0x08002322   0x00000002   PAD
    0x08002324   0x08002324   0x0000012e   Code   RO          342    .text.SystemCoreClockUpdate  system_stm32f4xx.o
    0x08002452   0x08002452   0x00000002   PAD
    0x08002454   0x08002454   0x00000002   Code   RO          340    .text.SystemInit    system_stm32f4xx.o
    0x08002456   0x08002456   0x00000002   PAD
    0x08002458   0x08002458   0x0000002e   Code   RO          150    .text._OS_enable_systick_delegate  os.o
    0x08002486   0x08002486   0x00000002   PAD
    0x08002488   0x08002488   0x0000005a   Code   RO           84    .text._OS_schedule  scheduler.o
    0x080024e2   0x080024e2   0x00000002   PAD
    0x080024e4   0x080024e4   0x00000010   Code   RO          142    .text._OS_schedule_delegate  os.o
    0x080024f4   0x080024f4   0x00000080   Code   RO          108    .text._OS_sleepHeap_delegate  scheduler.o
    0x08002574   0x08002574   0x0000003a   Code   RO          100    .text._OS_taskExit_delegate  scheduler.o
    0x080025ae   0x080025ae   0x00000002   PAD
    0x080025b0   0x080025b0   0x0000000a   Code   RO          146    .text._OS_task_end  os.o
    0x080025ba   0x080025ba   0x00000002   PAD
    0x080025bc   0x080025bc   0x0000006e   Code   RO          104    .text._OS_wait_delegate  scheduler.o
    0x0800262a   0x0800262a   0x00000002   PAD
    0x0800262c   0x0800262c   0x00000022   Code   RO          140    .text._OS_yield_delegate  os.o
    0x0800264e   0x0800264e   0x00000002   PAD
    0x08002650   0x08002650   0x00000042   Code   RO          154    .text.__NVIC_SetPriority  os.o
    0x08002692   0x08002692   0x00000002   PAD
    0x08002694   0x08002694   0x00000016   Code   RO          148    .text._svc_0        os.o
    0x080026aa   0x080026aa   0x00000002   PAD
    0x080026ac   0x080026ac   0x0000001e   Code   RO           47    .text._svc_1        mutex.o
    0x080026ca   0x080026ca   0x00000002   PAD
    0x080026cc   0x080026cc   0x0000001e   Code   RO          173    .text._svc_1        sleep.o
    0x080026ea   0x080026ea   0x00000002   PAD
    0x080026ec   0x080026ec   0x0000001e   Code   RO          184    .text._svc_1        semaphore.o
    0x0800270a   0x0800270a   0x00000002   PAD
    0x0800270c   0x0800270c   0x0000004a   Code   RO          308    .text._sys_close    retarget_io.o
    0x08002756   0x08002756   0x00000002   PAD
    0x08002758   0x08002758   0x00000008   Code   RO          285    .text._sys_exit     utils.o
    0x08002760   0x08002760   0x00000048   Code   RO          320    .text._sys_flen     retarget_io.o
    0x080027a8   0x080027a8   0x00000048   Code   RO          316    .text._sys_istty    retarget_io.o
    0x080027f0   0x080027f0   0x00000084   Code   RO          306    .text._sys_open     retarget_io.o
    0x08002874   0x08002874   0x00000052   Code   RO          318    .text._sys_seek     retarget_io.o
    0x080028c6   0x080028c6   0x00000002   PAD
    0x080028c8   0x080028c8   0x00000076   Code   RO          310    .text._sys_write    retarget_io.o
    0x0800293e   0x0800293e   0x00000002   PAD
    0x08002940   0x08002940   0x00000010   Code   RO          314    .text._ttywrch      retarget_io.o
    0x08002950   0x08002950   0x00000048   Code   RO          118    .text.comparator    scheduler.o
    0x08002998   0x08002998   0x000000bc   Code   RO          293    .text.configClock   utils.o
    0x08002a54   0x08002a54   0x000000c0   Code   RO          295    .text.configUSART2  utils.o
    0x08002b14   0x08002b14   0x00000038   Code   RO          211    .text.find_children  heap.o
    0x08002b4c   0x08002b4c   0x0000000c   Code   RO          114    .text.getNotificationCounter  scheduler.o
    0x08002b58   0x08002b58   0x0000000c   Code   RO          116    .text.getSleepCounter  scheduler.o
    0x08002b64   0x08002b64   0x000000f6   Code   RO          205    .text.heap_down     heap.o
    0x08002c5a   0x08002c5a   0x00000002   PAD
    0x08002c5c   0x08002c5c   0x0000002e   Code   RO          203    .text.heap_extract  heap.o
    0x08002c8a   0x08002c8a   0x00000002   PAD
    0x08002c8c   0x08002c8c   0x0000002a   Code   RO          199    .text.heap_insert   heap.o
    0x08002cb6   0x08002cb6   0x00000002   PAD
    0x08002cb8   0x08002cb8   0x00000012   Code   RO          207    .text.heap_isEmpty  heap.o
    0x08002cca   0x08002cca   0x00000002   PAD
    0x08002ccc   0x08002ccc   0x0000006a   Code   RO          201    .text.heap_up       heap.o
    0x08002d36   0x08002d36   0x00000002   PAD
    0x08002d38   0x08002d38   0x00000050   Code   RO           60    .text.initialiseOSResources  tasks.o
    0x08002d88   0x08002d88   0x00000044   Code   RO           98    .text.list_add      scheduler.o
    0x08002dcc   0x08002dcc   0x0000003c   Code   RO          112    .text.list_pop_sl   scheduler.o
    0x08002e08   0x08002e08   0x0000002a   Code   RO          106    .text.list_push_sl  scheduler.o
    0x08002e32   0x08002e32   0x00000002   PAD
    0x08002e34   0x08002e34   0x0000004a   Code   RO          102    .text.list_remove   scheduler.o
    0x08002e7e   0x08002e7e   0x00000002   PAD
    0x08002e80   0x08002e80   0x00000198   Code   RO           11    .text.main          main.o
    0x08003018   0x08003018   0x0000004e   Code   RO          220    .text.poolStaticAlloc  mempool.o
    0x08003066   0x08003066   0x00000002   PAD
    0x08003068   0x08003068   0x00000034   Code   RO          224    .text.pool_deallocate  mempool.o
    0x0800309c   0x0800309c   0x00000098   Code   RO          226    .text.pool_init     mempool.o
    0x08003134   0x08003134   0x000000ca   Code   RO            2    .text.reportState   mode_utils.o
    0x080031fe   0x080031fe   0x00000002   PAD
    0x08003200   0x08003200   0x00000034   Code   RO           90    .text.roundRobin    scheduler.o
    0x08003234   0x08003234   0x00000088   Code   RO           68    .text.sleepTest1    tasks.o
    0x080032bc   0x080032bc   0x0000008a   Code   RO           70    .text.sleepTest2    tasks.o
    0x08003346   0x08003346   0x00000002   PAD
    0x08003348   0x08003348   0x00000032   Code   RO           88    .text.sortPending   scheduler.o
    0x0800337a   0x0800337a   0x00000002   PAD
    0x0800337c   0x0800337c   0x0000004e   Code   RO          263    .text.static_alloc  static_alloc.o
    0x080033ca   0x080033ca   0x00000002   PAD
    0x080033cc   0x080033cc   0x0000002a   Code   RO          291    .text.stdout_putchar  utils.o
    0x080033f6   0x080033f6   0x00000002   PAD
    0x080033f8   0x080033f8   0x0000002a   Code   RO          209    .text.swap_elements  heap.o
    0x08003422   0x08003422   0x00000002   PAD
    0x08003424   0x08003424   0x00000010   Code   RO          289    .text.ttywrch       utils.o
    0x08003434   0x08003434   0x0000003e   Code   RO          602    CL$$btod_d2e        c_w.l(btod.o)
    0x08003472   0x08003472   0x00000046   Code   RO          604    CL$$btod_d2e_denorm_low  c_w.l(btod.o)
    0x080034b8   0x080034b8   0x00000060   Code   RO          603    CL$$btod_d2e_norm_op1  c_w.l(btod.o)
    0x08003518   0x08003518   0x00000338   Code   RO          612    CL$$btod_div_common  c_w.l(btod.o)
    0x08003850   0x08003850   0x000000dc   Code   RO          609    CL$$btod_e2e        c_w.l(btod.o)
    0x0800392c   0x0800392c   0x0000002a   Code   RO          606    CL$$btod_ediv       c_w.l(btod.o)
    0x08003956   0x08003956   0x0000002a   Code   RO          605    CL$$btod_emul       c_w.l(btod.o)
    0x08003980   0x08003980   0x00000244   Code   RO          611    CL$$btod_mult_common  c_w.l(btod.o)
    0x08003bc4   0x08003bc4   0x00000090   Code   RO          167    OS_func             os_asm.o
    0x08003c54   0x08003c54   0x00000028   Code   RO          722    i.__ARM_fpclassify  m_ws.l(fpclassify.o)
    0x08003c7c   0x08003c7c   0x0000000e   Code   RO          430    i._is_digit         c_w.l(__printf_wp.o)
    0x08003c8a   0x08003c8a   0x0000001c   Code   RO          515    i.fputc             c_w.l(fputc.o)
    0x08003ca6   0x08003ca6   0x00000002   PAD
    0x08003ca8   0x08003ca8   0x0000002c   Code   RO          640    locale$$code        c_w.l(lc_numeric_c.o)
    0x08003cd4   0x08003cd4   0x0000002c   Code   RO          769    locale$$code        c_w.l(lc_ctype_c.o)
    0x08003d00   0x08003d00   0x0000000c   Code   RO           39    mode_utils          mode_utils_asm.o
    0x08003d0c   0x08003d0c   0x00000004   Code   RO          471    x$fpl$printf1       fz_ws.l(printf1.o)
    0x08003d10   0x08003d10   0x00000004   Code   RO          473    x$fpl$printf2       fz_ws.l(printf2.o)
    0x08003d14   0x08003d14   0x00000000   Code   RO          721    x$fpl$usenofp       fz_ws.l(usenofp.o)
    0x08003d14   0x08003d14   0x00000008   Data   RO          389    .constdata          c_w.l(_printf_wctomb.o)
    0x08003d1c   0x08003d1c   0x00000028   Data   RO          418    .constdata          c_w.l(_printf_hex_int_ll_ptr.o)
    0x08003d44   0x08003d44   0x00000011   Data   RO          438    .constdata          c_w.l(__printf_flags_ss_wp.o)
    0x08003d55   0x08003d55   0x00000026   Data   RO          503    .constdata          c_w.l(_printf_fp_hex.o)
    0x08003d7b   0x08003d7b   0x00000001   PAD
    0x08003d7c   0x08003d7c   0x00000094   Data   RO          600    .constdata          c_w.l(bigflt0.o)
    0x08003e10   0x08003e10   0x00000010   Data   RO          345    .rodata.AHBPrescTable  system_stm32f4xx.o
    0x08003e20   0x08003e20   0x00000004   Data   RO          157    .rodata._OS_idleTCB_p  os.o
    0x08003e24   0x08003e24   0x00000008   Data   RO          324    .rodata.__stderr_name  retarget_io.o
    0x08003e2c   0x08003e2c   0x00000007   Data   RO          322    .rodata.__stdin_name  retarget_io.o
    0x08003e33   0x08003e33   0x00000008   Data   RO          323    .rodata.__stdout_name  retarget_io.o
    0x08003e3b   0x08003e3b   0x0000003e   Data   RO            4    .rodata.str1.1      mode_utils.o
    0x08003e79   0x08003e79   0x00000189   Data   RO           73    .rodata.str1.1      tasks.o
    0x08004002   0x08004002   0x00000017   Data   RO          325    .rodata.str1.1      retarget_io.o
    0x08004019   0x08004019   0x00000003   PAD
    0x0800401c   0x0800401c   0x00000020   Data   RO          866    Region$$Table       anon$$obj.o
    0x0800403c   0x0800403c   0x0000001c   Data   RO          639    locale$$data        c_w.l(lc_numeric_c.o)
    0x08004058   0x08004058   0x00000110   Data   RO          768    locale$$data        c_w.l(lc_ctype_c.o)


    Execution Region RW_IRAM1 (Exec base: 0x20000000, Load base: 0x08004168, Size: 0x00009e38, Max: 0x00020000, ABSOLUTE)

    Exec Addr    Load Addr    Size         Type   Attr      Idx    E Section Name        Object

    0x20000000   0x08004168   0x00000004   Data   RW          466    .data               c_w.l(stdio_streams.o)
    0x20000004   0x0800416c   0x00000004   Data   RW          467    .data               c_w.l(stdio_streams.o)
    0x20000008   0x08004170   0x00000004   Data   RW          468    .data               c_w.l(stdio_streams.o)
    0x2000000c   0x08004174   0x00000004   Data   RW          344    .data.SystemCoreClock  system_stm32f4xx.o
    0x20000010   0x08004178   0x00000018   Data   RW          156    .data._OS_idleTCB   os.o
    0x20000028   0x08004190   0x00000004   Data   RW          229    .data.alignmentMask  mempool.o
    0x2000002c   0x08004194   0x00000004   Data   RW          266    .data.bitmask       static_alloc.o
    0x20000030   0x08004198   0x00000040   Data   RW          298    .data.configUSART2.hpre  utils.o
    0x20000070   0x080041d8   0x00000020   Data   RW          297    .data.configUSART2.ppre1  utils.o
    0x20000090   0x080041f8   0x00000018   Data   RW           23    .data.main.TCB1     main.o
    0x200000a8   0x08004210   0x00000018   Data   RW           25    .data.main.TCB3     main.o
    0x200000c0   0x08004228   0x00000018   Data   RW           27    .data.main.TCB5     main.o
    0x200000d8   0x08004240   0x00000018   Data   RW           29    .data.main.TCB7     main.o
    0x200000f0   0x08004258   0x00000018   Data   RW           31    .data.main.TCB9     main.o
    0x20000108   0x08004270   0x00000004   Data   RW          228    .data.pool_index    mempool.o
    0x2000010c   0x08004274   0x00000004   Data   RW          265    .data.pool_index    static_alloc.o
    0x20000110   0x08004278   0x00000010   Data   RW          124    .data.sleepHeap     scheduler.o
    0x20000120        -       0x00000054   Zero   RW          463    .bss                c_w.l(stdio_streams.o)
    0x20000174        -       0x00000054   Zero   RW          464    .bss                c_w.l(stdio_streams.o)
    0x200001c8        -       0x00000054   Zero   RW          465    .bss                c_w.l(stdio_streams.o)
    0x2000021c        -       0x00000060   Zero   RW          725    .bss                c_w.l(libspace.o)
    0x2000027c        -       0x00000004   Zero   RW          158    .bss._currentTCB    os.o
    0x20000280        -       0x00000040   Zero   RW          160    .bss._idleTaskSF    os.o
    0x200002c0        -       0x00000004   Zero   RW          159    .bss._ticks         os.o
    0x200002c4        -       0x0000005c   Zero   RW          253    .bss.commsQueue     queue.o
    0x20000320        -       0x00000018   Zero   RW           32    .bss.main.TCB10     main.o
    0x20000338        -       0x00000018   Zero   RW           24    .bss.main.TCB2      main.o
    0x20000350        -       0x00000018   Zero   RW           26    .bss.main.TCB4      main.o
    0x20000368        -       0x00000018   Zero   RW           28    .bss.main.TCB6      main.o
    0x20000380        -       0x00000018   Zero   RW           30    .bss.main.TCB8      main.o
    0x20000398        -       0x00000200   Zero   RW           13    .bss.main.stack1    main.o
    0x20000598        -       0x00000200   Zero   RW           22    .bss.main.stack10   main.o
    0x20000798        -       0x00000200   Zero   RW           14    .bss.main.stack2    main.o
    0x20000998        -       0x00000200   Zero   RW           15    .bss.main.stack3    main.o
    0x20000b98        -       0x00000200   Zero   RW           16    .bss.main.stack4    main.o
    0x20000d98        -       0x00000200   Zero   RW           17    .bss.main.stack5    main.o
    0x20000f98        -       0x00000200   Zero   RW           18    .bss.main.stack6    main.o
    0x20001198        -       0x00000200   Zero   RW           19    .bss.main.stack7    main.o
    0x20001398        -       0x00000200   Zero   RW           20    .bss.main.stack8    main.o
    0x20001598        -       0x00000200   Zero   RW           21    .bss.main.stack9    main.o
    0x20001798        -       0x00000008   Zero   RW           74    .bss.mutex_p0       tasks.o
    0x200017a0        -       0x00000008   Zero   RW           76    .bss.mutex_p1       tasks.o
    0x200017a8        -       0x00000004   Zero   RW          121    .bss.notification_counter  scheduler.o
    0x200017ac        -       0x00000008   Zero   RW          125    .bss.pending_list   scheduler.o
    0x200017b4        -       0x00000008   Zero   RW           72    .bss.pool           tasks.o
    0x200017bc        -       0x00000004   Zero   RW          231    .bss.pool_init.blocksFree  mempool.o
    0x200017c0        -       0x00000014   Zero   RW          120    .bss.schedule       scheduler.o
    0x200017d4        -       0x00000004   Zero   RW           75    .bss.sleepID        tasks.o
    0x200017d8        -       0x00000004   Zero   RW          123    .bss.sleep_counter  scheduler.o
    0x200017dc   0x08004288   0x00000004   PAD
    0x200017e0        -       0x00004000   Zero   RW          230    .bss.static_pool    mempool.o
    0x200057e0        -       0x00004000   Zero   RW          267    .bss.static_pool    static_alloc.o
    0x200097e0        -       0x00000050   Zero   RW          126    .bss.store          scheduler.o
    0x20009830        -       0x00000008   Zero   RW          122    .bss.wait_list      scheduler.o
    0x20009838        -       0x00000200   Zero   RW          333    HEAP                startup_stm32f407xx.o
    0x20009a38        -       0x00000400   Zero   RW          332    STACK               startup_stm32f407xx.o


==============================================================================

Image component sizes


      Code (inc. data)   RO Data    RW Data    ZI Data      Debug   Object Name

       176          0          0          0          0       1251   hardfault.o
       556          0          0          0          0       2900   heap.o
       408          0          0        120       5240       1437   main.o
       282          0          0          8      16388       2234   mempool.o
       202          0         62          0          0       1184   mode_utils.o
        12          0          0          0          0        340   mode_utils_asm.o
       186          0          0          0          0       2088   mutex.o
       346          0          4         24         72       6075   os.o
       144         34          0          0          0        352   os_asm.o
        14          0          0          0         92       2786   queue.o
       566          0         46          0          0       2707   retarget_io.o
      1332          0          0         16        124       6596   scheduler.o
       198          0          0          0          0       2101   semaphore.o
       116          0          0          0          0       1490   sleep.o
        64         26        392          0       1536        888   startup_stm32f407xx.o
        78          0          0          8      16384        987   static_alloc.o
       304          0         16          4          0       2191   system_stm32f4xx.o
       354          0        393          0         28       3415   tasks.o
       446          0          0         96          0       3057   utils.o

    ----------------------------------------------------------------------
      5864         60        948        276      39868      44079   Object Totals
         0          0         32          0          0          0   (incl. Generated)
        80          0          3          0          4          0   (incl. Padding)

    ----------------------------------------------------------------------

      Code (inc. data)   RO Data    RW Data    ZI Data      Debug   Library Member Name

         8          0          0          0          0         68   __main.o
       392          4         17          0          0         92   __printf_flags_ss_wp.o
        14          0          0          0          0         68   __printf_wp.o
         0          0          0          0          0          0   __rtentry.o
        12          0          0          0          0          0   __rtentry2.o
         6          0          0          0          0          0   __rtentry4.o
        94          8          0          0          0          0   __scatter.o
        26          0          0          0          0          0   __scatter_copy.o
        28          0          0          0          0          0   __scatter_zi.o
        72          0          0          0          0         96   _c16rtomb.o
         6          0          0          0          0          0   _printf_a.o
         6          0          0          0          0          0   _printf_c.o
        44          0          0          0          0        108   _printf_char.o
        48          6          0          0          0         96   _printf_char_common.o
        36          4          0          0          0         80   _printf_char_file.o
        40          0          0          0          0         68   _printf_charcount.o
         6          0          0          0          0          0   _printf_d.o
       120         16          0          0          0         92   _printf_dec.o
         6          0          0          0          0          0   _printf_e.o
         6          0          0          0          0          0   _printf_f.o
      1052          0          0          0          0        148   _printf_fp_dec.o
       764          8         38          0          0        100   _printf_fp_hex.o
       128         16          0          0          0         84   _printf_fp_infnan.o
         6          0          0          0          0          0   _printf_g.o
       148          4         40          0          0        160   _printf_hex_int_ll_ptr.o
         6          0          0          0          0          0   _printf_i.o
       178          0          0          0          0         88   _printf_intcommon.o
        10          0          0          0          0          0   _printf_l.o
         6          0          0          0          0          0   _printf_lc.o
        10          0          0          0          0          0   _printf_ll.o
         6          0          0          0          0          0   _printf_lld.o
         6          0          0          0          0          0   _printf_lli.o
         6          0          0          0          0          0   _printf_llo.o
         6          0          0          0          0          0   _printf_llu.o
         6          0          0          0          0          0   _printf_llx.o
       124         16          0          0          0         92   _printf_longlong_dec.o
         6          0          0          0          0          0   _printf_ls.o
         6          0          0          0          0          0   _printf_n.o
         6          0          0          0          0          0   _printf_o.o
       112          8          0          0          0        124   _printf_oct_int_ll.o
         6          0          0          0          0          0   _printf_p.o
        78          0          0          0          0        108   _printf_pad.o
         0          0          0          0          0          0   _printf_percent.o
         4          0          0          0          0          0   _printf_percent_end.o
         6          0          0          0          0          0   _printf_s.o
        82          0          0          0          0         80   _printf_str.o
        36          0          0          0          0         84   _printf_truncate.o
         6          0          0          0          0          0   _printf_u.o
        44          0          0          0          0        108   _printf_wchar.o
       188          6          8          0          0         92   _printf_wctomb.o
         6          0          0          0          0          0   _printf_x.o
       228          4        148          0          0         96   bigflt0.o
      1936        128          0          0          0        668   btod.o
        10          0          0          0          0         68   defsig_exit.o
        50          0          0          0          0         88   defsig_general.o
        80         58          0          0          0         76   defsig_rtmem_inner.o
        14          0          0          0          0         80   defsig_rtmem_outer.o
        52         38          0          0          0         76   defsig_rtred_inner.o
        14          0          0          0          0         80   defsig_rtred_outer.o
        18          0          0          0          0         80   exit.o
        76          0          0          0          0         88   fclose.o
         8          0          0          0          0         68   ferror.o
       482          0          0          0          0         92   flsbuf.o
       240          6          0          0          0        128   fopen.o
        28          0          0          0          0         68   fputc.o
       248          6          0          0          0         84   fseek.o
        66          0          0          0          0         76   ftell.o
        94          0          0          0          0         80   h1_alloc.o
        52          0          0          0          0         68   h1_extend.o
        78          0          0          0          0         80   h1_free.o
        12          0          0          0          0         84   h1_init.o
         6          0          0          0          0        152   heapauxi.o
         4          0          0          0          0        136   hguard.o
       138          0          0          0          0        168   init_alloc.o
       312         46          0          0          0        112   initio.o
        44         10        272          0          0         76   lc_ctype_c.o
        44         10         28          0          0         76   lc_numeric_c.o
         2          0          0          0          0          0   libinit.o
        42          0          0          0          0          0   libinit2.o
         2          0          0          0          0          0   libshutdown.o
         6          0          0          0          0          0   libshutdown2.o
         8          4          0          0         96         68   libspace.o
       138          0          0          0          0         80   lludiv10.o
         0          0          0          0          0          0   maybetermalloc1.o
        24          4          0          0          0         84   printf.o
        16          4          0          0          0         76   rt_ctype_table.o
         8          4          0          0          0         68   rt_errno_addr_intlibspace.o
         8          4          0          0          0         68   rt_heap_descriptor_intlibspace.o
         8          4          0          0          0         68   rt_locale_intlibspace.o
        78          0          0          0          0         80   rt_memclr_w.o
         2          0          0          0          0          0   rtexit.o
        10          0          0          0          0          0   rtexit2.o
        70          0          0          0          0         80   setvbuf.o
       264          6          0          0          0        160   stdio.o
         0          0          0         12        252          0   stdio_streams.o
       124          0          0          0          0         88   strcmpv7em.o
        72          0          0          0          0         80   strcpy.o
        74          0          0          0          0         80   sys_stackheap_outer.o
         2          0          0          0          0         68   use_no_semi.o
         2          0          0          0          0         68   use_no_semi_2.o
         4          0          0          0          0         68   printf1.o
         4          0          0          0          0         68   printf2.o
         0          0          0          0          0          0   usenofp.o
        40          0          0          0          0         68   fpclassify.o

    ----------------------------------------------------------------------
      9380        432        552         12        348       6404   Library Totals
        20          0          1          0          0          0   (incl. Padding)

    ----------------------------------------------------------------------

      Code (inc. data)   RO Data    RW Data    ZI Data      Debug   Library Name

      9312        432        551         12        348       6200   c_w.l
         8          0          0          0          0        136   fz_ws.l
        40          0          0          0          0         68   m_ws.l

    ----------------------------------------------------------------------
      9380        432        552         12        348       6404   Library Totals

    ----------------------------------------------------------------------

==============================================================================


      Code (inc. data)   RO Data    RW Data    ZI Data      Debug   

     15244        492       1500        288      40216      46711   Grand Totals
     15244        492       1500        288      40216      46711   ELF Image Totals
     15244        492       1500        288          0          0   ROM Totals

==============================================================================

    Total RO  Size (Code + RO Data)                16744 (  16.35kB)
    Total RW  Size (RW Data + ZI Data)             40504 (  39.55kB)
    Total ROM Size (Code + RO Data + RW Data)      17032 (  16.63kB)

==============================================================================

